
   OpenMP run-time library returned nthreads = 60
 operating system is UNIX !

 dscf (vap-workplace) : TURBOMOLE rev. V7-6 19 Oct 2021 at 10:10:11 compiled Oct 19th 2021
 Copyright (C) 2021 TURBOMOLE GmbH, Karlsruhe


    2023-11-09 12:15:05.256 



                             d s c f - program

                   idea & directorship : reinhart ahlrichs
                   program development : marco haeser
                                         michael baer
                           dft version : oliver treutler


                          quantum chemistry group
                          universitaet  karlsruhe
                                  germany



   *-----------------------------------------------------------------------*
   |                     program will use 60 thread(s)                     |
   *-----------------------------------------------------------------------*


              +--------------------------------------------------+
              | Atomic coordinate, charge and isotop information |
              +--------------------------------------------------+

                    atomic coordinates            atom    charge  isotop
          1.83902751    7.45117313    4.05648187    o      8.000     0
         -2.32826844    3.26407358   -0.99991358    n      7.000     0
          4.19779283    3.24967233    1.67308640    n      7.000     0
          1.21951002    0.89246524   -2.10131689    n      7.000     0
         -1.90190791    6.55169390    1.97848424    n      7.000     0
         -5.74796651    5.92018746   -0.12027907    n      7.000     0
          0.18498082    2.74477934   -0.58944809    c      6.000     0
          1.67149807    3.97967729    1.18071202    c      6.000     0
         -3.27164515    5.15559181    0.29419308    c      6.000     0
          0.67349963    6.08406046    2.55204636    c      6.000     0
          5.39849400    1.88926514   -0.42348974    c      6.000     0
          3.60533329   -0.21211665   -1.27318295    c      6.000     0
          7.87207117    0.80144414    0.59133887    c      6.000     0
         -2.64038141    8.13781878    2.77560501    h      1.000     0
          3.36376802   -1.55051072    0.30033531    h      1.000     0
         -6.73240215    6.36570937    1.46420031    h      1.000     0
         -6.67112175    4.64925887   -1.22088818    h      1.000     0
          8.80122502   -0.36807536   -0.84768086    h      1.000     0
          9.15788954    2.38280065    1.05692664    h      1.000     0
          7.43568423   -0.75812545    2.71929101    o      8.000     0
          6.24251622    0.18602024    3.75319439    h      1.000     0
          5.20025624    4.80882555    2.22315131    h      1.000     0
         -0.08346279   -0.28477469   -2.87603609    h      1.000     0
          4.45886319   -1.21872308   -2.87544329    h      1.000     0
          5.78457593    3.12724269   -2.06254170    h      1.000     0
 
       center of nuclear mass  :    1.54866746    3.33419306    0.73098287
       center of nuclear charge:    1.59575895    3.28445029    0.70096587

   *************************************************************************
   job_SP_15                                                                
   *************************************************************************



              +--------------------------------------------------+
              |               basis set information              |
              +--------------------------------------------------+

              we will work with the 1s 3p 5d 7f 9g ... basis set
              ...i.e. with spherical basis functions...

   type   atoms  prim   cont   basis
   ---------------------------------------------------------------------------
    o        2     46     31   def2-TZVP   [5s3p2d1f|11s6p2d1f]
    n        5     24     14   def2-SVP   [3s2p1d|7s4p1d]
    h       11      8      6   def2-TZVP   [3s1p|5s1p]
    c        7     46     31   def2-TZVP   [5s3p2d1f|11s6p2d1f]
   ---------------------------------------------------------------------------
   total:   25    622    415
   ---------------------------------------------------------------------------

   total number of primitive shells          :   58
   total number of contracted shells         :  173
   total number of cartesian basis functions :  465
   total number of SCF-basis functions       :  415


 integral neglect threshold       :  0.72E-11
 integral storage threshold THIZE :  0.10E-04
 integral storage threshold THIME :         5


 DENSITY CONVERGENCE CHECK SWITCHED ON !
 SCF CONVERGENCE IF RMS(delta[D]) <     0.1000000000E-06


 symmetry group of the molecule :   c1 

 the group has the following generators :
   c1(z)

    1 symmetry operations found

 there are 1 real representations :   a   

 maximum number of shells which are related by symmetry :  1


          ------------------------
          nuclear repulsion energy  :   931.911635236    
          ------------------------


         -----------------
         -S,T+V- integrals
         -----------------

 1e-integrals will be neglected if expon. factor < 0.718701E-12
 
   Difference densities algorithm switched on.
   The maximal number of linear combinations of
   difference densities is                    20 .

Diagonalization of Fock matrix in last SCF iteration activated ...


 DIIS switched on: error vector is FDS-SDF
 Max. Iterations for DIIS is     :   5
 DIIS matrix (see manual) 
    Scaling factor of diagonals  :  1.200
    threshold for scaling factor :  0.000

 scf convergence criterion : increment of total energy < .1000000D-06
                  and increment of one-electron energy < .1000000D-03

 MOs are in ASCII format !


    mo occupation :
   irrep   mo's   occupied
    a      415       52
 
 number of basis functions   :   415
 number of occupied orbitals :    52
 

 reading orbital data $scfmo  from file mos
 orbital characterization : scfconv=7
 mo-orthogonalization by Cholesky decomposition

 automatic virtual orbital shift switched on 
      shift if e(lumo)-e(homo) < 0.10000000    


 DSCF restart information will be dumped onto file mos

    Fermi smearing switched on
      Initial electron temperature:   300.00
        Final electron temperature:   150.00
                  Annealing factor:    0.980
       Annealing if HOMO-LUMO gap <  0.1E+00
      Smearing switched off if DE <  0.1E-02
 
                                              current damping :  0.700
 ITERATION  ENERGY          1e-ENERGY        2e-ENERGY     RMS[dD(SAO)]   TOL
   1  -693.44912742127    -2797.5081497     1172.1473871    0.000D+00 0.717D-11
          max. resid. norm for Fia-block=  2.968D-06 for orbital     52a         
          max. resid. fock norm         =  3.041D-06 for orbital     52a         
          Delta Eig. =     0.0000389279 eV 
 
                                              current damping :  0.700
 ITERATION  ENERGY          1e-ENERGY        2e-ENERGY     RMS[dD(SAO)]   TOL
   2  -693.44912742264    -2797.5081472     1172.1473845    0.486D-07 0.455D-11
          Norm of current diis error: 0.18117E-04
          max. resid. norm for Fia-block=  2.949D-06 for orbital     52a         
          max. resid. fock norm         =  3.002D-06 for orbital     52a         
          Delta Eig. =     0.0000205452 eV 
         -------------------- FON Calculation ---------------------
                                 Fermi level F =        -0.26646
                   Total number of electrons N =       104.00000
           Occupation numbers calculated for T =       300.00000
                         Current HOMO-LUMO gap =     0.40096E+00
         ----------------------------------------------------------

 ENERGY & DENSITY CONVERGED !

 
                                              current damping :  0.550
 ITERATION  ENERGY          1e-ENERGY        2e-ENERGY     RMS[dD(SAO)]   TOL
   3  -693.44912742420    -2797.5081452     1172.1473826    0.467D-07 0.306D-11
          max. resid. norm for Fia-block=  1.579D-06 for orbital     52a         
          max. resid. fock norm         =  1.612D-06 for orbital     52a         

 convergence criteria satisfied after     3 iterations


   *************************************************************************
   job_SP_15                                                                
   *************************************************************************


                  ------------------------------------------ 
                 |  total energy      =   -693.44912742420  |
                  ------------------------------------------ 
                 :  kinetic energy    =    691.27859770457  :
                 :  potential energy  =  -1384.72772512877  :
                 :  virial theorem    =      1.99686995104  :
                 :  wavefunction norm =      1.00000000000  :
                  .......................................... 


 <geterg> : there is no data group $energy 


 <skperg> : $end is missing 


 orbitals $scfmo  will be written to file mos

    irrep                 48a         49a         50a         51a         52a   
 eigenvalues H         -0.43657    -0.43012    -0.42508    -0.38730    -0.27826
            eV         -11.8797    -11.7043    -11.5671    -10.5390     -7.5718
 occupation              2.0000      2.0000      2.0000      2.0000      2.0000

    irrep                 53a         54a         55a         56a         57a   
 eigenvalues H          0.12270     0.13281     0.14604     0.15896     0.16821
            eV           3.3389      3.6141      3.9740      4.3255      4.5773
 
 
 
 
 ==============================================================================
                           electrostatic moments
 ==============================================================================

 reference point for electrostatic moments:    0.00000   0.00000   0.00000

 
              nuc           elec       ->  total
 ------------------------------------------------------------------------------
                          charge      
 ------------------------------------------------------------------------------
         104.000000    -104.000000      -0.000000
 
 ------------------------------------------------------------------------------
                       dipole moment  
 ------------------------------------------------------------------------------
   x     165.958931    -167.891437      -1.932506
   y     341.582830    -341.681952      -0.099122
   z      72.900451     -73.903036      -1.002585
 
   | dipole moment | =     2.1794 a.u. =     5.5394 debye 
 
 ------------------------------------------------------------------------------
                     quadrupole moment
 ------------------------------------------------------------------------------
  xx    1995.060430   -2048.393821     -53.333391
  yy    1867.078207   -1932.785907     -65.707700
  zz     391.834063    -458.782963     -66.948900
  xy    -193.334918     185.501277      -7.833641
  xz     254.520889    -265.457660     -10.936771
  yz     471.418406    -472.622963      -1.204557
 
     1/3  trace=     -61.996664
     anisotropy=      26.782693
 
 ==============================================================================
 
HOMO-LUMO Separation
 HOMO         :   -0.27825529 H =     -7.57172 eV
 LUMO         :    0.12270294 H =     +3.33892 eV
 HOMO-LUMO gap:    0.40095822 H =    +10.91063 eV
 
 ==============================================================================


    ------------------------------------------------------------------------
         total  cpu-time :  2 minutes and 59 seconds
         total wall-time :   5.45 seconds
    ------------------------------------------------------------------------

   ****  dscf : all done  ****


    2023-11-09 12:15:10.660 

