
 uff (saturn) : TURBOMOLE rev. V7-7-1 compiled 3 Feb 2023 at 10:04:44
 Copyright (C) 2023 TURBOMOLE GmbH, Karlsruhe


    2025-11-11 11:56:58.836 


 uff (saturn) : TURBOMOLE rev. V7-7-1 compiled 3 Feb 2023 at 10:04:44
 Copyright (C) 2023 TURBOMOLE GmbH, Karlsruhe


    2025-11-11 11:56:58.837 

                                         
                                     u f f
                                           
                             by K. May, R. Ahlrichs
                                         
                             quantum chemistry group 
                              university  karlsruhe
                                    germany
                                         

<UFF<-rdparm>   127 atomtypes are read from file 
                    /opt/turbomole/TURBOMOLE/parameter/uffparms.in                                                                                                                                                                                                                                                                                                                                                                                                                                                                                                                                                                                                                                                                                                                                                                                                                                                                                                                                                                                          


 symmetry group of the molecule :   c3v
<UFF> The following terms are included in the Force Field !
<UFF> Bond      terms       are included !
<UFF> Angle     terms       are included !
<UFF> Torsion   terms       are included !
<UFF> Inversion terms       are included !
<UFF> Nonbonded terms (vdW) are included !
<UFF> Nonbonded terms (el)  are included !

<UFF> Required memory :    0.43 MB


 symmetry group of the molecule :   c3v

 the group has the following generators :
   c3(z)
   mirror plane sigma(xz)

    6 symmetry operations found
<getnxt12> There is no topology check!

Bond analyse
------------
Group#   MTYPE    UFFTYPE   # of Atoms    # of next Neighbours
   1       p        p_3+3         7            3
   2       h        h_            3            1
 
 Molecule: natoms=   10
p        p_3+3       -1.28760081119714     2.23019002486035    -3.28002442737126
p        p_3+3       -1.70763272740643     2.95770664453536     0.66480845133278
p        p_3+3        0.00000000000000     0.00000000000000     3.04507416399577
h        h_          -2.96599757667954     5.13725849793513     1.60019125470657
p        p_3+3       -1.28760081119714    -2.23019002486035    -3.28002442737126
p        p_3+3        2.57520162239428     0.00000000000000    -3.28002442737126
p        p_3+3       -1.70763272740643    -2.95770664453536     0.66480845133278
p        p_3+3        3.41526545481287     0.00000000000000     0.66480845133278
h        h_          -2.96599757667954    -5.13725849793513     1.60019125470657
h        h_           5.93199515335908     0.00000000000000     1.60019125470657

<UFF> Number of fixed atoms is nafix=   0
 
 .................................................
  Optimization
 .................................................
 
 
                     1  -cycle       .................................
UFF energy    = 0.537639D+00 |dE/dxyz| = 0.230060D+00
UFF Delta E=0.537639D+00

<UFF> Symmetrize coordinates to c3v 
<UFF> Symmetrize hessian to c3v 
<UFF> Symmetrize gradient to c3v 
<UFF> Project trans. and rot. out of hessian 

Eigenvalues of Hesse matric without Trans. and Rot. : 
 -1.60790D-01 -1.43050D-01 -1.43050D-01 -2.57329D-03 -1.49709D-03
 -1.49709D-03 -1.11022D-16  0.00000D+00  0.00000D+00  4.02406D-03
  4.02406D-03  1.64858D-02  3.11306D-02  3.11306D-02  3.76810D-02
  8.45987D-02  9.56585D-02  9.56585D-02  2.71774D-01  2.82304D-01
  2.82304D-01  4.16310D-01  4.16310D-01  5.53186D-01  6.08601D-01
  6.08601D-01  6.24597D-01  6.54237D-01  6.54237D-01  7.81333D-01

    UFF profiling
  --------------------------------------------------------------------
             module   cpu total (s)       %  wall total (s)       %

         UFF (total)             0.0   64.05             0.1    0.00
           Pre.Proc.             0.0    9.93             0.0    0.00
            Topology             0.0    5.35             0.0    0.00
         FF val/prms             0.0    0.12             0.0    0.00
               cpegh             0.0    2.85             0.0    0.00
              crtsym             0.0    0.07             0.0    0.00
             numhess             0.0    0.00             0.0    0.00
             symhess             0.0    0.18             0.0    0.00
              grdsym             0.0    0.03             0.0    0.00
              dsyprj             0.0    5.18             0.1    0.00
             eighess             0.0    0.90             0.0    0.00
           Postproc.             0.0    4.49             0.0    0.00
 


    ------------------------------------------------------------------------
         total  cpu-time :   0.02 seconds
         total wall-time :   0.12 seconds
    ------------------------------------------------------------------------

   ****  uff : all done  ****


    2025-11-11 11:56:58.927 

