
   OpenMP run-time library returned nthreads = 16

 dscf (saturn) : TURBOMOLE rev. V7-7-1 compiled 3 Feb 2023 at 10:13:59
 Copyright (C) 2023 TURBOMOLE GmbH, Karlsruhe


    2025-11-11 15:47:27.564 



                             d s c f - program

                   idea & directorship : reinhart ahlrichs
                   program development : marco haeser
                                         michael baer
                           dft version : oliver treutler


                          quantum chemistry group
                          universitaet  karlsruhe
                                  germany



   *-----------------------------------------------------------------------*
   |                     program will use 16 thread(s)                     |
   *-----------------------------------------------------------------------*
 Program dscf can not use the RI-J approximation.
 Please either use the ridft program or delete the option $rij
 from your control file.



========================
 internal module stack: 
------------------------
    dscf
========================

  Option $rij found!
 dscf ended abnormally
 dscf ended abnormally
program stopped.
