
 ricc2 (DESKTOP-H3301KN) : TURBOMOLE V7-6 5th Oct 2021 at 14:13:15 compiled  Sep 2021
 Copyright (C) 2021 TURBOMOLE GmbH, Karlsruhe


    2022-12-19 21:04:34.799 



                              R I C C 2 - PROGRAM

                          the quantum chemistry groups
                             at the universities in
                               Karlsruhe & Bochum
                                   Germany



   *-----------------------------------------------------------------------*
   |                     program will use  1 thread(s)                     |
   *-----------------------------------------------------------------------*


              +--------------------------------------------------+
              | Atomic coordinate, charge and isotop information |
              +--------------------------------------------------+

                    atomic coordinates            atom    charge  isotop
          1.83902751    7.45117313    4.05648187    o      8.000     0
         -2.32826844    3.26407358   -0.99991358    n      7.000     0
          4.19779283    3.24967233    1.67308640    n      7.000     0
          1.21951002    0.89246524   -2.10131689    n      7.000     0
         -1.90190791    6.55169390    1.97848424    n      7.000     0
         -5.74796651    5.92018746   -0.12027907    n      7.000     0
          0.18498082    2.74477934   -0.58944809    c      6.000     0
          1.67149807    3.97967729    1.18071202    c      6.000     0
         -3.27164515    5.15559181    0.29419308    c      6.000     0
          0.67349963    6.08406046    2.55204636    c      6.000     0
          5.39849400    1.88926514   -0.42348974    c      6.000     0
          3.60533329   -0.21211665   -1.27318295    c      6.000     0
          7.87207117    0.80144414    0.59133887    c      6.000     0
         -2.64038141    8.13781878    2.77560501    h      1.000     0
          3.36376802   -1.55051072    0.30033531    h      1.000     0
         -6.73240215    6.36570937    1.46420031    h      1.000     0
         -6.67112175    4.64925887   -1.22088818    h      1.000     0
          8.80122502   -0.36807536   -0.84768086    h      1.000     0
          9.15788954    2.38280065    1.05692664    h      1.000     0
          7.43568423   -0.75812545    2.71929101    o      8.000     0
          6.24251622    0.18602024    3.75319439    h      1.000     0
          5.20025624    4.80882555    2.22315131    h      1.000     0
         -0.08346279   -0.28477469   -2.87603609    h      1.000     0
          4.45886319   -1.21872308   -2.87544329    h      1.000     0
          5.78457593    3.12724269   -2.06254170    h      1.000     0
 
       center of nuclear mass  :    1.54866746    3.33419306    0.73098287
       center of nuclear charge:    1.59575895    3.28445029    0.70096587

   *************************************************************************
   job_SP_14                                                                
   *************************************************************************



              +--------------------------------------------------+
              |               basis set information              |
              +--------------------------------------------------+

              we will work with the 1s 3p 5d 7f 9g ... basis set
              ...i.e. with spherical basis functions...

   type   atoms  prim   cont   basis
   ---------------------------------------------------------------------------
    o        2     31     18   6-311G**   [4s3p1d|11s5p1d]
    n        5     31     18   6-311G**   [4s3p1d|11s5p1d]
    h       11      4      2   6-31G*   [2s|4s]
    c        7     31     18   6-311G**   [4s3p1d|11s5p1d]
   ---------------------------------------------------------------------------
   total:   25    478    274
   ---------------------------------------------------------------------------

   total number of primitive shells          :   55
   total number of contracted shells         :  134
   total number of cartesian basis functions :  288
   total number of SCF-basis functions       :  274


 symmetry group of the molecule :   c1 

 the group has the following generators :
   c1(z)

    1 symmetry operations found

 there are 1 real representations :   a   


   =========================================================================


     restricted closed shell calculation for the wavefunction models:
               CC2        - Approximate CC Singles and Doubles


     global parameters for ricc2 program:

        hard restart (reuse of interm.) :  disabled
        soft restart (reuse of vectors) :  disabled
        threshold for vector function   :    0.100000E-05
        convergence threshold energy    :    0.100000E-06
        linear dependence threshold     :    0.100000E-13
        global print level              :      1
        maximum number of iterations    :   100
        maximum number DIIS vectors     :    10
        max. dim. of reduced space      :   100
        core memory limit (MB)          :   400

     Scratch Directory : 


   =========================================================================

    der. integral neglect threshold  :  0.10E-07
    integral neglect threshold       :  0.12E-10
    integral storage threshold THIZE :  0.10E-04
    integral storage threshold THIME :         5


                  +------------------------------------------+
                  |     Auxiliary basis set information      |
                  +------------------------------------------+

              we will work with the 1s 3p 5d 7f 9g ... basis set
              ...i.e. with spherical basis functions...

   type   atoms  prim   cont   basis
   ---------------------------------------------------------------------------
    o        2    141    141   def2-QZVPP   [9s8p7d5f3g1h|9s8p7d5f3g1h]
    n        5    141    141   def2-QZVPP   [9s8p7d5f3g1h|9s8p7d5f3g1h]
    h       11     56     56   def2-QZVPP   [6s4p3d2f1g|6s4p3d2f1g]
    c        7    141    141   def2-QZVPP   [9s8p7d5f3g1h|9s8p7d5f3g1h]
   ---------------------------------------------------------------------------
   total:   25   2590   2590
   ---------------------------------------------------------------------------

   total number of primitive shells          :  115
   total number of contracted shells         :  638
   total number of cartesian basis functions : 3455
   total number of SCF-basis functions       : 2590


 maximum number of shells which are related by symmetry :  1


 The symmetry information takes   1 MB

*---------------------------------------------------------------------*
|               simplified C1 algorithm will be applied               |
*---------------------------------------------------------------------*
  MOs are in ASCII format !


 reading orbital data $scfmo  from file mos
 orbital characterization : scfconv=7
 time elapsed for calculating density matrices :   0.000 sec



              +--------------------------------------------+
              | list of orbitals that will be kept frozen: |
              +--------------------------------------------+
              |   irrep   index      energy     occ/vir    |
              +--------------------------------------------+
              |   a         1      -20.5371     occupied   |
              |   a         2      -20.5073     occupied   |
              |   a         3      -15.6296     occupied   |
              |   a         4      -15.6050     occupied   |
              |   a         5      -15.5767     occupied   |
              |   a         6      -15.5594     occupied   |
              |   a         7      -15.5569     occupied   |
              |   a         8      -11.3936     occupied   |
              |   a         9      -11.3591     occupied   |
              |   a        10      -11.3303     occupied   |
              |   a        11      -11.2751     occupied   |
              |   a       ...        ...        occupied   |
              |   a        14      -11.2471     occupied   |
              +--------------------------------------------+



   Molecular Orbital Statistic:
   ============================

   -----------------------------
   orbitals in total:
   -----------------------------
    frozen occupied :     14
    active occupied :     38
    active virtual  :    222
    frozen virtual  :      0
    all together    :    274
   -----------------------------


     time in riccmos       cpu:  0.06 sec    wall:  0.05 sec    ratio:  1.2
line: "spectrum states=all operators=diplen,qudlen,angmom,dipvel"
 idx:                      0

     total memory allocated for calculation of (Q|P)**(-1/2) : 77 MiB


     calculation of (P|Q) ...
     time in lp2sym        cpu:  0.16 sec    wall:  0.15 sec    ratio:  1.0


     calculation of the Cholesky decomposition of (P|Q)**(-1) ...
     time in invmetri      cpu:  0.62 sec    wall:  0.67 sec    ratio:  0.9

   threshold for RMS(d[D]) in SCF was     :  0.10E-06
   integral neglect threshold             :  0.12E-10
   derivative integral neglect threshold  :  0.10E-07


 setting up bound for integral derivative estimation

 increment for numerical differentiation : 0.00050000

   =========================================================================

     Energy of reference wave function is  -693.6034812106000
     Maximum orbital residual is           0.7298339057872E-06


     Number of symmetry-nonredundant auxiliary basis functions:     2590

     Block lengths for integral files:
        frozen occupied (BOI):        1 MiB
        active occupied (BJI):        1 MiB
        active virtual  (BAI):        5 MiB
        frozen virtual  (BGI):        0 MiB
               general  (BTI):        6 MiB

   =========================================================================




   **************************************************************************
   *                                                                        *
   *          OPTIMIZATION OF THE GROUND STATE CLUSTER AMPLITUDES           *
   *                                                                        *
   **************************************************************************
     start CC2 from scratch because restart not enabled


   Iter.   MP2 energy       Norm(Omega)   Norm(t1)  Norm(t2)     cpu    wall
   ...........................................................................
    1   -695.7703670456    0.1799551138     0.00000   0.48677    0.32    0.32
   ...........................................................................
     time in total         cpu: 19.45 sec    wall: 19.48 sec    ratio:  1.0


              *****************************************************
              *                                                   *
              *   RHF  energy           :   -693.6034812106       *
              *   correlation energy    :     -2.1668858350       *
              *                                                   *
              *   Final MP2 energy      :   -695.7703670456       *
              *   D1 diagnostic         :      0.0541             *
              *                                                   *
              *****************************************************



   Iter.   CC2 energy       Norm(Omega)    Norm(t1)  Norm(t2)     cpu    wall
   ...........................................................................
    1   -695.7986004707    0.0392195882     0.10888   0.49632    0.44    0.45
    2   -695.8084721363    0.0070409882     0.15791   0.50033    0.44    0.45
    3   -695.8096947663    0.0016005299     0.16852   0.50098    0.44    0.45
    4   -695.8096491147    0.0004098466     0.16961   0.50100    0.44    0.45
    5   -695.8096610627    0.0001189792     0.16984   0.50101    0.43    0.45
    6   -695.8096582605    0.0000286574     0.16984   0.50100    0.44    0.45
    7   -695.8096582758    0.0000073949     0.16985   0.50100    0.44    0.45
    8   -695.8096581913    0.0000017936     0.16985   0.50100    0.43    0.45
    9   -695.8096582223    0.0000004043     0.16985   0.50100    0.44    0.45
   ...........................................................................
   CC equations converged in  9 iterations.

   last energy change         :  0.31E-07
   convergence threshold      :  0.10E-06
   norm of the vector function:  0.40E-06
   convergence threshold      :  0.10E-05

     time in total         cpu:  3 min 55 s  wall:  4 min  1 s  ratio:  1.0


     **********************************************************************
     *                                                                    *
     *   RHF  energy                             :   -693.6034812106      *
     *   correlation energy                      :     -2.2061770117      *
     *                                                                    *
     *   Final CC2 energy                        :   -695.8096582223      *
     *                                                                    *
     *   D1 diagnostic                           :      0.0986            *
     *                                                                    *
     **********************************************************************



 **************************************************************
 *                                                            *
 *    OPTIMIZATION OF THE EXCITED STATE CLUSTER AMPLITUDES    *
 *                                                            *
 **************************************************************


  preoptimize excitation energies/vectors using CCS:
  ==================================================


 ======== LINEAR CC RESPONSE SOLVER ========

    threshold for convergence: 1.00E-03
    maximum number of simultaneous Jacobi matrix transformations:  5
                                                
     summary of start vectors generation:
     -------------------------------------------
     type of solution vectors      : RE0
     symmetry                      : a  
     number of vectors requested   :     5
     number of vectors generated   :     5
       -- guessed as rhs/(e_a-e_i) :     5
     -------------------------------------------
                                                

    Iter  #Vectors  time (min)    max. residual 
    --------------------------------------------
      1       5         0.38     0.16E+00  (  1)
      2       5         0.38     0.55E-01  (  4)
      3       5         0.38     0.22E-01  (  3)
      4       5         0.39     0.19E-01  (  4)
      5       5         0.40     0.10E+00  (  5)
      6       5         0.38     0.75E-01  (  3)
      7       4         0.29     0.32E-01  (  3)
      8       4         0.30     0.15E-01  (  3)
      9       4         0.28     0.82E-02  (  3)
     10       3         0.24     0.56E-02  (  5)
     11       3         0.24     0.32E-02  (  5)
     12       2         0.15     0.14E-02  (  5)
     13       1         0.11     0.53E-03  (  5)
    --------------------------------------------
    converged in 13 iterations

         Total time          3.92 minutes


 ===========================================




 Note that this is the intermediate result of a preoptimization!
 The convergence threshold was  0.1E-02 only!


 +==================================================================+
 | sym | multi | state |          CCS excitation energies           |
 |     |       |       +--------------------------------------------+
 |     |       |       |   Hartree    |     eV       |     cm-1     |
 +==================================================================+
 | a   |   1   |   1   |    0.2041361 |      5.55483 |    44802.692 |
 | a   |   1   |   2   |    0.2508917 |      6.82711 |    55064.372 |
 | a   |   1   |   3   |    0.2581295 |      7.02406 |    56652.874 |
 | a   |   1   |   4   |    0.2942235 |      8.00623 |    64574.598 |
 | a   |   1   |   5   |    0.2971700 |      8.08641 |    65221.276 |
 +==================================================================+




  preoptimize CC2 excitation energies/vectors using a quasi linear algorithm:
  ===========================================================================


 ======== LINEAR CC RESPONSE SOLVER ========

    threshold for convergence: 1.00E-03
    maximum number of simultaneous Jacobi matrix transformations:  5
                                                
     summary of start vectors generation:
     -------------------------------------------
     type of solution vectors      : RE0
     symmetry                      : a  
     number of vectors requested   :     5
     number of vectors generated   :     5
       -- restarted from file      :     5
     -------------------------------------------
                                                

    Iter  #Vectors  time (min)    max. residual 
    --------------------------------------------
 threshold for this macro iteration:  6.428933439875409E-002
      1       5         2.29     0.78E-01  (  3)
 ...adapted threshold to:  7.320246376428821E-002
      2       4         1.82     0.58E-01  (  5)
                                                
     summary of start vectors generation:
     -------------------------------------------
     type of solution vectors      : RE0
     symmetry                      : a  
     number of vectors requested   :     5
     number of vectors generated   :     5
       -- restarted from file      :     5
     -------------------------------------------
                                                

    Iter  #Vectors  time (min)    max. residual 
    --------------------------------------------
 threshold for this macro iteration:  8.553191626042400E-003
      3       5         2.28     0.56E-01  (  5)
      4       5         2.27     0.31E-01  (  3)
      5       5         2.27     0.30E-01  (  3)
 ...adapted threshold to:  1.028427847611782E-002
      6       4         1.82     0.43E-01  (  5)
 ...adapted threshold to:  1.288914231259208E-002
      7       2         0.98     0.16E-01  (  5)
 ...adapted threshold to:  1.319817939956131E-002
      8       1         0.58     0.57E-02  (  4)
                                                
     summary of start vectors generation:
     -------------------------------------------
     type of solution vectors      : RE0
     symmetry                      : a  
     number of vectors requested   :     5
     number of vectors generated   :     5
       -- restarted from file      :     5
     -------------------------------------------
                                                

    Iter  #Vectors  time (min)    max. residual 
    --------------------------------------------
 threshold for this macro iteration:  4.751477366813528E-003
      9       5         2.28     0.57E-02  (  5)
 ...adapted threshold to:  4.790888105219160E-003
     10       1         0.58     0.43E-02  (  5)
                                                
     summary of start vectors generation:
     -------------------------------------------
     type of solution vectors      : RE0
     symmetry                      : a  
     number of vectors requested   :     5
     number of vectors generated   :     5
       -- restarted from file      :     5
     -------------------------------------------
                                                

    Iter  #Vectors  time (min)    max. residual 
    --------------------------------------------
 threshold for this macro iteration:  1.000000000000000E-003
     11       5         2.28     0.15E-02  (  5)
     12       2         0.97     0.26E-02  (  5)
     13       2         0.97     0.18E-02  (  4)
     14       2         0.98     0.15E-02  (  5)
     15       1         0.58     0.90E-03  (  5)
    --------------------------------------------
    converged in 15 iterations

         Total time         22.97 minutes


 ===========================================




 Note that this is the intermediate result of a preoptimization!
 The convergence threshold was  0.1E-02 only!


 +==================================================================+
 | sym | multi | state |          CC2 excitation energies           |
 |     |       |       +--------------------------------------------+
 |     |       |       |   Hartree    |     eV       |     cm-1     |
 +==================================================================+
 | a   |   1   |   1   |    0.1608526 |      4.37702 |    35303.056 |
 | a   |   1   |   2   |    0.1875524 |      5.10356 |    41163.000 |
 | a   |   1   |   3   |    0.2062452 |      5.61222 |    45265.586 |
 | a   |   1   |   4   |    0.2265331 |      6.16428 |    49718.260 |
 | a   |   1   |   5   |    0.2368012 |      6.44369 |    51971.853 |
 +==================================================================+





 solve for CC2 excitation energies/vectors using a DIIS algorithm:
 =================================================================


 ========= DIIS CC RESPONSE SOLVER =========

    threshold for convergence: 1.00E-06
    max. nb. of DIIS vectors :      10
    maximum number of simultaneous Jacobi matrix transformations:  5
                                                
     summary of start vectors generation:
     -------------------------------------------
     type of solution vectors      : RE0
     symmetry                      : a  
     number of vectors requested   :     5
     number of vectors generated   :     5
       -- restarted from file      :     5
     -------------------------------------------
                                                

    Iter  #Vectors  time (min)   residual
    --------------------------------------
      1       5         2.29     0.32E-03  (  5)    0.17E-02
      2       5         2.30     0.23E-03  (  5)    0.19E-02
      3       5         2.32     0.13E-03  (  5)    0.18E-02
      4       5         2.35     0.11E-03  (  5)    0.21E-02
      5       5         2.35     0.77E-04  (  5)    0.18E-02
      6       5         2.34     0.58E-04  (  5)    0.20E-02
      7       5         2.32     0.43E-04  (  5)    0.18E-02
      8       4         1.82     0.29E-04  (  5)    0.19E-02
      9       3         1.43     0.17E-04  (  5)    0.19E-02
     10       2         0.97     0.10E-04  (  5)    0.19E-02
     11       2         0.98     0.64E-05  (  5)    0.19E-02
     12       2         0.98     0.48E-05  (  5)    0.19E-02
     13       2         0.98     0.37E-05  (  5)    0.19E-02
     14       2         0.98     0.24E-05  (  5)    0.19E-02
     15       1         0.58     0.15E-05  (  5)    0.19E-02
     16       1         0.58     0.91E-06  (  5)    0.19E-02
    --------------------------------------
    converged in  16 iterations

   Total time         25.56 minutes


 ===========================================





 +================================================================================+
 | sym | multi | state |          CC2 excitation energies       |  %t1   |  %t2   |
 |     |       |       +----------------------------------------+--------+--------+
 |     |       |       |   Hartree    |    eV      |    cm-1    |    %   |    %   |
 +================================================================================+
 | a   |   1   |   1   |    0.1608455 |    4.37683 |  35301.498 |  89.23 |  10.77 |
 | a   |   1   |   2   |    0.1875412 |    5.10326 |  41160.528 |  87.98 |  12.02 |
 | a   |   1   |   3   |    0.2062554 |    5.61249 |  45267.824 |  87.61 |  12.39 |
 | a   |   1   |   4   |    0.2265290 |    6.16417 |  49717.377 |  88.46 |  11.54 |
 | a   |   1   |   5   |    0.2366765 |    6.44030 |  51944.489 |  85.36 |  14.64 |
 +================================================================================+


       Energy:     0.1608455 H      4.37683 eV    35301.498 cm-1

     +=======================================================================+
     | type: RE0                    symmetry: a               state:    1    |
     +-----------------------+-----------------------+-----------------------+
     | occ. orb.  index spin | vir. orb.  index spin |  coeff/|amp|     %    |
     +=======================+=======================+=======================+
     |   52 a       52       |   53 a       53       |   0.96745      93.6   |
     |   51 a       51       |   54 a       54       |   0.10402       1.1   |
     |   44 a       44       |   53 a       53       |   0.06918       0.5   |
     +=======================+=======================+=======================+
     norm of printed elements:  0.95157


       Energy:     0.1875412 H      5.10326 eV    41160.528 cm-1

     +=======================================================================+
     | type: RE0                    symmetry: a               state:    2    |
     +-----------------------+-----------------------+-----------------------+
     | occ. orb.  index spin | vir. orb.  index spin |  coeff/|amp|     %    |
     +=======================+=======================+=======================+
     |   52 a       52       |   54 a       54       |   0.93877      88.1   |
     |   51 a       51       |   53 a       53       |  -0.21156       4.5   |
     |   51 a       51       |   54 a       54       |   0.14140       2.0   |
     |   52 a       52       |   55 a       55       |   0.12935       1.7   |
     +=======================+=======================+=======================+
     norm of printed elements:  0.96277


       Energy:     0.2062554 H      5.61249 eV    45267.824 cm-1

     +=======================================================================+
     | type: RE0                    symmetry: a               state:    3    |
     +-----------------------+-----------------------+-----------------------+
     | occ. orb.  index spin | vir. orb.  index spin |  coeff/|amp|     %    |
     +=======================+=======================+=======================+
     |   49 a       49       |   53 a       53       |   0.75262      56.6   |
     |   48 a       48       |   53 a       53       |  -0.44165      19.5   |
     |   49 a       49       |   54 a       54       |   0.32576      10.6   |
     |   48 a       48       |   54 a       54       |  -0.19260       3.7   |
     |   51 a       51       |   53 a       53       |   0.17656       3.1   |
     |   50 a       50       |   53 a       53       |  -0.09093       0.8   |
     |   45 a       45       |   53 a       53       |  -0.08520       0.7   |
     +=======================+=======================+=======================+
     norm of printed elements:  0.95140


       Energy:     0.2265290 H      6.16417 eV    49717.377 cm-1

     +=======================================================================+
     | type: RE0                    symmetry: a               state:    4    |
     +-----------------------+-----------------------+-----------------------+
     | occ. orb.  index spin | vir. orb.  index spin |  coeff/|amp|     %    |
     +=======================+=======================+=======================+
     |   51 a       51       |   53 a       53       |   0.91477      83.7   |
     |   52 a       52       |   54 a       54       |   0.21798       4.8   |
     |   49 a       49       |   53 a       53       |  -0.15683       2.5   |
     |   46 a       46       |   53 a       53       |  -0.12038       1.4   |
     |   48 a       48       |   54 a       54       |   0.09008       0.8   |
     |   49 a       49       |   54 a       54       |  -0.08331       0.7   |
     |   51 a       51       |   55 a       55       |  -0.06642       0.4   |
     |   44 a       44       |   54 a       54       |   0.05145       0.3   |
     |   42 a       42       |   54 a       54       |  -0.04727       0.2   |
     |   50 a       50       |   53 a       53       |  -0.04284       0.2   |
     |   45 a       45       |   54 a       54       |   0.04067       0.2   |
     |   39 a       39       |   53 a       53       |  -0.04030       0.2   |
     |   50 a       50       |   54 a       54       |   0.03998       0.2   |
     +=======================+=======================+=======================+
     norm of printed elements:  0.95447


       Energy:     0.2366765 H      6.44030 eV    51944.489 cm-1

     +=======================================================================+
     | type: RE0                    symmetry: a               state:    5    |
     +-----------------------+-----------------------+-----------------------+
     | occ. orb.  index spin | vir. orb.  index spin |  coeff/|amp|     %    |
     +=======================+=======================+=======================+
     |   49 a       49       |   54 a       54       |   0.73693      54.3   |
     |   48 a       48       |   54 a       54       |  -0.42479      18.0   |
     |   49 a       49       |   53 a       53       |  -0.34651      12.0   |
     |   48 a       48       |   53 a       53       |   0.17565       3.1   |
     |   49 a       49       |   55 a       55       |   0.13977       2.0   |
     |   46 a       46       |   53 a       53       |  -0.13812       1.9   |
     |   51 a       51       |   54 a       54       |   0.11835       1.4   |
     |   50 a       50       |   53 a       53       |   0.08260       0.7   |
     |   48 a       48       |   55 a       55       |  -0.08119       0.7   |
     |   50 a       50       |   54 a       54       |  -0.07849       0.6   |
     |   45 a       45       |   54 a       54       |  -0.07462       0.6   |
     +=======================+=======================+=======================+
     norm of printed elements:  0.95220





  solve for left     eigenvectors needed for transition properties.
  -----------------------------------------------------------------


 ========= DIIS CC RESPONSE SOLVER =========

    threshold for convergence: 1.00E-06
    max. nb. of DIIS vectors :      10
    maximum number of simultaneous Jacobi matrix transformations:  5
                                                
     summary of start vectors generation:
     -------------------------------------------
     type of solution vectors      : LE0
     symmetry                      : a  
     number of vectors requested   :     5
     number of vectors generated   :     5
       -- restarted from file      :     5
     -------------------------------------------
                                                

    Iter  #Vectors  time (min)   residual
    --------------------------------------
      1       5         2.26     0.19E-01  (  1)    0.19E-02
      2       5         2.26     0.36E-02  (  2)    0.11E-01
      3       5         2.27     0.15E-02  (  4)    0.71E-02
      4       5         2.26     0.73E-03  (  4)    0.89E-02
      5       5         2.26     0.41E-03  (  4)    0.76E-02
      6       5         2.26     0.22E-03  (  4)    0.85E-02
      7       5         2.26     0.13E-03  (  4)    0.77E-02
      8       5         2.27     0.73E-04  (  4)    0.84E-02
      9       5         2.34     0.50E-04  (  5)    0.78E-02
     10       5         2.34     0.36E-04  (  5)    0.83E-02
     11       5         2.34     0.24E-04  (  5)    0.79E-02
     12       4         1.89     0.16E-04  (  5)    0.82E-02
     13       3         1.48     0.10E-04  (  5)    0.80E-02
     14       2         1.03     0.68E-05  (  5)    0.81E-02
     15       2         1.01     0.44E-05  (  5)    0.80E-02
     16       2         0.99     0.29E-05  (  5)    0.80E-02
     17       2         0.98     0.18E-05  (  5)    0.80E-02
     18       1         0.58     0.13E-05  (  5)    0.80E-02
     19       1         0.58     0.96E-06  (  5)    0.80E-02
    --------------------------------------
    converged in  19 iterations

   Total time         33.66 minutes


 ===========================================



 Left and right eigenvalues converged to the same
 results within   0.46E-07 a.u.


                    ========   CC DENSITY MODULE   ========

                      current wave-function model: CC2     

  calculating overlap between    5 left and right vector(s)
    density nr.      cpu/min        wall/min    L     R
   ------------------------------------------------------
         1             0.48            0.50    LE0    RE0 
         2             0.48            0.50    LE0    RE0 
         3             0.48            0.50    LE0    RE0 
         4             0.47            0.50    LE0    RE0 
         5             0.47            0.49    LE0    RE0 
   ------------------------------------------------------
     time in cc_1den       cpu:  2 min 23 s  wall:  2 min 29 s  ratio:  1.0



     +==========================================================+
     |   contributions of excitation levels to excited states   |
     |     wavefunctions as computed from the <L|R> overlap     |
     +----------------------------------------------------------+
     | sym | multi | state |    E / eV  | % singles | % doubles |
     +==========================================================+
     | a   |   1   |   1   |    4.37683 |   89.42   |   10.58   |
     | a   |   1   |   2   |    5.10326 |   88.30   |   11.70   |
     | a   |   1   |   3   |    5.61249 |   87.87   |   12.13   |
     | a   |   1   |   4   |    6.16417 |   88.71   |   11.29   |
     | a   |   1   |   5   |    6.44030 |   85.80   |   14.20   |
     +==========================================================+



      The semi-canonical algorithm will be used for densities


 ======== LINEAR CC RESPONSE SOLVER ========

    threshold for convergence: 1.00E-06
    maximum number of simultaneous Jacobi matrix transformations:  1
                                                
     summary of start vectors generation:
     -------------------------------------------
     type of solution vectors      : L0 
     symmetry                      : a  
     number of vectors requested   :     1
     number of vectors generated   :     1
     -------------------------------------------
                                                

    Iter  #Vectors  time (min)    max. residual 
    --------------------------------------------
      1       1         0.58     0.20E+00  (  1)
      2       1         0.58     0.34E-01  (  1)
      3       1         0.59     0.81E-02  (  1)
      4       1         0.59     0.22E-02  (  1)
      5       1         0.59     0.55E-03  (  1)
      6       1         0.59     0.13E-03  (  1)
      7       1         0.59     0.36E-04  (  1)
      8       1         0.59     0.93E-05  (  1)
      9       1         0.58     0.24E-05  (  1)
     10       1         0.58     0.59E-06  (  1)
    --------------------------------------------
    converged in 10 iterations

         Total time          5.85 minutes


 ===========================================



  === F matrix transformation for    5 state(s) ===


                    ========    F MATRIX MODULE    ========

               calculating     5 F * RE0 transformations


 ======== LINEAR CC RESPONSE SOLVER ========

    threshold for convergence: 1.00E-06
    maximum number of simultaneous Jacobi matrix transformations:  5
                                                
     summary of start vectors generation:
     -------------------------------------------
     type of solution vectors      : ME0
     symmetry                      : a  
     number of vectors requested   :     5
     number of vectors generated   :     5
       -- guessed as rhs/(e_a-e_i) :     5
     -------------------------------------------
                                                

    Iter  #Vectors  time (min)    max. residual 
    --------------------------------------------
      1       5         2.28     0.24E+00  (  5)
      2       5         2.29     0.45E-01  (  4)
      3       5         2.28     0.65E-02  (  3)
      4       5         2.29     0.10E-02  (  1)
      5       5         2.28     0.17E-03  (  3)
      6       5         2.28     0.34E-04  (  3)
      7       5         2.29     0.61E-05  (  3)
      8       5         2.28     0.96E-06  (  3)
    --------------------------------------------
    converged in  8 iterations

         Total time         18.28 minutes


 ===========================================




                    ========   CC DENSITY MODULE   ========

                      current wave-function model: CC2     

  calculating CC ground state density

   a semicanonical algorithm will be used when possible

    density nr.      cpu/min        wall/min    L     R
   ------------------------------------------------------
         1             0.66            0.67    L0     R0  
   ------------------------------------------------------
     time in cc_1den       cpu: 39.41 sec    wall: 40.15 sec    ratio:  1.0


                    ========   CC DENSITY MODULE   ========

                      current wave-function model: CC2     

  calculating    10 xi densities

   a semicanonical algorithm will be used when possible

    density nr.      cpu/min        wall/min    L     R
   ------------------------------------------------------
         1             0.66            0.68    ME0    R0  
         2             0.66            0.67    LE0    R0  
         3             0.67            0.68    ME0    R0  
         4             0.66            0.67    LE0    R0  
         5             0.67            0.68    ME0    R0  
         6             0.66            0.68    LE0    R0  
         7             0.67            0.68    ME0    R0  
         8             0.66            0.67    LE0    R0  
         9             0.67            0.68    ME0    R0  
        10             0.66            0.68    LE0    R0  
   ------------------------------------------------------
     time in cc_1den       cpu:  6 min 39 s  wall:  6 min 46 s  ratio:  1.0


                    ========   CC DENSITY MODULE   ========

                      current wave-function model: CC2     

  calculating     5 eta densities

   a semicanonical algorithm will be used when possible

    density nr.      cpu/min        wall/min    L     R
   ------------------------------------------------------
         1             1.05            1.07    L0     RE0 
         2             1.05            1.07    L0     RE0 
         3             1.06            1.08    L0     RE0 
         4             1.06            1.07    L0     RE0 
         5             1.07            1.08    L0     RE0 
   ------------------------------------------------------
     time in cc_1den       cpu:  5 min 18 s  wall:  5 min 22 s  ratio:  1.0
 

     +--------------------------------------------------------------------+
     | CC2 unrelaxed natural orbital occupation numbers                   |
     +--------------------------------------------------------------------+
     | natural orb.  |  occupation numbers                                |
     +---------------+----------------------------------------------------+
     | a             |                                                    |
     |     1 -     5 |     2.0000    2.0000    2.0000    2.0000    2.0000 |
     |     6 -    10 |     2.0000    2.0000    2.0000    2.0000    2.0000 |
     |    11 -    15 |     2.0000    2.0000    2.0000    2.0000    1.9865 |
     |    16 -    20 |     1.9859    1.9849    1.9845    1.9825    1.9819 |
     |    21 -    25 |     1.9813    1.9797    1.9776    1.9758    1.9739 |
     |    26 -    30 |     1.9713    1.9705    1.9693    1.9684    1.9684 |
     |    31 -    35 |     1.9672    1.9666    1.9638    1.9626    1.9621 |
     |    36 -    40 |     1.9611    1.9609    1.9586    1.9581    1.9551 |
     |    41 -    45 |     1.9541    1.9539    1.9529    1.9521    1.9504 |
     |    46 -    50 |     1.9491    1.9478    1.9464    1.9433    1.9372 |
     |    51 -    55 |     1.9293    1.9067    0.0919    0.0764    0.0513 |
     |    56 -    60 |     0.0430    0.0372    0.0349    0.0333    0.0321 |
     |    61 -    65 |     0.0317    0.0301    0.0298    0.0289    0.0278 |
     |    66 -    70 |     0.0272    0.0263    0.0252    0.0242    0.0226 |
     |    71 -    75 |     0.0219    0.0216    0.0209    0.0202    0.0196 |
     |    76 -    80 |     0.0193    0.0190    0.0185    0.0180    0.0159 |
     |    81 -    85 |     0.0154    0.0153    0.0144    0.0143    0.0136 |
     |    86 -    90 |     0.0132    0.0128    0.0126    0.0125    0.0123 |
     |    91 -    95 |     0.0119    0.0115    0.0105    0.0102    0.0099 |
     |    96 -   100 |     0.0098    0.0094    0.0092    0.0089    0.0086 |
     |   101 -   105 |     0.0086    0.0083    0.0081    0.0079    0.0077 |
     |   106 -   110 |     0.0075    0.0073    0.0071    0.0070    0.0069 |
     |   111 -   115 |     0.0066    0.0064    0.0062    0.0060    0.0059 |
     |   116 -   120 |     0.0058    0.0056    0.0056    0.0054    0.0052 |
     |   121 -   125 |     0.0051    0.0049    0.0048    0.0047    0.0047 |
     |   126 -   130 |     0.0046    0.0045    0.0043    0.0041    0.0040 |
     |   131 -   135 |     0.0037    0.0036    0.0036    0.0035    0.0034 |
     |   136 -   140 |     0.0033    0.0032    0.0031    0.0029    0.0027 |
     |   141 -   145 |     0.0026    0.0025    0.0024    0.0024    0.0023 |
     |   146 -   150 |     0.0022    0.0021    0.0021    0.0021    0.0020 |
     |   151 -   155 |     0.0020    0.0019    0.0019    0.0018    0.0018 |
     |   156 -   160 |     0.0017    0.0017    0.0016    0.0016    0.0016 |
     |   161 -   165 |     0.0015    0.0015    0.0015    0.0014    0.0014 |
     |   166 -   170 |     0.0014    0.0013    0.0013    0.0013    0.0013 |
     |   171 -   175 |     0.0013    0.0012    0.0012    0.0012    0.0012 |
     |   176 -   180 |     0.0011    0.0011    0.0011    0.0011    0.0010 |
     |   181         |     0.0010                                         |
     +---------------+----------------------------------------------------+
      natural orbitals with occ <   0.10E-02 are not shown

      Maximum change in occupation number:
        occupied         :    -4.66 % (   52 a    )
        virtual          :     4.60 % (   53 a    )


 **************************************************************
 *                                                            *
 *<<<<<<<<<<<<  ONE-PHOTON ABSORPTION STRENGTHS  >>>>>>>>>>>>>*
 *                                                            *
 **************************************************************


  +=========================================================================+
  |  Transition                                             model: CC2      |
  |    number, symmetry, multiplicity:    1 a    1                          |
  |    frequency :   0.1608454582 a.u.     4.37683 e.V.     35301.5 rcm     |
  +=========================================================================+

     +-----------+-----------------+-----------------+---------------------+
     | operator  |   left moment   |  right moment   | transition strength |
     +-----------+-----------------+-----------------+---------------------+
     | xdiplen   |     -1.27265489 |     -0.77386462 |       0.98486259    |
     | ydiplen   |     -0.50252517 |     -0.32509639 |       0.16336912    |
     | zdiplen   |     -0.92018323 |     -0.57419947 |       0.52836872    |
     | xdipvel   |     -0.21605762 |      0.09827581 |       0.02123324    |
     | ydipvel   |     -0.08016523 |      0.03794937 |       0.00304222    |
     | zdipvel   |     -0.14305804 |      0.06747397 |       0.00965269    |
     | xangmom   |     -0.64276691 |      0.31789121 |       0.20432995    |
     | yangmom   |     -0.17664083 |      0.10809085 |       0.01909326    |
     | zangmom   |      0.88321667 |     -0.43109294 |       0.38074847    |
     | xxqudlen  |      0.54685413 |      0.30085516 |       0.16452389    |
     | xyqudlen  |     -6.93696615 |     -4.23496039 |      29.37777689    |
     | xzqudlen  |     -1.86140995 |     -1.15491471 |       2.14976972    |
     | yyqudlen  |     -3.41305151 |     -2.22904593 |       7.60784859    |
     | yzqudlen  |     -3.90604335 |     -2.46379000 |       9.62367052    |
     | zzqudlen  |     -1.63253228 |     -1.00761777 |       1.64496853    |
     +-----------+-----------------+-----------------+---------------------+
 
       oscillator strength (length gauge)   :      0.17978238
       oscillator strength (velocity gauge) :      0.14062423
       oscillator strength (mixed gauge)    :      0.16054492
 
       rotator strength (length gauge)      :      0.02747425 a.u.
       Rotator strength (length gauge)      :     12.95256043 10^(-40)*erg*cm^3
       rotator strength (velocity gauge)    :      0.04034049 a.u.
       Rotator strength (velocity gauge)    :     19.01826902 10^(-40)*erg*cm^3
 


  +=========================================================================+
  |  Transition                                             model: CC2      |
  |    number, symmetry, multiplicity:    2 a    1                          |
  |    frequency :   0.1875411663 a.u.     5.10326 e.V.     41160.5 rcm     |
  +=========================================================================+

     +-----------+-----------------+-----------------+---------------------+
     | operator  |   left moment   |  right moment   | transition strength |
     +-----------+-----------------+-----------------+---------------------+
     | xdiplen   |      0.72889914 |      0.39903432 |       0.29085577    |
     | ydiplen   |     -0.98545037 |     -0.58250524 |       0.57403000    |
     | zdiplen   |     -0.53171870 |     -0.32993166 |       0.17543083    |
     | xdipvel   |      0.13837739 |     -0.06183646 |       0.00855677    |
     | ydipvel   |     -0.17715099 |      0.08709515 |       0.01542899    |
     | zdipvel   |     -0.09418084 |      0.04776087 |       0.00449816    |
     | xangmom   |     -0.25289051 |      0.12477104 |       0.03155341    |
     | yangmom   |      0.32784773 |     -0.17999144 |       0.05900978    |
     | zangmom   |     -0.72750750 |      0.35359744 |       0.25724479    |
     | xxqudlen  |      0.72302949 |      0.36527171 |       0.26410221    |
     | xyqudlen  |      1.69957498 |      0.92352485 |       1.56959972    |
     | xzqudlen  |     -0.44069332 |     -0.27431098 |       0.12088702    |
     | yyqudlen  |     -8.75123660 |     -5.22640073 |      45.73746937    |
     | yzqudlen  |     -4.05290420 |     -2.48068537 |      10.05398014    |
     | zzqudlen  |     -1.64872570 |     -1.01277905 |       1.66979484    |
     +-----------+-----------------+-----------------+---------------------+
 
       oscillator strength (length gauge)   :      0.13006813
       oscillator strength (velocity gauge) :      0.10125392
       oscillator strength (mixed gauge)    :      0.11525926
 
       rotator strength (length gauge)      :     -0.03304025 a.u.
       Rotator strength (length gauge)      :    -15.57661768 10^(-40)*erg*cm^3
       rotator strength (velocity gauge)    :     -0.03371854 a.u.
       Rotator strength (velocity gauge)    :    -15.89639205 10^(-40)*erg*cm^3
 


  +=========================================================================+
  |  Transition                                             model: CC2      |
  |    number, symmetry, multiplicity:    3 a    1                          |
  |    frequency :   0.2062553848 a.u.     5.61249 e.V.     45267.8 rcm     |
  +=========================================================================+

     +-----------+-----------------+-----------------+---------------------+
     | operator  |   left moment   |  right moment   | transition strength |
     +-----------+-----------------+-----------------+---------------------+
     | xdiplen   |      0.18040698 |      0.09980781 |       0.01800603    |
     | ydiplen   |     -0.23923355 |     -0.13745544 |       0.03288395    |
     | zdiplen   |     -0.08686757 |     -0.04932839 |       0.00428504    |
     | xdipvel   |      0.02991705 |     -0.01509021 |       0.00045145    |
     | ydipvel   |     -0.06230984 |      0.02915518 |       0.00181665    |
     | zdipvel   |     -0.00014398 |     -0.00058523 |       0.00000008    |
     | xangmom   |     -0.32882887 |      0.19183633 |       0.06308132    |
     | yangmom   |     -0.67572175 |      0.37814333 |       0.25551968    |
     | zangmom   |     -0.45523804 |      0.25417507 |       0.11571016    |
     | xxqudlen  |     -0.36877446 |     -0.20392782 |       0.07520337    |
     | xyqudlen  |      0.50702034 |      0.28229501 |       0.14312931    |
     | xzqudlen  |     -0.00777405 |     -0.00606657 |       0.00004716    |
     | yyqudlen  |     -1.53135966 |     -0.89468692 |       1.37008746    |
     | yzqudlen  |     -0.41953939 |     -0.23218110 |       0.09740912    |
     | zzqudlen  |      0.03556026 |      0.03087389 |       0.00109788    |
     +-----------+-----------------+-----------------+---------------------+
 
       oscillator strength (length gauge)   :      0.00758676
       oscillator strength (velocity gauge) :      0.00733080
       oscillator strength (mixed gauge)    :      0.00706811
 
       rotator strength (length gauge)      :      0.04011341 a.u.
       Rotator strength (length gauge)      :     18.91121110 10^(-40)*erg*cm^3
       rotator strength (velocity gauge)    :      0.03918897 a.u.
       Rotator strength (velocity gauge)    :     18.47539052 10^(-40)*erg*cm^3
 


  +=========================================================================+
  |  Transition                                             model: CC2      |
  |    number, symmetry, multiplicity:    4 a    1                          |
  |    frequency :   0.2265290404 a.u.     6.16417 e.V.     49717.4 rcm     |
  +=========================================================================+

     +-----------+-----------------+-----------------+---------------------+
     | operator  |   left moment   |  right moment   | transition strength |
     +-----------+-----------------+-----------------+---------------------+
     | xdiplen   |      1.54317930 |      0.86200745 |       1.33023205    |
     | ydiplen   |     -1.45947731 |     -0.83112913 |       1.21301410    |
     | zdiplen   |     -0.70867424 |     -0.40967065 |       0.29032303    |
     | xdipvel   |      0.33314304 |     -0.16834902 |       0.05608430    |
     | ydipvel   |     -0.32098828 |      0.15401407 |       0.04943671    |
     | zdipvel   |     -0.15686913 |      0.07299959 |       0.01145138    |
     | xangmom   |     -1.01262953 |      0.51095195 |       0.51740503    |
     | yangmom   |     -0.81498749 |      0.45756350 |       0.37290852    |
     | zangmom   |     -0.03375010 |     -0.04936579 |       0.00166610    |
     | xxqudlen  |     -2.51067371 |     -1.48652758 |       3.73218572    |
     | xyqudlen  |      6.46897717 |      3.65934038 |      23.67218938    |
     | xzqudlen  |      0.23062518 |      0.13738100 |       0.03168352    |
     | yyqudlen  |     -9.73187689 |     -5.54303241 |      53.94410903    |
     | yzqudlen  |     -2.17379074 |     -1.23606057 |       2.68693702    |
     | zzqudlen  |      0.83979248 |      0.48140737 |       0.40428228    |
     +-----------+-----------------+-----------------+---------------------+
 
       oscillator strength (length gauge)   :      0.42792381
       oscillator strength (velocity gauge) :      0.34424548
       oscillator strength (mixed gauge)    :      0.38484162
 
       rotator strength (length gauge)      :     -0.08434478 a.u.
       Rotator strength (length gauge)      :    -39.76381143 10^(-40)*erg*cm^3
       rotator strength (velocity gauge)    :     -0.08120752 a.u.
       Rotator strength (velocity gauge)    :    -38.28476689 10^(-40)*erg*cm^3
 


  +=========================================================================+
  |  Transition                                             model: CC2      |
  |    number, symmetry, multiplicity:    5 a    1                          |
  |    frequency :   0.2366765068 a.u.     6.44030 e.V.     51944.5 rcm     |
  +=========================================================================+

     +-----------+-----------------+-----------------+---------------------+
     | operator  |   left moment   |  right moment   | transition strength |
     +-----------+-----------------+-----------------+---------------------+
     | xdiplen   |      0.21477662 |      0.11539439 |       0.02478402    |
     | ydiplen   |     -0.07767538 |     -0.04037764 |       0.00313635    |
     | zdiplen   |      0.00853573 |      0.00802028 |       0.00006846    |
     | xdipvel   |      0.04890603 |     -0.02282898 |       0.00111647    |
     | ydipvel   |     -0.00909242 |      0.00454452 |       0.00004132    |
     | zdipvel   |     -0.00225950 |      0.00051981 |       0.00000117    |
     | xangmom   |     -0.59012854 |      0.32499870 |       0.19179101    |
     | yangmom   |     -0.15316863 |      0.08906568 |       0.01364207    |
     | zangmom   |     -0.62606561 |      0.33166081 |       0.20764143    |
     | xxqudlen  |     -0.12066378 |     -0.07238760 |       0.00873456    |
     | xyqudlen  |      0.95810539 |      0.51229632 |       0.49083387    |
     | xzqudlen  |      0.22785076 |      0.11862187 |       0.02702808    |
     | yyqudlen  |     -0.19111509 |     -0.08444849 |       0.01613938    |
     | yzqudlen  |      0.24774532 |      0.15180575 |       0.03760916    |
     | zzqudlen  |      0.25404123 |      0.14344706 |       0.03644147    |
     +-----------+-----------------+-----------------+---------------------+
 
       oscillator strength (length gauge)   :      0.00441620
       oscillator strength (velocity gauge) :      0.00326457
       oscillator strength (mixed gauge)    :      0.00374806
 
       rotator strength (length gauge)      :     -0.03316226 a.u.
       Rotator strength (length gauge)      :    -15.63413572 10^(-40)*erg*cm^3
       rotator strength (velocity gauge)    :     -0.02829358 a.u.
       Rotator strength (velocity gauge)    :    -13.33882993 10^(-40)*erg*cm^3
 
 Exporting transition densities


    ------------------------------------------------------------------------
         total  cpu-time :  2 hours 14 minutes and 25 seconds
         total wall-time :  2 hours 17 minutes and 44 seconds
    ------------------------------------------------------------------------

   ****  ricc2 : all done  ****


    2022-12-19 23:22:18.823 

