
   OpenMP run-time library returned nthreads = 62

 dscf (vap-workplace) : TURBOMOLE rev. V7-7-1 compiled 3 Feb 2023 at 10:13:59
 Copyright (C) 2023 TURBOMOLE GmbH, Karlsruhe


    2023-12-06 11:33:29.506 



                             d s c f - program

                   idea & directorship : reinhart ahlrichs
                   program development : marco haeser
                                         michael baer
                           dft version : oliver treutler


                          quantum chemistry group
                          universitaet  karlsruhe
                                  germany



   *-----------------------------------------------------------------------*
   |                     program will use 62 thread(s)                     |
   *-----------------------------------------------------------------------*


              +--------------------------------------------------+
              | Atomic coordinate, charge and isotop information |
              +--------------------------------------------------+

                    atomic coordinates            atom    charge  isotop
         -1.77861969   -6.54732469    1.36740016    ag    47.000     0
         -4.19258797    2.04313977   -0.28018591    ag    47.000     0
         -7.46369257   -3.19278868   -2.86949244    n      7.000     0
         -5.40672946   -3.70161256   -1.33110230    c      6.000     0
         -4.86300045   -6.23069918   -0.95227646    n      7.000     0
         -6.23625687   -8.06362960   -2.00831968    c      6.000     0
         -8.34062755   -7.49323277   -3.58801545    c      6.000     0
         -8.88374240   -5.01918442   -3.96451504    c      6.000     0
         -4.15897731   -2.01329911   -0.37324359    o      8.000     0
         -5.59484036  -10.45900109   -1.55268214    n      7.000     0
         -6.58987943  -11.89306323   -2.31416051    h      1.000     0
         -4.10440201  -10.86934756   -0.42615025    h      1.000     0
         -9.46217056   -8.96315436   -4.45347223    h      1.000     0
        -10.44179703   -4.38708615   -5.13128676    h      1.000     0
         -7.85825794   -1.33761430   -3.13990469    h      1.000     0
          4.04414432   -9.38409463    5.85531265    n      7.000     0
          1.98862306   -9.10628599    4.25285134    c      6.000     0
          1.29806989   -6.64365159    3.70907887    n      7.000     0
          2.52870490   -4.66276695    4.67101183    c      6.000     0
          4.62826622   -4.99949347    6.32307656    c      6.000     0
          5.31838476   -7.40655481    6.86198299    c      6.000     0
          0.86799279  -10.92276256    3.38397605    o      8.000     0
          1.75014340   -2.34506132    4.05208684    n      7.000     0
          2.63686716   -0.81033157    4.74940334    h      1.000     0
          0.25649253   -2.09311169    2.88006924    h      1.000     0
          5.63423926   -3.41125614    7.11843394    h      1.000     0
          6.88584456   -7.86350760    8.09620281    h      1.000     0
          4.54855002  -11.18963158    6.24967770    h      1.000     0
 
       center of nuclear mass  :   -2.37492178   -4.33380444    0.98038480
       center of nuclear charge:   -2.32235069   -4.51669966    1.01814169

   *************************************************************************
   Cyt2Ag2absH2O                                                            
   *************************************************************************



              +--------------------------------------------------+
              |               basis set information              |
              +--------------------------------------------------+

              we will work with the 1s 3p 5d 7f 9g ... basis set
              ...i.e. with spherical basis functions...

   type   atoms  prim   cont   basis
   ---------------------------------------------------------------------------
    o        2     46     31   def2-TZVP   [5s3p2d1f|11s6p2d1f]
    ag       2     81     56   def2-TZVPP   [6s4p3d2f1g|7s7p6d2f1g]
    n        6     46     31   def2-TZVP   [5s3p2d1f|11s6p2d1f]
    h       10      7      5   def2-SVP   [2s1p|4s1p]
    c        8     46     31   def2-TZVP   [5s3p2d1f|11s6p2d1f]
   ---------------------------------------------------------------------------
   total:   28    968    658
   ---------------------------------------------------------------------------

   total number of primitive shells          :   88
   total number of contracted shells         :  238
   total number of cartesian basis functions :  768
   total number of SCF-basis functions       :  658

  number of unique ecp types :    1

 integral neglect threshold       :  0.43E-11
 integral storage threshold THIZE :  0.10E-04
 integral storage threshold THIME :         5


 DENSITY CONVERGENCE CHECK SWITCHED ON !
 SCF CONVERGENCE IF RMS(delta[D]) <     0.1000000000E-06


 symmetry group of the molecule :   c1 

 the group has the following generators :
   c1(z)

    1 symmetry operations found

 there are 1 real representations :   a   

 maximum number of shells which are related by symmetry :  1

 ==============================================================================
                      COSMO switched on
 ==============================================================================
 COSMO stati: segments per atom: H   32 other atoms   92
 COSMO statistics: nps   1044 npspher:    424
 COSMO surface:
   number of segments: 1044
   area (bohr**2):     1038.869967
   volume (bohr**3):   2186.705400
 COSMO: check number of disjunct cavities:

       ... OK contiguous cavity found

          ------------------------
          nuclear repulsion energy  :   1637.15029876    
          ------------------------


         -----------------
         -S,T+V- integrals
         -----------------

 1e-integrals will be neglected if expon. factor < 0.435151E-12


          ----------------
          -ecp-  integrals
          ----------------
 
 Difference densities algorithm switched on.
 The maximal number of linear combinations of
 difference densities is  20.

 DIIS switched on: error vector is FDS-SDF
 Max. Iterations for DIIS is     :   5
 DIIS matrix (see manual) 
    Scaling factor of diagonals  :  1.200
    threshold for scaling factor :  0.000

 scf convergence criterion : increment of total energy < .1000000D-06
                  and increment of one-electron energy < .1000000D-03

 MOs are in ASCII format !


    mo occupation :
   irrep   mo's   occupied
    a      658       76
 
 number of basis functions   :   658
 number of occupied orbitals :    76
 

 reading orbital data $scfmo  from file mos
 orbital characterization : expanded
 virtual MOs provided and orthogonalized by Cholesky decomposition

 automatic virtual orbital shift switched on 
      shift if e(lumo)-e(homo) < 0.10000000    


 DSCF restart information will be dumped onto file mos

 
                                              current damping :  1.000
 ITERATION  ENERGY          1e-ENERGY        2e-ENERGY     RMS[dD(SAO)]   TOL
   1  -1074.4714650794    -4798.6842557     2087.0624918    0.000D+00 0.434D-11
                          Ediel =    -0.309552426072
          max. resid. norm for Fia-block=  4.320D-01 for orbital     76a         
          max. resid. fock norm         =  1.737D+01 for orbital    517a         
          Delta Eig. =  1490.0310117728 eV 
 
                                              current damping :  0.950
 ITERATION  ENERGY          1e-ENERGY        2e-ENERGY     RMS[dD(SAO)]   TOL
   2  -1076.6135990271    -4806.1153908     2092.3514930    0.394D-02 0.289D-11
                          Ediel =    -0.287271568885
          Norm of current diis error:  4.9765    
          max. resid. norm for Fia-block=  1.999D-01 for orbital      1a         
          max. resid. fock norm         =  2.055D-01 for orbital     59a         
          Delta Eig. =   763.9657476633 eV 
 
                                              current damping :  0.850
 ITERATION  ENERGY          1e-ENERGY        2e-ENERGY     RMS[dD(SAO)]   TOL
   3  -1077.2916388583    -4811.0976738     2096.6557362    0.227D-02 0.215D-11
                          Ediel =    -0.277468564674
          Norm of current diis error:  2.7031    
          max. resid. norm for Fia-block=  1.054D-01 for orbital     25a         
          max. resid. fock norm         =  1.131D-01 for orbital     25a         
          Delta Eig. =   392.3548353506 eV 
 
                                              current damping :  0.750
 ITERATION  ENERGY          1e-ENERGY        2e-ENERGY     RMS[dD(SAO)]   TOL
   4  -1077.5311178714    -4813.6668723     2098.9854557    0.145D-02 0.177D-11
                          Ediel =    -0.272435434034
          Norm of current diis error:  1.4022    
          max. resid. norm for Fia-block=  5.793D-02 for orbital     25a         
          max. resid. fock norm         =  6.196D-02 for orbital     25a         
          Delta Eig. =   190.6371453762 eV 
 
                                              current damping :  0.650
 ITERATION  ENERGY          1e-ENERGY        2e-ENERGY     RMS[dD(SAO)]   TOL
   5  -1077.6118172522    -4814.9391639     2100.1770479    0.880D-03 0.154D-11
                          Ediel =    -0.269730384999
          Norm of current diis error: 0.67324    
          max. resid. norm for Fia-block=  2.889D-02 for orbital     25a         
          max. resid. fock norm         =  3.109D-02 for orbital     26a         
 mo-orthogonalization: Cholesky decomposition
          Delta Eig. =    86.6491892664 eV 
 
                                              current damping :  0.550
 ITERATION  ENERGY          1e-ENERGY        2e-ENERGY     RMS[dD(SAO)]   TOL
   6  -1077.6350946811    -4815.5966366     2100.8112432    0.507D-03 0.138D-11
                          Ediel =    -0.268436567312
          Norm of current diis error: 0.29817    
          max. resid. norm for Fia-block=  1.339D-02 for orbital     74a         
          max. resid. fock norm         =  1.422D-02 for orbital     26a         
          Delta Eig. =    36.3336592473 eV 
 
                                              current damping :  0.400
 ITERATION  ENERGY          1e-ENERGY        2e-ENERGY     RMS[dD(SAO)]   TOL
   7  -1077.6408952383    -4815.9247953     2101.1336013    0.275D-03 0.128D-11
                          Ediel =    -0.267881684657
          Norm of current diis error: 0.12261    
          max. resid. norm for Fia-block=  7.240D-03 for orbital     74a         
          max. resid. fock norm         =  7.317D-03 for orbital     74a         
          Delta Eig. =    14.2709094368 eV 
 
                                              current damping :  0.250
 ITERATION  ENERGY          1e-ENERGY        2e-ENERGY     RMS[dD(SAO)]   TOL
   8  -1077.6422203864    -4816.0833640     2101.2908448    0.145D-03 0.119D-11
                          Ediel =    -0.267658307187
          Norm of current diis error: 0.45623E-01
          max. resid. norm for Fia-block=  3.789D-03 for orbital     74a         
          max. resid. fock norm         =  3.838D-03 for orbital     74a         
          Delta Eig. =     4.5645644669 eV 
 
                                              current damping :  0.100
 ITERATION  ENERGY          1e-ENERGY        2e-ENERGY     RMS[dD(SAO)]   TOL
   9  -1077.6424890247    -4816.1490937     2101.3563059    0.697D-04 0.112D-11
                          Ediel =    -0.267575620720
          Norm of current diis error: 0.16406E-01
          max. resid. norm for Fia-block=  1.968D-03 for orbital     74a         
          max. resid. fock norm         =  2.000D-03 for orbital     74a         
          Delta Eig. =     1.0380367304 eV 
 
                                              current damping :  0.100
 ITERATION  ENERGY          1e-ENERGY        2e-ENERGY     RMS[dD(SAO)]   TOL
  10  -1077.6425425260    -4816.1733040     2101.3804627    0.319D-04 0.105D-11
                          Ediel =    -0.267543047334
          Norm of current diis error: 0.60363E-02
          max. resid. norm for Fia-block=  9.913D-04 for orbital     74a         
          max. resid. fock norm         =  1.010D-03 for orbital     74a         
 mo-orthogonalization: Cholesky decomposition
          Delta Eig. =     0.0952333156 eV 
 
                                              current damping :  0.100
 ITERATION  ENERGY          1e-ENERGY        2e-ENERGY     RMS[dD(SAO)]   TOL
  11  -1077.6425522638    -4816.1795047     2101.3866537    0.131D-04 0.993D-12
                          Ediel =    -0.267525796625
          Norm of current diis error: 0.24073E-02
          max. resid. norm for Fia-block=  4.769D-04 for orbital     74a         
          max. resid. fock norm         =  4.859D-04 for orbital     74a         
          Delta Eig. =     0.0091607206 eV 
 
                                              current damping :  0.100
 ITERATION  ENERGY          1e-ENERGY        2e-ENERGY     RMS[dD(SAO)]   TOL
  12  -1077.6425540908    -4816.1808977     2101.3880449    0.592D-05 0.958D-12
                          Ediel =    -0.267514475276
          Norm of current diis error: 0.90617E-03
          max. resid. norm for Fia-block=  1.865D-04 for orbital     74a         
          max. resid. fock norm         =  1.903D-04 for orbital     74a         
          Delta Eig. =     0.0012434339 eV 
 
                                              current damping :  0.100
 ITERATION  ENERGY          1e-ENERGY        2e-ENERGY     RMS[dD(SAO)]   TOL
  13  -1077.6425543629    -4816.1809249     2101.3880718    0.236D-05 0.938D-12
                          Ediel =    -0.267508025979
          Norm of current diis error: 0.33328E-03
          max. resid. norm for Fia-block=  6.105D-05 for orbital     74a         
          max. resid. fock norm         =  6.226D-05 for orbital     74a         
          Delta Eig. =     0.0008025685 eV 
 
                                              current damping :  0.150
 ITERATION  ENERGY          1e-ENERGY        2e-ENERGY     RMS[dD(SAO)]   TOL
  14  -1077.6425543928    -4816.1807781     2101.3879250    0.848D-06 0.124D-11
                          Ediel =    -0.267505323311
          Norm of current diis error: 0.10810E-03
          max. resid. norm for Fia-block=  1.352D-05 for orbital     74a         
          max. resid. fock norm         =  1.392D-05 for orbital     74a         
          Delta Eig. =     0.0005471087 eV 
 
                                              current damping :  0.100
 ITERATION  ENERGY          1e-ENERGY        2e-ENERGY     RMS[dD(SAO)]   TOL
  15  -1077.6425543937    -4816.1807093     2101.3878561    0.228D-06 0.124D-11
                          Ediel =    -0.267504332043
          Norm of current diis error: 0.46799E-04
          max. resid. norm for Fia-block=  4.749D-06 for orbital     71a         
          max. resid. fock norm         =  5.841D-06 for orbital     70a         
 mo-orthogonalization: Cholesky decomposition
          Delta Eig. =     0.0003498666 eV 

 ENERGY & DENSITY CONVERGED !

 
                                              current damping :  0.100
 ITERATION  ENERGY          1e-ENERGY        2e-ENERGY     RMS[dD(SAO)]   TOL
  16  -1077.6425543936    -4816.1806875     2101.3878344    0.785D-07 0.124D-11
                          Ediel =    -0.267504089405
          max. resid. norm for Fia-block=  1.261D-06 for orbital     75a         
          max. resid. fock norm         =  1.755D-06 for orbital    633a         

 convergence criteria satisfied after    16 iterations


   *************************************************************************
   Cyt2Ag2absH2O                                                            
   *************************************************************************


                  ------------------------------------------ 
                 |  total energy      =  -1077.64255439361  |
                  ------------------------------------------ 
                 :  kinetic energy    =    897.68844167101  :
                 :  potential energy  =  -1975.33099606462  :
                 :  virial theorem    =      1.83301131531  :
                 :  wavefunction norm =      1.00000000000  :
                  .......................................... 


 <geterg> : there is no data group $energy 


 <skperg> : $end is missing 


 orbitals $scfmo  will be written to file mos

    irrep                 72a         73a         74a         75a         76a   
 eigenvalues H         -0.43077    -0.41013    -0.40307    -0.37342    -0.36213
            eV         -11.7219    -11.1603    -10.9683    -10.1614     -9.8542
 occupation              2.0000      2.0000      2.0000      2.0000      2.0000

    irrep                 77a         78a         79a         80a         81a   
 eigenvalues H          0.01063     0.06499     0.07543     0.07659     0.08863
            eV           0.2892      1.7684      2.0525      2.0842      2.4118
 
 ==============================================================================
                                  COSMO RESULTS
 ==============================================================================
  PARAMETER:
    nppa:      1082
    nspa:        92
    nsph:        32
    nps:       1044
    npspher:    424
    disex:   10.0000    
    disex2:  4835.66    
    rsolv [A]: 1.9300
    routf:     0.8500
    phsran:    0.0    
    ampran:   0.10E-04
    cavity:  closed
    epsilon:    78.355
    refind:     1.300
    fepsi:      0.9809778
  CAVITY VOLUME/AREA [a.u.]:
    surface: V1.0, A matrix: V1.0
    area:  1038.87
    volume:  2186.71
  SCREENING CHARGE:
    cosmo      :  -2.022151
    correction :   0.023607
    total      :  -1.998545
  ENERGIES [a.u.]:
    Total energy            =     -1077.6425543936057
    Total energy + OC corr. =     -1077.6382614781
    Dielectric energy       =        -0.2675040894
    Diel. energy + OC corr. =        -0.2632111739
  ELEMENT RADIUS [A]: ATOM LIST
    ag 2.22: 1,2
    n  1.83: 3,5,10,16,18,23
    c  2.00: 4,6-8,17,19-21
    o  1.72: 9,22
    h  1.30: 11-15,24-28
 ==============================================================================
 
 
 
 ==============================================================================
                           electrostatic moments
 ==============================================================================

 reference point for electrostatic moments:    0.00000   0.00000   0.00000

 
              nuc           elec       ->  total
 ------------------------------------------------------------------------------
                          charge      
 ------------------------------------------------------------------------------
         154.000000    -152.000000       2.000000
 
 ------------------------------------------------------------------------------
                       dipole moment  
 ------------------------------------------------------------------------------
   x    -320.499829     314.208700      -6.291130
   y    -822.389750     817.311950      -5.077800
   z     183.367756    -182.470066       0.897689
 
   | dipole moment | =     8.1344 a.u. =    20.6755 debye 
 
 ------------------------------------------------------------------------------
                     quadrupole moment
 ------------------------------------------------------------------------------
  xx    3548.263994   -3557.380580      -9.116586
  yy    6585.585116   -6613.530734     -27.945618
  zz    1877.741174   -1933.607398     -55.866224
  xy    1130.346058   -1120.461908       9.884150
  xz    1804.586662   -1757.612313      46.974349
  yz   -1394.159703    1387.765049      -6.394654
 
     1/3  trace=     -30.976143
     anisotropy=      93.248824
 
 
 ==============================================================================
                      CALCULATION OF QUANTITIES ON GRID
 ==============================================================================
 
 
     output format: .cub (cube format)
 
 
 quantities to be calculated are 
 amplitudes of   15 MOs
 
 calculation at a grid of  106*  110*  127 points
 
 origin at            0.00000        0.00000        0.00000
 
 normalised grid vectors:
                        x              y              z
  1. vector:         0.00000        0.00000        1.00000
  2. vector:         0.00000        1.00000        0.00000
  3. vector:         1.00000        0.00000        0.00000
 
                     minimum       increment       maximum
  1. vector:        -9.13129        0.20217       12.09620
  2. vector:       -15.89306        0.20125        6.04314
  3. vector:       -14.44180        0.20101       10.88584
 
 amplitudes on grid will be calculated for
  MO   col spin   energy/a.u   output file
  51a             -0.65362     51a.cub                                 
  53a             -0.62032     53a.cub                                 
  58a             -0.56795     58a.cub                                 
  61a             -0.55758     61a.cub                                 
  64a             -0.52514     64a.cub                                 
  68a             -0.50694     68a.cub                                 
  71a             -0.47389     71a.cub                                 
  72a             -0.43077     72a.cub                                 
  73a             -0.41013     73a.cub                                 
  74a             -0.40307     74a.cub                                 
  75a             -0.37342     75a.cub                                 
  76a             -0.36213     76a.cub                                 
  77a              0.01063     77a.cub                                 
  82a              0.08877     82a.cub                                 
  85a              0.12693     85a.cub                                 
 
 ==============================================================================
 
HOMO-LUMO Separation
 HOMO         :   -0.36213142 H =     -9.85410 eV
 LUMO         :    0.01062845 H =     +0.28921 eV
 HOMO-LUMO gap:    0.37275987 H =    +10.14332 eV
 
 ==============================================================================


    ------------------------------------------------------------------------
         total  cpu-time : 50 minutes and 30 seconds
         total wall-time :  1 minutes and 43 seconds
    ------------------------------------------------------------------------

   ****  dscf : all done  ****


    2023-12-06 11:35:12.279 

 dscf ended normally
