
   OpenMP run-time library returned nthreads = 16

 dscf (saturn) : TURBOMOLE rev. V7-7-1 compiled 3 Feb 2023 at 10:13:59
 Copyright (C) 2023 TURBOMOLE GmbH, Karlsruhe


    2025-11-11 11:19:02.980 



                             d s c f - program

                   idea & directorship : reinhart ahlrichs
                   program development : marco haeser
                                         michael baer
                           dft version : oliver treutler


                          quantum chemistry group
                          universitaet  karlsruhe
                                  germany



   *-----------------------------------------------------------------------*
   |                     program will use 16 thread(s)                     |
   *-----------------------------------------------------------------------*


              +--------------------------------------------------+
              | Atomic coordinate, charge and isotop information |
              +--------------------------------------------------+

                    atomic coordinates            atom    charge  isotop
          0.00000000    0.00000000    5.00000000    q      0.000     0
         -1.85228086    1.34576082    0.00000000    c      6.000     0
         -1.85228086   -1.34576082    0.00000000    c      6.000     0
          0.70750833   -2.17748675    0.00000000    c      6.000     0
          2.28954506    0.00000000    0.00000000    c      6.000     0
          0.70750833    2.17748675    0.00000000    c      6.000     0
         -3.54377341    2.57470210   -0.00000000    h      1.000     0
         -3.54377341   -2.57470210   -0.00000000    h      1.000     0
          1.35360100   -4.16595550   -0.00000000    h      1.000     0
          4.38034484    0.00000000   -0.00000000    h      1.000     0
          1.35360100    4.16595550   -0.00000000    h      1.000     0
          0.00000000    0.00000000    0.00000000    q      0.000     0
 
       center of nuclear mass  :   -0.00000000    0.00000000   -0.00000000
       center of nuclear charge:   -0.00000000    0.00000000   -0.00000000

              +--------------------------------------------------+
              |               basis set information              |
              +--------------------------------------------------+

              we will work with the 1s 3p 5d 7f 9g ... basis set
              ...i.e. with spherical basis functions...

   type   atoms  prim   cont   basis
   ---------------------------------------------------------------------------
    no       2      0      0   ne   [|]
    c        5     24     14   def2-SV(P)   [3s2p1d|7s4p1d]
    h        5      4      2   def2-SV(P)   [2s|4s]
   ---------------------------------------------------------------------------
   total:   12    140     80
   ---------------------------------------------------------------------------

   total number of primitive shells          :   16
   total number of contracted shells         :   40
   total number of cartesian basis functions :   85
   total number of SCF-basis functions       :   80


 integral neglect threshold       :  0.39E-10
 integral storage threshold THIZE :  0.10E-04
 integral storage threshold THIME :         5


 symmetry group of the molecule :   c5v

 the group has the following generators :
   c5(z)
   mirror plane sigma(xz)

   10 symmetry operations found

 there are 4 real representations :   a1   a2   e1   e2  

 maximum number of shells which are related by symmetry :  5


          ------------------------
          nuclear repulsion energy  :   147.590478081    
          ------------------------


         -----------------
         -S,T+V- integrals
         -----------------

 1e-integrals will be neglected if expon. factor < 0.393172E-11
 
 Difference densities algorithm switched on.
 The maximal number of linear combinations of
 difference densities is  20.

 DIIS switched on: error vector is FDS-SDF
 Max. Iterations for DIIS is     :   5
 DIIS matrix (see manual) 
    Scaling factor of diagonals  :  1.200
    threshold for scaling factor :  0.000

 scf convergence criterion : increment of total energy < .1000000D-06
                  and increment of one-electron energy < .1000000D-03

 MOs are in ASCII format !


    mo occupation :
   irrep   mo's   occupied
    a1      12        4
    a2       4        0
    e1      16        4
    e2      16        3
 
 number of basis functions   :    80
 number of occupied orbitals :    18
 

 reading orbital data $scfmo  from file mos
 orbital characterization : expanded
 virtual MOs provided and orthogonalized by Cholesky decomposition

 automatic virtual orbital shift switched on 
      shift if e(lumo)-e(homo) < 0.10000000    


 DSCF restart information will be dumped onto file mos

 
                                              current damping :  0.300
 ITERATION  ENERGY          1e-ENERGY        2e-ENERGY     NORM[dD(SAO)]  TOL
   1  -191.56012918696    -554.03065793     214.88005067    0.000D+00 0.392D-10
          max. resid. norm for Fia-block=  2.666D-01 for orbital      1e2        
          max. resid. fock norm         =  1.099D+00 for orbital      2a2        
          Delta Eig. =    35.0720143817 eV 
 
                                              current damping :  0.250
 ITERATION  ENERGY          1e-ENERGY        2e-ENERGY     NORM[dD(SAO)]  TOL
   2  -191.94955390871    -558.12074402     218.58071203    0.647D+00 0.246D-10
          Norm of current diis error: 0.99316    
          max. resid. norm for Fia-block=  1.066D-01 for orbital      2a1        
          max. resid. fock norm         =  1.120D-01 for orbital      2a1        
          Delta Eig. =    10.2320088864 eV 
 
                                              current damping :  0.200
 ITERATION  ENERGY          1e-ENERGY        2e-ENERGY     NORM[dD(SAO)]  TOL
   3  -192.02401798141    -558.07447427     218.45997821    0.224D+00 0.201D-10
          Norm of current diis error: 0.34093    
          max. resid. norm for Fia-block=  3.952D-02 for orbital      2a1        
          max. resid. fock norm         =  4.254D-02 for orbital      2a1        
          Delta Eig. =     1.6390652083 eV 
 
                                              current damping :  0.250
 ITERATION  ENERGY          1e-ENERGY        2e-ENERGY     NORM[dD(SAO)]  TOL
   4  -192.03515486470    -558.62998687     219.00435392    0.965D-01 0.175D-10
          Norm of current diis error: 0.75890E-01
          max. resid. norm for Fia-block=  1.025D-02 for orbital      4e1        
          max. resid. fock norm         =  1.025D-02 for orbital      4e1        
          Delta Eig. =     0.4505844677 eV 
 
                                              current damping :  0.300
 ITERATION  ENERGY          1e-ENERGY        2e-ENERGY     NORM[dD(SAO)]  TOL
   5  -192.03605511320    -558.61731392     218.99078072    0.102D-01 0.162D-10
          Norm of current diis error: 0.25260E-01
          max. resid. norm for Fia-block=  3.409D-03 for orbital      4e1        
          max. resid. fock norm         =  3.409D-03 for orbital      4e1        
 mo-orthogonalization: Cholesky decomposition
          Delta Eig. =     0.0582992002 eV 
 
                                              current damping :  0.350
 ITERATION  ENERGY          1e-ENERGY        2e-ENERGY     NORM[dD(SAO)]  TOL
   6  -192.03617080842    -558.64885945     219.02221056    0.214D-02 0.153D-10
          Norm of current diis error: 0.81094E-02
          max. resid. norm for Fia-block=  1.474D-03 for orbital      4e1        
          max. resid. fock norm         =  1.474D-03 for orbital      4e1        
          Delta Eig. =     0.0259292805 eV 
 
                                              current damping :  0.200
 ITERATION  ENERGY          1e-ENERGY        2e-ENERGY     NORM[dD(SAO)]  TOL
   7  -192.03618615630    -558.65288060     219.02621636    0.332D-03 0.144D-10
          Norm of current diis error: 0.29253E-02
          max. resid. norm for Fia-block=  5.559D-04 for orbital      4e1        
          max. resid. fock norm         =  5.559D-04 for orbital      4e1        
          Delta Eig. =     0.0099881484 eV 
 
                                              current damping :  0.100
 ITERATION  ENERGY          1e-ENERGY        2e-ENERGY     NORM[dD(SAO)]  TOL
   8  -192.03618840902    -558.65555855     219.02889206    0.517D-04 0.136D-10
          Norm of current diis error: 0.72645E-03
          max. resid. norm for Fia-block=  1.537D-04 for orbital      4a1        
          max. resid. fock norm         =  1.537D-04 for orbital      4a1        
          Delta Eig. =     0.0032273787 eV 
 
                                              current damping :  0.100
 ITERATION  ENERGY          1e-ENERGY        2e-ENERGY     NORM[dD(SAO)]  TOL
   9  -192.03618856224    -558.65601257     219.02934593    0.713D-05 0.129D-10
          Norm of current diis error: 0.13808E-03
          max. resid. norm for Fia-block=  2.757D-05 for orbital      4a1        
          max. resid. fock norm         =  2.757D-05 for orbital      4a1        
          Delta Eig. =     0.0003919239 eV 
 
                                              current damping :  0.100
 ITERATION  ENERGY          1e-ENERGY        2e-ENERGY     NORM[dD(SAO)]  TOL
  10  -192.03618857004    -558.65624754     219.02958089    0.143D-05 0.124D-10
          Norm of current diis error: 0.28445E-04
          max. resid. norm for Fia-block=  5.208D-06 for orbital      4a1        
          max. resid. fock norm         =  5.208D-06 for orbital      4a1        
 mo-orthogonalization: Cholesky decomposition
          Delta Eig. =     0.0001604912 eV 

 ENERGY CONVERGED !

 
                                              current damping :  0.150
 ITERATION  ENERGY          1e-ENERGY        2e-ENERGY     NORM[dD(SAO)]  TOL
  11  -192.03618857183    -558.65620774     219.02954109    0.264D-06 0.120D-10
          max. resid. norm for Fia-block=  1.265D-06 for orbital      3e1        
          max. resid. fock norm         =  1.355D-06 for orbital      3e1        

 convergence criteria satisfied after    11 iterations


                  ------------------------------------------ 
                 |  total energy      =   -192.03618857183  |
                  ------------------------------------------ 
                 :  kinetic energy    =    190.92182522671  :
                 :  potential energy  =   -382.95801379854  :
                 :  virial theorem    =      1.99419711798  :
                 :  wavefunction norm =      1.00000000000  :
                  .......................................... 


 <geterg> : there is no data group $energy 


 <skperg> : $end is missing 


 orbitals $scfmo  will be written to file mos

    irrep                  1a1         2a1         3a1         4a1         5a1  
 eigenvalues H        -10.99363    -0.89457    -0.46329    -0.26772     0.37150
            eV        -299.1544    -24.3426    -12.6067     -7.2851     10.1092
 occupation              2.0000      2.0000      2.0000      2.0000

    irrep                  6a1         7a1         8a1         9a1        10a1  
 eigenvalues H          0.73393     0.89778     0.94058     1.24297     1.86942
            eV          19.9713     24.4301     25.5947     33.8233     50.8698

    irrep                  1a2         2a2         3a2         4a2  
 eigenvalues H          0.82996     1.31507     3.07054     3.51910
            eV          22.5845     35.7851     83.5543     95.7603

    irrep                  1e1         2e1         3e1         4e1         5e1  
 eigenvalues H        -10.99303    -0.69773    -0.31216    -0.06015     0.40917
            eV        -299.1379    -18.9863     -8.4943     -1.6369     11.1341
 occupation          2 * 2.0000  2 * 2.0000  2 * 2.0000  2 * 2.0000

    irrep                  6e1         7e1         8e1         9e1        10e1  
 eigenvalues H          0.62263     0.82705     0.98658     1.11110     1.19382
            eV          16.9427     22.5055     26.8465     30.2347     32.4857

    irrep                  1e2         2e2         3e2         4e2         5e2  
 eigenvalues H        -10.99195    -0.49521    -0.28944     0.42422     0.44112
            eV        -299.1085    -13.4755     -7.8763     11.5438     12.0037
 occupation          2 * 2.0000  2 * 2.0000  2 * 2.0000

    irrep                  6e2         7e2         8e2         9e2        10e2  
 eigenvalues H          0.70736     0.90692     1.07675     1.15289     1.29422
            eV          19.2483     24.6787     29.3000     31.3719     35.2177
 
 
 
 
 ==============================================================================
                           electrostatic moments
 ==============================================================================

 reference point for electrostatic moments:    0.00000   0.00000   0.00000

 
              nuc           elec       ->  total
 ------------------------------------------------------------------------------
                          charge      
 ------------------------------------------------------------------------------
          35.000000     -36.000000      -1.000000
 
 ------------------------------------------------------------------------------
                       dipole moment  
 ------------------------------------------------------------------------------
   x      -0.000000      -0.000000      -0.000000
   y       0.000000       0.000000       0.000000
   z      -0.000000       0.000000      -0.000000
 
   | dipole moment | =     0.0000 a.u. =     0.0000 debye 
 
 ------------------------------------------------------------------------------
                     quadrupole moment
 ------------------------------------------------------------------------------
  xx     126.598801    -154.319319     -27.720518
  yy     126.598801    -154.319319     -27.720518
  zz       0.000000     -28.954371     -28.954371
  xy       0.000000      -0.000000      -0.000000
  xz       0.000000       0.000000       0.000000
  yz       0.000000       0.000000       0.000000
 
     1/3  trace=     -28.131802
     anisotropy=       1.233853
 
 ==============================================================================
 
HOMO-LUMO Separation
 HOMO         :   -0.06015430 H =     -1.63688 eV
 LUMO         :    0.37150257 H =    +10.10910 eV
 HOMO-LUMO gap:    0.43165687 H =    +11.74599 eV
 
 ==============================================================================


    ------------------------------------------------------------------------
         total  cpu-time :  10.35 seconds
         total wall-time :   0.68 seconds
    ------------------------------------------------------------------------

   ****  dscf : all done  ****


    2025-11-11 11:19:03.619 

 dscf ended normally
