
   OpenMP run-time library returned nthreads = 62

 ricc2 (vap-workplace) : TURBOMOLE rev. V7-7-1 compiled 3 Feb 2023 at 10:13:59
 Copyright (C) 2023 TURBOMOLE GmbH, Karlsruhe


    2023-12-06 09:31:23.057 



                              R I C C 2 - PROGRAM

                          the quantum chemistry groups
                             at the universities in
                               Karlsruhe & Bochum
                                   Germany



   *-----------------------------------------------------------------------*
   |                     program will use 62 thread(s)                     |
   *-----------------------------------------------------------------------*


              +--------------------------------------------------+
              | Atomic coordinate, charge and isotop information |
              +--------------------------------------------------+

                    atomic coordinates            atom    charge  isotop
         -1.77861969   -6.54732469    1.36740016    ag    47.000     0
         -4.19258797    2.04313977   -0.28018591    ag    47.000     0
         -7.46369257   -3.19278868   -2.86949244    n      7.000     0
         -5.40672946   -3.70161256   -1.33110230    c      6.000     0
         -4.86300045   -6.23069918   -0.95227646    n      7.000     0
         -6.23625687   -8.06362960   -2.00831968    c      6.000     0
         -8.34062755   -7.49323277   -3.58801545    c      6.000     0
         -8.88374240   -5.01918442   -3.96451504    c      6.000     0
         -4.15897731   -2.01329911   -0.37324359    o      8.000     0
         -5.59484036  -10.45900109   -1.55268214    n      7.000     0
         -6.58987943  -11.89306323   -2.31416051    h      1.000     0
         -4.10440201  -10.86934756   -0.42615025    h      1.000     0
         -9.46217056   -8.96315436   -4.45347223    h      1.000     0
        -10.44179703   -4.38708615   -5.13128676    h      1.000     0
         -7.85825794   -1.33761430   -3.13990469    h      1.000     0
          4.04414432   -9.38409463    5.85531265    n      7.000     0
          1.98862306   -9.10628599    4.25285134    c      6.000     0
          1.29806989   -6.64365159    3.70907887    n      7.000     0
          2.52870490   -4.66276695    4.67101183    c      6.000     0
          4.62826622   -4.99949347    6.32307656    c      6.000     0
          5.31838476   -7.40655481    6.86198299    c      6.000     0
          0.86799279  -10.92276256    3.38397605    o      8.000     0
          1.75014340   -2.34506132    4.05208684    n      7.000     0
          2.63686716   -0.81033157    4.74940334    h      1.000     0
          0.25649253   -2.09311169    2.88006924    h      1.000     0
          5.63423926   -3.41125614    7.11843394    h      1.000     0
          6.88584456   -7.86350760    8.09620281    h      1.000     0
          4.54855002  -11.18963158    6.24967770    h      1.000     0
 
       center of nuclear mass  :   -2.37492178   -4.33380444    0.98038480
       center of nuclear charge:   -2.32235069   -4.51669966    1.01814169

   *************************************************************************
   Cyt2Ag2abs                                                               
   *************************************************************************



              +--------------------------------------------------+
              |               basis set information              |
              +--------------------------------------------------+

              we will work with the 1s 3p 5d 7f 9g ... basis set
              ...i.e. with spherical basis functions...

   type   atoms  prim   cont   basis
   ---------------------------------------------------------------------------
    o        2     46     31   def2-TZVP   [5s3p2d1f|11s6p2d1f]
    ag       2     81     56   def2-TZVPP   [6s4p3d2f1g|7s7p6d2f1g]
    n        6     46     31   def2-TZVP   [5s3p2d1f|11s6p2d1f]
    h       10      7      5   def2-SVP   [2s1p|4s1p]
    c        8     46     31   def2-TZVP   [5s3p2d1f|11s6p2d1f]
   ---------------------------------------------------------------------------
   total:   28    968    658
   ---------------------------------------------------------------------------

   total number of primitive shells          :   88
   total number of contracted shells         :  238
   total number of cartesian basis functions :  768
   total number of SCF-basis functions       :  658

  number of unique ecp types :    1

 symmetry group of the molecule :   c1 

 the group has the following generators :
   c1(z)

    1 symmetry operations found

 there are 1 real representations :   a   


   =========================================================================


     restricted closed shell calculation for the wavefunction models:
               ADC(2)     - Algebraic Diagrammatic Construction to 2. Order (strict)


     global parameters for ricc2 program:

        hard restart (reuse of interm.) :  disabled
        soft restart (reuse of vectors) :  enabled 
        threshold for vector function   :     1.000E-06
        convergence threshold energy    :     1.000E-07
        linear dependence threshold     :     1.000E-14
        global print level              :      1
        maximum number of iterations    :   900
        maximum number DIIS vectors     :    10
        max. dim. of reduced space      :   100
        core memory limit (GB)          :    31
                ... per thread (MB)     :   500
 

     Scratch Directory : /scr/tm/tmAg2imtf/


   =========================================================================

    der. integral neglect threshold  :  0.10E-07
    integral neglect threshold       :  0.43E-11
    integral storage threshold THIZE :  0.10E-04
    integral storage threshold THIME :         5


                  +------------------------------------------+
                  |     Auxiliary basis set information      |
                  +------------------------------------------+

              we will work with the 1s 3p 5d 7f 9g ... basis set
              ...i.e. with spherical basis functions...

   type   atoms  prim   cont   basis
   ---------------------------------------------------------------------------
    o        2     81     76   def2-TZVP   [8s6p4d3f1g|8s6p5d3f1g]
    ag       2    176    176   def2-TZVPP   [8s7p6d5f4g3h1i|8s7p6d5f4g3h1i]
    n        6     81     76   def2-TZVP   [8s6p4d3f1g|8s6p5d3f1g]
    h       10     23     14   def2-SVP   [3s2p1d|4s3p2d]
    c        8     81     76   def2-TZVP   [8s6p4d3f1g|8s6p5d3f1g]
   ---------------------------------------------------------------------------
   total:   28   1878   1708
   ---------------------------------------------------------------------------

   total number of primitive shells          :  112
   total number of contracted shells         :  480
   total number of cartesian basis functions : 2202
   total number of SCF-basis functions       : 1708


 maximum number of shells which are related by symmetry :  1


 The symmetry information takes   1 MB

*---------------------------------------------------------------------*
|               simplified C1 algorithm will be applied               |
*---------------------------------------------------------------------*
  MOs are in ASCII format !


 reading orbital data $scfmo  from file mos
 orbital characterization : scfconv=7
 time elapsed for calculating density matrices :   1.222 sec



              +--------------------------------------------+
              | list of orbitals that will be kept frozen: |
              +--------------------------------------------+
              |   irrep   index      energy     occ/vir    |
              +--------------------------------------------+
              |   a         1      -20.8257     occupied   |
              |   a         2      -20.7192     occupied   |
              |   a         3      -15.8896     occupied   |
              |   a         4      -15.8348     occupied   |
              |   a         5      -15.8318     occupied   |
              |   a         6      -15.8244     occupied   |
              |   a         7      -15.8203     occupied   |
              |   a         8      -15.7866     occupied   |
              |   a         9      -11.6706     occupied   |
              |   a        10      -11.6101     occupied   |
              |   a        11      -11.5886     occupied   |
              |   a       ...        ...        occupied   |
              |   a        18       -4.5541     occupied   |
              +--------------------------------------------+



   Molecular Orbital Statistic:
   ============================

   -----------------------------
   orbitals in total:
   -----------------------------
    frozen occupied :     18
    active occupied :     58
    active virtual  :    582
    frozen virtual  :      0
    all together    :    658
   -----------------------------


     time in riccmos       cpu:  8.83 sec    wall:  0.21 sec    ratio: 42.0

     total memory allocated for calculation of (Q|P)**(-1/2) : 34 MiB


     calculation of (P|Q) ...
     time in lp2sym        cpu:  6.24 sec    wall:  0.11 sec    ratio: 54.7


     calculation of the Cholesky decomposition of (P|Q)**(-1) ...
     time in invmetri      cpu: 11.51 sec    wall:  0.24 sec    ratio: 47.1

   threshold for RMS(d[D]) in SCF was     :  0.10E-06
   integral neglect threshold             :  0.43E-11
   derivative integral neglect threshold  :  0.10E-07


 setting up bound for integral derivative estimation

 increment for numerical differentiation : 0.00050000

   =========================================================================

     Energy of reference wave function is -1077.3813809510000
     Maximum orbital residual is           0.6318886795919E-05


     Number of symmetry-nonredundant auxiliary basis functions:     1708

     Block lengths for integral files:
        frozen occupied (BOI):        1 MiB
        active occupied (BJI):        1 MiB
        active virtual  (BAI):        8 MiB
        frozen virtual  (BGI):        0 MiB
               general  (BTI):        9 MiB

   =========================================================================




   **************************************************************************
   *                                                                        *
   *          OPTIMIZATION OF THE GROUND STATE CLUSTER AMPLITUDES           *
   *                                                                        *
   **************************************************************************


   Iter.   MP2 energy       Norm(Omega)   Norm(t1)  Norm(t2)     cpu    wall
   ...........................................................................
    1  -1081.4471521917    0.2013593789     0.00000   0.60616   20.75    0.35
   ...........................................................................


     time in total         cpu: 20 min 45 s  wall: 21.08 sec    ratio: 59.1


     **********************************************************************
     *                                                                    *
     *   RHF  energy                             :  -1077.3813809510      *
     *   MP2 correlation energy                  :     -4.0657712407      *
     *                                                                    *
     *   Final MP2 energy                        :  -1081.4471521917      *
     *                                                                    *
     *   Norm of MP1 T2 amplitudes               :      0.6061634562      *
     *                                                                    *
     *   D1 diagnostic                           :      0.0535            *
     *                                                                    *
     **********************************************************************



 **************************************************************
 *                                                            *
 *    OPTIMIZATION OF THE EXCITED STATE CLUSTER AMPLITUDES    *
 *                                                            *
 **************************************************************


  preoptimize excitation energies/vectors using CCS:
  ==================================================


 ======== LINEAR CC RESPONSE SOLVER ========

    threshold for convergence: 1.00E-03
    maximum number of simultaneous Jacobi matrix transformations:  8
                                                
     summary of start vectors generation:
     -------------------------------------------
     type of solution vectors      : RE0
     symmetry                      : a  
     number of vectors requested   :     8
     number of vectors generated   :     8
       -- guessed as rhs/(e_a-e_i) :     8
     -------------------------------------------
                                                

    Iter  #Vectors  time (min)    max. residual 
    --------------------------------------------
      1       8         0.13     0.41E-01  (  2)
      2       8         0.13     0.67E-01  (  3)
      3       8         0.13     0.17E+00  (  8)
      4       8         0.13     0.11E+00  (  8)
      5       8         0.14     0.61E-01  (  6)
      6       8         0.13     0.56E-01  (  5)
      7       8         0.14     0.87E-01  (  7)
      8       7         0.12     0.34E-01  (  6)
      9       6         0.10     0.16E-01  (  8)
     10       5         0.09     0.26E-01  (  8)
     11       5         0.09     0.51E-01  (  8)
     12       4         0.07     0.43E-01  (  6)
     13       3         0.05     0.27E-01  (  6)
     14       2         0.04     0.13E-01  (  6)
     15       1         0.02     0.62E-02  (  6)
     16       1         0.02     0.34E-02  (  6)
     17       1         0.02     0.20E-02  (  6)
     18       1         0.02     0.18E-02  (  6)
     19       1         0.02     0.18E-02  (  6)
     20       2         0.04     0.27E-01  (  8)
     21       2         0.04     0.14E-01  (  8)
     22       1         0.02     0.82E-02  (  8)
     23       1         0.02     0.50E-02  (  8)
  dimension of red. space became too large.
  try internal restart...
     24       1         0.02     0.37E-02  (  8)
                                                
     summary of start vectors generation:
     -------------------------------------------
     type of solution vectors      : RE0
     symmetry                      : a  
     number of vectors requested   :     8
     number of vectors generated   :     8
       -- restarted from file      :     8
     -------------------------------------------
                                                

    Iter  #Vectors  time (min)    max. residual 
    --------------------------------------------
     25       8         0.14     0.37E-02  (  8)
     26       1         0.02     0.25E-02  (  8)
     27       1         0.02     0.18E-02  (  8)
     28       1         0.02     0.13E-02  (  8)
     29       1         0.02     0.83E-03  (  8)
    --------------------------------------------
    converged in 29 iterations

         Total time          2.00 minutes


 ===========================================




 Note that this is the intermediate result of a preoptimization!
 The convergence threshold was  0.1E-02 only!


 +==================================================================+
 | sym | multi | state |          CCS excitation energies           |
 |     |       |       +--------------------------------------------+
 |     |       |       |   Hartree    |     eV       |     cm-1     |
 +==================================================================+
 | a   |   1   |   1   |    0.2207089 |      6.00580 |    48440.011 |
 | a   |   1   |   2   |    0.2239600 |      6.09426 |    49153.539 |
 | a   |   1   |   3   |    0.2295036 |      6.24511 |    50370.212 |
 | a   |   1   |   4   |    0.2328657 |      6.33660 |    51108.116 |
 | a   |   1   |   5   |    0.2334973 |      6.35378 |    51246.726 |
 | a   |   1   |   6   |    0.2438705 |      6.63606 |    53523.397 |
 | a   |   1   |   7   |    0.2490958 |      6.77824 |    54670.202 |
 | a   |   1   |   8   |    0.2493080 |      6.78402 |    54716.783 |
 +==================================================================+




  preoptimize ADC(2) excitation energies/vectors using a quasi linear algorithm:
  ==============================================================================


 ======== LINEAR CC RESPONSE SOLVER ========

    threshold for convergence: 1.00E-03
    maximum number of simultaneous Jacobi matrix transformations:  8
                                                
     summary of start vectors generation:
     -------------------------------------------
     type of solution vectors      : RE0
     symmetry                      : a  
     number of vectors requested   :     8
     number of vectors generated   :     8
       -- restarted from file      :     8
     -------------------------------------------
                                                

    Iter  #Vectors  time (min)    max. residual 
    --------------------------------------------
 threshold for this macro iteration:  6.870402211762425E-002
      1       8         3.71     0.73E-01  (  4)
 ...adapted threshold to:  7.111857344322881E-002
      2       2         1.00     0.53E-01  (  1)
                                                
     summary of start vectors generation:
     -------------------------------------------
     type of solution vectors      : RE0
     symmetry                      : a  
     number of vectors requested   :     8
     number of vectors generated   :     8
       -- restarted from file      :     8
     -------------------------------------------
                                                

    Iter  #Vectors  time (min)    max. residual 
    --------------------------------------------
 threshold for this macro iteration:  8.511038415326466E-003
      3       8         3.70     0.50E-01  (  2)
      4       8         3.70     0.49E-01  (  2)
 ...adapted threshold to:  1.168539232476459E-002
      5       6         2.94     0.70E-01  (  5)
 ...adapted threshold to:  1.944463822352718E-002
      6       6         2.95     0.61E-01  (  6)
 ...adapted threshold to:  2.121434846761175E-002
      7       3         1.47     0.22E-01  (  6)
 ...adapted threshold to:  2.121506911386351E-002
      8       1         0.56     0.17E-01  (  1)
                                                
     summary of start vectors generation:
     -------------------------------------------
     type of solution vectors      : RE0
     symmetry                      : a  
     number of vectors requested   :     8
     number of vectors generated   :     8
       -- restarted from file      :     8
     -------------------------------------------
                                                

    Iter  #Vectors  time (min)    max. residual 
    --------------------------------------------
 threshold for this macro iteration:  6.179271221031762E-003
      9       8         3.72     0.16E-01  (  1)
     10       4         1.91     0.83E-02  (  1)
     11       3         1.49     0.52E-02  (  5)
                                                
     summary of start vectors generation:
     -------------------------------------------
     type of solution vectors      : RE0
     symmetry                      : a  
     number of vectors requested   :     8
     number of vectors generated   :     8
       -- restarted from file      :     8
     -------------------------------------------
                                                

    Iter  #Vectors  time (min)    max. residual 
    --------------------------------------------
 threshold for this macro iteration:  1.000000000000000E-003
     12       8         3.74     0.21E-02  (  5)
     13       6         2.82     0.29E-02  (  8)
     14       6         2.82     0.41E-02  (  8)
     15       5         2.36     0.45E-01  (  8)
 ...adapted threshold to:  6.099967682936136E-003
     16       3         1.46     0.41E-01  (  7)
     17       1         0.55     0.20E-01  (  7)
 ...adapted threshold to:  6.194501224810245E-003
     18       1         0.55     0.92E-02  (  7)
 ...adapted threshold to:  6.371232177970115E-003
     19       1         0.55     0.53E-02  (  7)
                                                
     summary of start vectors generation:
     -------------------------------------------
     type of solution vectors      : RE0
     symmetry                      : a  
     number of vectors requested   :     8
     number of vectors generated   :     8
       -- restarted from file      :     8
     -------------------------------------------
                                                

    Iter  #Vectors  time (min)    max. residual 
    --------------------------------------------
 threshold for this macro iteration:  1.000000000000000E-003
     20       8         3.69     0.42E-02  (  7)
     21       1         0.55     0.53E-02  (  7)
     22       1         0.55     0.28E-02  (  7)
     23       1         0.55     0.17E-02  (  7)
     24       1         0.55     0.13E-02  (  7)
     25       1         0.55     0.59E-03  (  7)
    --------------------------------------------
    converged in 25 iterations

         Total time         48.47 minutes


 ===========================================




 Note that this is the intermediate result of a preoptimization!
 The convergence threshold was  0.1E-02 only!


 +==================================================================+
 | sym | multi | state |          ADC(2) excitation energies        |
 |     |       |       +--------------------------------------------+
 |     |       |       |   Hartree    |     eV       |     cm-1     |
 +==================================================================+
 | a   |   1   |   1   |    0.1383492 |      3.76467 |    30364.133 |
 | a   |   1   |   2   |    0.1493921 |      4.06517 |    32787.769 |
 | a   |   1   |   3   |    0.1598283 |      4.34915 |    35078.260 |
 | a   |   1   |   4   |    0.1605700 |      4.36933 |    35241.051 |
 | a   |   1   |   5   |    0.1643379 |      4.47186 |    36067.992 |
 | a   |   1   |   6   |    0.1699427 |      4.62438 |    37298.101 |
 | a   |   1   |   7   |    0.1761039 |      4.79203 |    38650.345 |
 | a   |   1   |   8   |    0.1820605 |      4.95412 |    39957.669 |
 +==================================================================+





 solve for ADC(2) excitation energies/vectors using a DIIS algorithm:
 =================================================================


 ========= DIIS CC RESPONSE SOLVER =========

    threshold for convergence: 1.00E-06
    max. nb. of DIIS vectors :      10
    maximum number of simultaneous Jacobi matrix transformations:  8
                                                
     summary of start vectors generation:
     -------------------------------------------
     type of solution vectors      : RE0
     symmetry                      : a  
     number of vectors requested   :     8
     number of vectors generated   :     8
       -- restarted from file      :     8
     -------------------------------------------
                                                

    Iter  #Vectors  time (min)   residual
    --------------------------------------
      1       8         3.73     0.29E-03  (  7)    0.10E-01
      2       8         3.86     0.20E-03  (  7)    0.17E-02
      3       8         3.77     0.13E-03  (  7)    0.28E-02
      4       8         3.75     0.97E-04  (  7)    0.49E-02
      5       8         3.74     0.79E-04  (  4)    0.41E-01
      6       8         3.78     0.64E-04  (  7)    0.35E-02
      7       8         3.79     0.58E-04  (  7)    0.19E-02
      8       7         3.31     0.55E-04  (  7)    0.32E-02
      9       7         3.38     0.54E-04  (  7)    0.12E-01
     10       7         3.29     0.54E-04  (  7)    0.17E-02
     11       6         2.86     0.54E-04  (  7)    0.17E-02
     12       4         1.90     0.53E-04  (  7)    0.17E-02
     13       3         1.47     0.49E-04  (  7)    0.17E-02
     14       3         1.47     0.44E-04  (  7)    0.17E-02
     15       3         1.46     0.40E-04  (  7)    0.17E-02
     16       3         1.46     0.32E-04  (  7)    0.16E-02
     17       3         1.47     0.23E-04  (  7)    0.17E-02
     18       3         1.47     0.15E-04  (  7)    0.17E-02
     19       2         1.02     0.89E-05  (  7)    0.17E-02
     20       2         1.01     0.51E-05  (  7)    0.17E-02
     21       2         1.02     0.31E-05  (  7)    0.17E-02
     22       2         1.01     0.22E-05  (  7)    0.17E-02
     23       2         1.01     0.15E-05  (  7)    0.17E-02
     24       2         1.02     0.11E-05  (  7)    0.17E-02
     25       1         0.56     0.78E-06  (  7)    0.17E-02
    --------------------------------------
    converged in  25 iterations

   Total time         56.61 minutes


 ===========================================





 +================================================================================+
 | sym | multi | state |          ADC(2) excitation energies    |  %t1   |  %t2   |
 |     |       |       +----------------------------------------+--------+--------+
 |     |       |       |   Hartree    |    eV      |    cm-1    |    %   |    %   |
 +================================================================================+
 | a   |   1   |   1   |    0.1383346 |    3.76428 |  30360.939 |  88.22 |  11.78 |
 | a   |   1   |   2   |    0.1493889 |    4.06508 |  32787.077 |  88.24 |  11.76 |
 | a   |   1   |   3   |    0.1598260 |    4.34909 |  35077.748 |  92.69 |   7.31 |
 | a   |   1   |   4   |    0.1605693 |    4.36931 |  35240.895 |  90.51 |   9.49 |
 | a   |   1   |   5   |    0.1643368 |    4.47183 |  36067.748 |  89.32 |  10.68 |
 | a   |   1   |   6   |    0.1699448 |    4.62443 |  37298.565 |  89.52 |  10.48 |
 | a   |   1   |   7   |    0.1760495 |    4.79055 |  38638.404 |  85.49 |  14.51 |
 | a   |   1   |   8   |    0.1820567 |    4.95401 |  39956.822 |  94.01 |   5.99 |
 +================================================================================+


       Energy:     0.1383346 H      3.76428 eV    30360.939 cm-1

     +=======================================================================+
     | type: RE0                    symmetry: a               state:    1    |
     +-----------------------+-----------------------+-----------------------+
     | occ. orb.  index spin | vir. orb.  index spin |  coeff/|amp|     %    |
     +=======================+=======================+=======================+
     |   74 a       74       |   77 a       77       |   0.86204      74.3   |
     |   73 a       73       |   77 a       77       |   0.28143       7.9   |
     |   64 a       64       |   77 a       77       |  -0.23219       5.4   |
     |   71 a       71       |   77 a       77       |  -0.17189       3.0   |
     |   68 a       68       |   77 a       77       |   0.14739       2.2   |
     |   66 a       66       |   77 a       77       |   0.10669       1.1   |
     |   74 a       74       |   81 a       81       |  -0.09861       1.0   |
     |   74 a       74       |   88 a       88       |  -0.08618       0.7   |
     +=======================+=======================+=======================+
     norm of printed elements:  0.95604


       Energy:     0.1493889 H      4.06508 eV    32787.077 cm-1

     +=======================================================================+
     | type: RE0                    symmetry: a               state:    2    |
     +-----------------------+-----------------------+-----------------------+
     | occ. orb.  index spin | vir. orb.  index spin |  coeff/|amp|     %    |
     +=======================+=======================+=======================+
     |   76 a       76       |   77 a       77       |   0.81375      66.2   |
     |   73 a       73       |   77 a       77       |  -0.41029      16.8   |
     |   72 a       72       |   77 a       77       |   0.18871       3.6   |
     |   75 a       75       |   77 a       77       |   0.17439       3.0   |
     |   74 a       74       |   77 a       77       |   0.12920       1.7   |
     |   65 a       65       |   77 a       77       |   0.12358       1.5   |
     |   62 a       62       |   77 a       77       |   0.12175       1.5   |
     |   76 a       76       |   81 a       81       |  -0.07538       0.6   |
     |   76 a       76       |   88 a       88       |  -0.07140       0.5   |
     +=======================+=======================+=======================+
     norm of printed elements:  0.95413


       Energy:     0.1598260 H      4.34909 eV    35077.748 cm-1

     +=======================================================================+
     | type: RE0                    symmetry: a               state:    3    |
     +-----------------------+-----------------------+-----------------------+
     | occ. orb.  index spin | vir. orb.  index spin |  coeff/|amp|     %    |
     +=======================+=======================+=======================+
     |   64 a       64       |   77 a       77       |   0.63722      40.6   |
     |   68 a       68       |   77 a       77       |  -0.32358      10.5   |
     |   61 a       61       |   77 a       77       |   0.30388       9.2   |
     |   53 a       53       |   77 a       77       |  -0.27797       7.7   |
     |   74 a       74       |   77 a       77       |   0.23477       5.5   |
     |   58 a       58       |   77 a       77       |   0.20109       4.0   |
     |   69 a       69       |   77 a       77       |  -0.18058       3.3   |
     |   73 a       73       |   77 a       77       |   0.12475       1.6   |
     |   64 a       64       |   88 a       88       |  -0.12201       1.5   |
     |   52 a       52       |   77 a       77       |  -0.12144       1.5   |
     |   55 a       55       |   77 a       77       |  -0.10343       1.1   |
     |   75 a       75       |   77 a       77       |  -0.09190       0.8   |
     |   59 a       59       |   77 a       77       |   0.08678       0.8   |
     |   71 a       71       |   77 a       77       |  -0.08619       0.7   |
     |   76 a       76       |   77 a       77       |   0.07903       0.6   |
     |   66 a       66       |   77 a       77       |  -0.07836       0.6   |
     |   72 a       72       |   77 a       77       |  -0.07313       0.5   |
     |   64 a       64       |   90 a       90       |   0.07228       0.5   |
     |   50 a       50       |   77 a       77       |   0.07068       0.5   |
     |   53 a       53       |   88 a       88       |   0.06762       0.5   |
     +=======================+=======================+=======================+
     norm of printed elements:  0.92035


       Energy:     0.1605693 H      4.36931 eV    35240.895 cm-1

     +=======================================================================+
     | type: RE0                    symmetry: a               state:    4    |
     +-----------------------+-----------------------+-----------------------+
     | occ. orb.  index spin | vir. orb.  index spin |  coeff/|amp|     %    |
     +=======================+=======================+=======================+
     |   75 a       75       |   77 a       77       |  -0.51416      26.4   |
     |   76 a       76       |   77 a       77       |   0.43286      18.7   |
     |   72 a       72       |   77 a       77       |  -0.39270      15.4   |
     |   62 a       62       |   77 a       77       |  -0.29414       8.7   |
     |   73 a       73       |   77 a       77       |   0.26424       7.0   |
     |   60 a       60       |   77 a       77       |   0.26199       6.9   |
     |   54 a       54       |   77 a       77       |   0.22363       5.0   |
     |   74 a       74       |   77 a       77       |  -0.13618       1.9   |
     |   64 a       64       |   77 a       77       |  -0.11609       1.3   |
     |   65 a       65       |   77 a       77       |   0.06043       0.4   |
     |   68 a       68       |   77 a       77       |   0.05973       0.4   |
     |   54 a       54       |   88 a       88       |  -0.05770       0.3   |
     |   75 a       75       |   81 a       81       |   0.05690       0.3   |
     |   60 a       60       |   88 a       88       |  -0.05678       0.3   |
     |   75 a       75       |   88 a       88       |   0.05431       0.3   |
     |   61 a       61       |   77 a       77       |  -0.05224       0.3   |
     |   72 a       72       |   88 a       88       |   0.05208       0.3   |
     |   53 a       53       |   77 a       77       |   0.05034       0.3   |
     |   62 a       62       |   88 a       88       |   0.05031       0.3   |
     |   76 a       76       |   78 a       78       |   0.04564       0.2   |
     +=======================+=======================+=======================+
     norm of printed elements:  0.94550


       Energy:     0.1643368 H      4.47183 eV    36067.748 cm-1

     +=======================================================================+
     | type: RE0                    symmetry: a               state:    5    |
     +-----------------------+-----------------------+-----------------------+
     | occ. orb.  index spin | vir. orb.  index spin |  coeff/|amp|     %    |
     +=======================+=======================+=======================+
     |   76 a       76       |   82 a       82       |  -0.78257      61.2   |
     |   76 a       76       |   85 a       85       |   0.40991      16.8   |
     |   76 a       76       |   80 a       80       |   0.27790       7.7   |
     |   76 a       76       |   79 a       79       |   0.14744       2.2   |
     |   73 a       73       |   82 a       82       |   0.13667       1.9   |
     |   73 a       73       |   89 a       89       |   0.11787       1.4   |
     |   70 a       70       |   82 a       82       |   0.11496       1.3   |
     |   73 a       73       |   80 a       80       |  -0.08514       0.7   |
     |   70 a       70       |   89 a       89       |  -0.07366       0.5   |
     |   76 a       76       |  125 a      125       |  -0.06227       0.4   |
     |   76 a       76       |   89 a       89       |  -0.06206       0.4   |
     |   73 a       73       |   85 a       85       |  -0.05894       0.3   |
     |   70 a       70       |   85 a       85       |  -0.05861       0.3   |
     +=======================+=======================+=======================+
     norm of printed elements:  0.95251


       Energy:     0.1699448 H      4.62443 eV    37298.565 cm-1

     +=======================================================================+
     | type: RE0                    symmetry: a               state:    6    |
     +-----------------------+-----------------------+-----------------------+
     | occ. orb.  index spin | vir. orb.  index spin |  coeff/|amp|     %    |
     +=======================+=======================+=======================+
     |   73 a       73       |   77 a       77       |   0.71049      50.5   |
     |   75 a       75       |   77 a       77       |   0.37091      13.8   |
     |   76 a       76       |   77 a       77       |   0.27915       7.8   |
     |   74 a       74       |   77 a       77       |  -0.23075       5.3   |
     |   60 a       60       |   77 a       77       |  -0.20444       4.2   |
     |   65 a       65       |   77 a       77       |  -0.18178       3.3   |
     |   54 a       54       |   77 a       77       |  -0.17608       3.1   |
     |   62 a       62       |   77 a       77       |   0.15581       2.4   |
     |   70 a       70       |   77 a       77       |  -0.13798       1.9   |
     |   63 a       63       |   77 a       77       |  -0.11101       1.2   |
     |   73 a       73       |   81 a       81       |  -0.08580       0.7   |
     |   73 a       73       |   78 a       78       |   0.07366       0.5   |
     |   73 a       73       |   88 a       88       |  -0.05801       0.3   |
     +=======================+=======================+=======================+
     norm of printed elements:  0.95118


       Energy:     0.1760495 H      4.79055 eV    38638.404 cm-1

     +=======================================================================+
     | type: RE0                    symmetry: a               state:    7    |
     +-----------------------+-----------------------+-----------------------+
     | occ. orb.  index spin | vir. orb.  index spin |  coeff/|amp|     %    |
     +=======================+=======================+=======================+
     |   71 a       71       |   77 a       77       |   0.94052      88.5   |
     |   74 a       74       |   77 a       77       |   0.18921       3.6   |
     |   69 a       69       |   77 a       77       |  -0.16846       2.8   |
     |   71 a       71       |   81 a       81       |  -0.08634       0.7   |
     +=======================+=======================+=======================+
     norm of printed elements:  0.95622


       Energy:     0.1820567 H      4.95401 eV    39956.822 cm-1

     +=======================================================================+
     | type: RE0                    symmetry: a               state:    8    |
     +-----------------------+-----------------------+-----------------------+
     | occ. orb.  index spin | vir. orb.  index spin |  coeff/|amp|     %    |
     +=======================+=======================+=======================+
     |   58 a       58       |   77 a       77       |   0.76997      59.3   |
     |   53 a       53       |   77 a       77       |   0.29014       8.4   |
     |   55 a       55       |   77 a       77       |   0.26635       7.1   |
     |   61 a       61       |   77 a       77       |   0.21495       4.6   |
     |   59 a       59       |   77 a       77       |   0.20188       4.1   |
     |   58 a       58       |   88 a       88       |  -0.16797       2.8   |
     |   69 a       69       |   77 a       77       |   0.14871       2.2   |
     |   68 a       68       |   77 a       77       |   0.10479       1.1   |
     |   58 a       58       |   90 a       90       |   0.09575       0.9   |
     |   58 a       58       |   92 a       92       |  -0.08330       0.7   |
     |   57 a       57       |   77 a       77       |  -0.07849       0.6   |
     |   58 a       58       |   86 a       86       |  -0.07177       0.5   |
     |   64 a       64       |   77 a       77       |  -0.07063       0.5   |
     |   53 a       53       |   88 a       88       |  -0.06841       0.5   |
     |   58 a       58       |   94 a       94       |   0.06427       0.4   |
     |   55 a       55       |   88 a       88       |  -0.06021       0.4   |
     |   50 a       50       |   77 a       77       |  -0.05839       0.3   |
     |   45 a       45       |   77 a       77       |  -0.05257       0.3   |
     |   74 a       74       |   77 a       77       |  -0.05154       0.3   |
     |   58 a       58       |   93 a       93       |  -0.04763       0.2   |
     +=======================+=======================+=======================+
     norm of printed elements:  0.95218



     Info: copy ADC(2) right eigenvectors into left eigenvector files.


                    ========   CC DENSITY MODULE   ========

                      current wave-function model: ADC(2)  

  calculating overlap between    8 left and right vector(s)
    density nr.      cpu/min        wall/min    L     R
   ------------------------------------------------------
         1            15.37            0.27    LE0    RE0 
         2            15.28            0.27    LE0    RE0 
         3            15.21            0.26    LE0    RE0 
         4            15.20            0.27    LE0    RE0 
         5            15.21            0.26    LE0    RE0 
         6            15.26            0.26    LE0    RE0 
         7            15.26            0.26    LE0    RE0 
         8            15.35            0.27    LE0    RE0 
   ------------------------------------------------------
     time in cc_1den       cpu:  2 h  2 min  wall:  2 min  8 s  ratio: 57.5



     +==========================================================+
     |   contributions of excitation levels to excited states   |
     |     wavefunctions as computed from the <L|R> overlap     |
     +----------------------------------------------------------+
     | sym | multi | state |    E / eV  | % singles | % doubles |
     +==========================================================+
     | a   |   1   |   1   |    3.76428 |   88.22   |   11.78   |
     | a   |   1   |   2   |    4.06508 |   88.24   |   11.76   |
     | a   |   1   |   3   |    4.34909 |   92.69   |    7.31   |
     | a   |   1   |   4   |    4.36931 |   90.51   |    9.49   |
     | a   |   1   |   5   |    4.47183 |   89.32   |   10.68   |
     | a   |   1   |   6   |    4.62443 |   89.52   |   10.48   |
     | a   |   1   |   7   |    4.79055 |   85.49   |   14.51   |
     | a   |   1   |   8   |    4.95401 |   94.01   |    5.99   |
     +==========================================================+



      The semi-canonical algorithm will be used for densities


                    ========   CC DENSITY MODULE   ========

                      current wave-function model: ADC(2)  

  calculating     8 xi densities

   a semicanonical algorithm will be used when possible

    density nr.      cpu/min        wall/min    L     R
   ------------------------------------------------------
         1            28.10            0.60    LE0    R0  
         2            27.71            0.59    LE0    R0  
         3            27.57            0.59    LE0    R0  
         4            27.38            0.58    LE0    R0  
         5            27.95            0.60    LE0    R0  
         6            28.15            0.60    LE0    R0  
         7            28.06            0.60    LE0    R0  
         8            27.73            0.59    LE0    R0  
   ------------------------------------------------------
     time in cc_1den       cpu:  3 h 43 min  wall:  4 min 46 s  ratio: 46.8


 **************************************************************
 *                                                            *
 *<<<<<<<<<<<<  ONE-PHOTON ABSORPTION STRENGTHS  >>>>>>>>>>>>>*
 *                                                            *
 **************************************************************


  +=========================================================================+
  |  Transition                                             model: ADC(2)   |
  |    number, symmetry, multiplicity:    1 a    1                          |
  |    frequency :   0.1383346171 a.u.     3.76428 e.V.     30360.9 rcm     |
  +=========================================================================+

     +-----------+-----------------+-----------------+---------------------+
     | operator  |   left moment   |  right moment   | transition strength |
     +-----------+-----------------+-----------------+---------------------+
     | xdiplen   |      0.06920421 |      0.06920421 |       0.00478922    |
     | ydiplen   |     -0.28627560 |     -0.28627560 |       0.08195372    |
     | zdiplen   |      0.04649771 |      0.04649771 |       0.00216204    |
     | xxqudlen  |     -0.02214320 |     -0.02214320 |       0.00049032    |
     | xyqudlen  |      0.96284675 |      0.96284675 |       0.92707386    |
     | xzqudlen  |      0.51411689 |      0.51411689 |       0.26431617    |
     | yyqudlen  |      2.11967587 |      2.11967587 |       4.49302581    |
     | yzqudlen  |     -0.02826728 |     -0.02826728 |       0.00079904    |
     | zzqudlen  |      0.11288561 |      0.11288561 |       0.01274316    |
     +-----------+-----------------+-----------------+---------------------+
 
       oscillator strength (length gauge)   :      0.00819909
 
 


  +=========================================================================+
  |  Transition                                             model: ADC(2)   |
  |    number, symmetry, multiplicity:    2 a    1                          |
  |    frequency :   0.1493889175 a.u.     4.06508 e.V.     32787.1 rcm     |
  +=========================================================================+

     +-----------+-----------------+-----------------+---------------------+
     | operator  |   left moment   |  right moment   | transition strength |
     +-----------+-----------------+-----------------+---------------------+
     | xdiplen   |      0.03963167 |      0.03963167 |       0.00157067    |
     | ydiplen   |     -0.00714632 |     -0.00714632 |       0.00005107    |
     | zdiplen   |     -0.03789803 |     -0.03789803 |       0.00143626    |
     | xxqudlen  |     -0.23584077 |     -0.23584077 |       0.05562087    |
     | xyqudlen  |      0.06629267 |      0.06629267 |       0.00439472    |
     | xzqudlen  |      0.23554372 |      0.23554372 |       0.05548084    |
     | yyqudlen  |      0.09803547 |      0.09803547 |       0.00961095    |
     | yzqudlen  |     -0.21994560 |     -0.21994560 |       0.04837607    |
     | zzqudlen  |      0.08470785 |      0.08470785 |       0.00717542    |
     +-----------+-----------------+-----------------+---------------------+
 
       oscillator strength (length gauge)   :      0.00030455
 
 


  +=========================================================================+
  |  Transition                                             model: ADC(2)   |
  |    number, symmetry, multiplicity:    3 a    1                          |
  |    frequency :   0.1598259806 a.u.     4.34909 e.V.     35077.7 rcm     |
  +=========================================================================+

     +-----------+-----------------+-----------------+---------------------+
     | operator  |   left moment   |  right moment   | transition strength |
     +-----------+-----------------+-----------------+---------------------+
     | xdiplen   |      0.01182621 |      0.01182621 |       0.00013986    |
     | ydiplen   |      0.16833667 |      0.16833667 |       0.02833723    |
     | zdiplen   |      0.03674034 |      0.03674034 |       0.00134985    |
     | xxqudlen  |      0.13914158 |      0.13914158 |       0.01936038    |
     | xyqudlen  |     -1.84497823 |     -1.84497823 |       3.40394466    |
     | xzqudlen  |     -0.56087174 |     -0.56087174 |       0.31457710    |
     | yyqudlen  |     -2.63323709 |     -2.63323709 |       6.93393755    |
     | yzqudlen  |     -0.85560879 |     -0.85560879 |       0.73206640    |
     | zzqudlen  |      0.37809135 |      0.37809135 |       0.14295307    |
     +-----------+-----------------+-----------------+---------------------+
 
       oscillator strength (length gauge)   :      0.00317808
 
 


  +=========================================================================+
  |  Transition                                             model: ADC(2)   |
  |    number, symmetry, multiplicity:    4 a    1                          |
  |    frequency :   0.1605693309 a.u.     4.36931 e.V.     35240.9 rcm     |
  +=========================================================================+

     +-----------+-----------------+-----------------+---------------------+
     | operator  |   left moment   |  right moment   | transition strength |
     +-----------+-----------------+-----------------+---------------------+
     | xdiplen   |     -0.05574603 |     -0.05574603 |       0.00310762    |
     | ydiplen   |     -0.04327861 |     -0.04327861 |       0.00187304    |
     | zdiplen   |      0.10886340 |      0.10886340 |       0.01185124    |
     | xxqudlen  |      0.66601113 |      0.66601113 |       0.44357082    |
     | xyqudlen  |     -0.25588874 |     -0.25588874 |       0.06547905    |
     | xzqudlen  |     -0.27211251 |     -0.27211251 |       0.07404522    |
     | yyqudlen  |      0.56609781 |      0.56609781 |       0.32046673    |
     | yzqudlen  |      0.52786196 |      0.52786196 |       0.27863825    |
     | zzqudlen  |     -0.09079065 |     -0.09079065 |       0.00824294    |
     +-----------+-----------------+-----------------+---------------------+
 
       oscillator strength (length gauge)   :      0.00180179
 
 


  +=========================================================================+
  |  Transition                                             model: ADC(2)   |
  |    number, symmetry, multiplicity:    5 a    1                          |
  |    frequency :   0.1643367537 a.u.     4.47183 e.V.     36067.7 rcm     |
  +=========================================================================+

     +-----------+-----------------+-----------------+---------------------+
     | operator  |   left moment   |  right moment   | transition strength |
     +-----------+-----------------+-----------------+---------------------+
     | xdiplen   |      0.69729625 |      0.69729625 |       0.48622206    |
     | ydiplen   |     -0.58066674 |     -0.58066674 |       0.33717386    |
     | zdiplen   |      0.53809782 |      0.53809782 |       0.28954926    |
     | xxqudlen  |      2.48814904 |      2.48814904 |       6.19088564    |
     | xyqudlen  |     -7.05054294 |     -7.05054294 |      49.71015571    |
     | xzqudlen  |      4.00171275 |      4.00171275 |      16.01370490    |
     | yyqudlen  |      7.09587286 |      7.09587286 |      50.35141162    |
     | yzqudlen  |     -7.06446657 |     -7.06446657 |      49.90668796    |
     | zzqudlen  |      4.43421810 |      4.43421810 |      19.66229014    |
     +-----------+-----------------+-----------------+---------------------+
 
       oscillator strength (length gauge)   :      0.12193187
 
 


  +=========================================================================+
  |  Transition                                             model: ADC(2)   |
  |    number, symmetry, multiplicity:    6 a    1                          |
  |    frequency :   0.1699447690 a.u.     4.62443 e.V.     37298.6 rcm     |
  +=========================================================================+

     +-----------+-----------------+-----------------+---------------------+
     | operator  |   left moment   |  right moment   | transition strength |
     +-----------+-----------------+-----------------+---------------------+
     | xdiplen   |      0.05796560 |      0.05796560 |       0.00336001    |
     | ydiplen   |     -0.00364859 |     -0.00364859 |       0.00001331    |
     | zdiplen   |     -0.08610538 |     -0.08610538 |       0.00741414    |
     | xxqudlen  |     -0.29918951 |     -0.29918951 |       0.08951436    |
     | xyqudlen  |      0.29450547 |      0.29450547 |       0.08673347    |
     | xzqudlen  |      0.31411926 |      0.31411926 |       0.09867091    |
     | yyqudlen  |      0.03313659 |      0.03313659 |       0.00109803    |
     | yzqudlen  |     -0.40386172 |     -0.40386172 |       0.16310429    |
     | zzqudlen  |     -0.12130589 |     -0.12130589 |       0.01471512    |
     +-----------+-----------------+-----------------+---------------------+
 
       oscillator strength (length gauge)   :      0.00122218
 
 


  +=========================================================================+
  |  Transition                                             model: ADC(2)   |
  |    number, symmetry, multiplicity:    7 a    1                          |
  |    frequency :   0.1760495220 a.u.     4.79055 e.V.     38638.4 rcm     |
  +=========================================================================+

     +-----------+-----------------+-----------------+---------------------+
     | operator  |   left moment   |  right moment   | transition strength |
     +-----------+-----------------+-----------------+---------------------+
     | xdiplen   |     -0.00132907 |     -0.00132907 |       0.00000177    |
     | ydiplen   |     -0.03114969 |     -0.03114969 |       0.00097030    |
     | zdiplen   |     -0.00890333 |     -0.00890333 |       0.00007927    |
     | xxqudlen  |      0.11733048 |      0.11733048 |       0.01376644    |
     | xyqudlen  |      0.03190069 |      0.03190069 |       0.00101765    |
     | xzqudlen  |      0.14746759 |      0.14746759 |       0.02174669    |
     | yyqudlen  |      0.08721067 |      0.08721067 |       0.00760570    |
     | yzqudlen  |     -0.00936440 |     -0.00936440 |       0.00008769    |
     | zzqudlen  |      0.01646248 |      0.01646248 |       0.00027101    |
     +-----------+-----------------+-----------------+---------------------+
 
       oscillator strength (length gauge)   :      0.00012339
 
 


  +=========================================================================+
  |  Transition                                             model: ADC(2)   |
  |    number, symmetry, multiplicity:    8 a    1                          |
  |    frequency :   0.1820566789 a.u.     4.95401 e.V.     39956.8 rcm     |
  +=========================================================================+

     +-----------+-----------------+-----------------+---------------------+
     | operator  |   left moment   |  right moment   | transition strength |
     +-----------+-----------------+-----------------+---------------------+
     | xdiplen   |      0.17030139 |      0.17030139 |       0.02900256    |
     | ydiplen   |     -0.16645169 |     -0.16645169 |       0.02770617    |
     | zdiplen   |      0.12132963 |      0.12132963 |       0.01472088    |
     | xxqudlen  |     -1.22580681 |     -1.22580681 |       1.50260235    |
     | xyqudlen  |      1.49644923 |      1.49644923 |       2.23936031    |
     | xzqudlen  |     -0.68707330 |     -0.68707330 |       0.47206971    |
     | yyqudlen  |     -0.32626645 |     -0.32626645 |       0.10644979    |
     | yzqudlen  |      0.60817985 |      0.60817985 |       0.36988273    |
     | zzqudlen  |      0.24119572 |      0.24119572 |       0.05817538    |
     +-----------+-----------------+-----------------+---------------------+
 
       oscillator strength (length gauge)   :      0.00866949
 
 


    ------------------------------------------------------------------------
         total  cpu-time :   4 days 16 hours 22 minutes and 35 seconds
         total wall-time :  1 hours 54 minutes and 24 seconds
    ------------------------------------------------------------------------

   ****  ricc2 : all done  ****


    2023-12-06 11:25:46.879 

 ricc2 ended normally
