
   OpenMP run-time library returned nthreads = 16

 dscf (saturn) : TURBOMOLE rev. V7-7-1 compiled 3 Feb 2023 at 10:13:59
 Copyright (C) 2023 TURBOMOLE GmbH, Karlsruhe


    2025-11-10 17:58:54.029 



                             d s c f - program

                   idea & directorship : reinhart ahlrichs
                   program development : marco haeser
                                         michael baer
                           dft version : oliver treutler


                          quantum chemistry group
                          universitaet  karlsruhe
                                  germany



   *-----------------------------------------------------------------------*
   |                     program will use 16 thread(s)                     |
   *-----------------------------------------------------------------------*


              +--------------------------------------------------+
              | Atomic coordinate, charge and isotop information |
              +--------------------------------------------------+

                    atomic coordinates            atom    charge  isotop
          0.00000000    0.00000000    4.58333333    q      0.000     0
         -1.85228086    1.34576082   -0.41666667    c      6.000     0
         -1.85228086   -1.34576082   -0.41666667    c      6.000     0
          0.70750833   -2.17748675   -0.41666667    c      6.000     0
          2.28954506    0.00000000   -0.41666667    c      6.000     0
          0.70750833    2.17748675   -0.41666667    c      6.000     0
         -3.54377341    2.57470210   -0.41666667    h      1.000     0
         -3.54377341   -2.57470210   -0.41666667    h      1.000     0
          1.35360100   -4.16595550   -0.41666667    h      1.000     0
          4.38034484    0.00000000   -0.41666667    h      1.000     0
          1.35360100    4.16595550   -0.41666667    h      1.000     0
          0.00000000    0.00000000   -0.41666667    q      0.000     0
 
       center of nuclear mass  :   -0.00000000    0.00000000   -0.41666667
       center of nuclear charge:   -0.00000000    0.00000000   -0.41666667

              +--------------------------------------------------+
              |               basis set information              |
              +--------------------------------------------------+

              we will work with the 1s 3p 5d 7f 9g ... basis set
              ...i.e. with spherical basis functions...

   type   atoms  prim   cont   basis
   ---------------------------------------------------------------------------
    no       2      0      0   ne   [|]
    c        5     24     14   def-SV(P)   [3s2p1d|7s4p1d]
    h        5      4      2   def-SV(P)   [2s|4s]
   ---------------------------------------------------------------------------
   total:   12    140     80
   ---------------------------------------------------------------------------

   total number of primitive shells          :   16
   total number of contracted shells         :   40
   total number of cartesian basis functions :   85
   total number of SCF-basis functions       :   80


 integral neglect threshold       :  0.39E-10
 integral storage threshold THIZE :  0.10E-04
 integral storage threshold THIME :         5


 DENSITY CONVERGENCE CHECK SWITCHED ON !
 SCF CONVERGENCE IF RMS(delta[D]) <     0.1000000000E-06


 symmetry group of the molecule :   c5v

 the group has the following generators :
   c5(z)
   mirror plane sigma(xz)

   10 symmetry operations found

 there are 4 real representations :   a1   a2   e1   e2  

 maximum number of shells which are related by symmetry :  5


          ------------------------
          nuclear repulsion energy  :   147.590478081    
          ------------------------


         -----------------
         -S,T+V- integrals
         -----------------

 1e-integrals will be neglected if expon. factor < 0.393172E-11
 
 Difference densities algorithm switched on.
 The maximal number of linear combinations of
 difference densities is  20.

 DIIS switched on: error vector is FDS-SDF
 Max. Iterations for DIIS is     :   5
 DIIS matrix (see manual) 
    Scaling factor of diagonals  :  1.200
    threshold for scaling factor :  0.000

 scf convergence criterion : increment of total energy < .1000000D-06
                  and increment of one-electron energy < .1000000D-03

 MOs are in ASCII format !


    mo occupation :
   irrep   mo's   occupied
    a1      12        4
    a2       4        0
    e1      16        4
    e2      16        3
 
 number of basis functions   :    80
 number of occupied orbitals :    18
 

 reading orbital data $scfmo  from file mos
 orbital characterization : expanded
 virtual MOs provided and orthogonalized by Cholesky decomposition

 automatic virtual orbital shift switched on 
      shift if e(lumo)-e(homo) < 0.10000000    


 DSCF restart information will be dumped onto file mos

 
                                              current damping :  0.300
 ITERATION  ENERGY          1e-ENERGY        2e-ENERGY     RMS[dD(SAO)]   TOL
   1  -191.56012918696    -554.03065793     214.88005067    0.000D+00 0.392D-10
          max. resid. norm for Fia-block=  2.666D-01 for orbital      1e2        
          max. resid. fock norm         =  1.099D+00 for orbital      2a2        
          Delta Eig. =    35.0720143817 eV 
 
                                              current damping :  0.250
 ITERATION  ENERGY          1e-ENERGY        2e-ENERGY     RMS[dD(SAO)]   TOL
   2  -191.94955390871    -558.12074402     218.58071203    0.424D-01 0.246D-10
          Norm of current diis error: 0.99316    
          max. resid. norm for Fia-block=  1.066D-01 for orbital      2a1        
          max. resid. fock norm         =  1.120D-01 for orbital      2a1        
          Delta Eig. =    10.2320088864 eV 
 
                                              current damping :  0.200
 ITERATION  ENERGY          1e-ENERGY        2e-ENERGY     RMS[dD(SAO)]   TOL
   3  -192.02401798141    -558.07447427     218.45997821    0.146D-01 0.201D-10
          Norm of current diis error: 0.34093    
          max. resid. norm for Fia-block=  3.952D-02 for orbital      2a1        
          max. resid. fock norm         =  4.254D-02 for orbital      2a1        
          Delta Eig. =     1.6390652083 eV 
 
                                              current damping :  0.250
 ITERATION  ENERGY          1e-ENERGY        2e-ENERGY     RMS[dD(SAO)]   TOL
   4  -192.03515486470    -558.62998687     219.00435392    0.887D-02 0.175D-10
          Norm of current diis error: 0.75890E-01
          max. resid. norm for Fia-block=  1.025D-02 for orbital      4e1        
          max. resid. fock norm         =  1.025D-02 for orbital      4e1        
          Delta Eig. =     0.4505844677 eV 
 
                                              current damping :  0.300
 ITERATION  ENERGY          1e-ENERGY        2e-ENERGY     RMS[dD(SAO)]   TOL
   5  -192.03605511320    -558.61731392     218.99078072    0.339D-02 0.162D-10
          Norm of current diis error: 0.25260E-01
          max. resid. norm for Fia-block=  3.409D-03 for orbital      4e1        
          max. resid. fock norm         =  3.409D-03 for orbital      4e1        
 mo-orthogonalization: Cholesky decomposition
          Delta Eig. =     0.0582992002 eV 
 
                                              current damping :  0.350
 ITERATION  ENERGY          1e-ENERGY        2e-ENERGY     RMS[dD(SAO)]   TOL
   6  -192.03617080841    -558.64885945     219.02221056    0.133D-02 0.153D-10
          Norm of current diis error: 0.81094E-02
          max. resid. norm for Fia-block=  1.474D-03 for orbital      4e1        
          max. resid. fock norm         =  1.474D-03 for orbital      4e1        
          Delta Eig. =     0.0259292805 eV 
 
                                              current damping :  0.200
 ITERATION  ENERGY          1e-ENERGY        2e-ENERGY     RMS[dD(SAO)]   TOL
   7  -192.03618615630    -558.65288060     219.02621636    0.436D-03 0.144D-10
          Norm of current diis error: 0.29253E-02
          max. resid. norm for Fia-block=  5.559D-04 for orbital      4e1        
          max. resid. fock norm         =  5.559D-04 for orbital      4e1        
          Delta Eig. =     0.0099881484 eV 
 
                                              current damping :  0.100
 ITERATION  ENERGY          1e-ENERGY        2e-ENERGY     RMS[dD(SAO)]   TOL
   8  -192.03618840902    -558.65555855     219.02889206    0.157D-03 0.136D-10
          Norm of current diis error: 0.72645E-03
          max. resid. norm for Fia-block=  1.537D-04 for orbital      4a1        
          max. resid. fock norm         =  1.537D-04 for orbital      4a1        
          Delta Eig. =     0.0032273787 eV 
 
                                              current damping :  0.100
 ITERATION  ENERGY          1e-ENERGY        2e-ENERGY     RMS[dD(SAO)]   TOL
   9  -192.03618856224    -558.65601257     219.02934593    0.414D-04 0.129D-10
          Norm of current diis error: 0.13808E-03
          max. resid. norm for Fia-block=  2.757D-05 for orbital      4a1        
          max. resid. fock norm         =  2.757D-05 for orbital      4a1        
          Delta Eig. =     0.0003919239 eV 
 
                                              current damping :  0.100
 ITERATION  ENERGY          1e-ENERGY        2e-ENERGY     RMS[dD(SAO)]   TOL
  10  -192.03618857004    -558.65624754     219.02958089    0.791D-05 0.124D-10
          Norm of current diis error: 0.28445E-04
          max. resid. norm for Fia-block=  5.208D-06 for orbital      4a1        
          max. resid. fock norm         =  5.208D-06 for orbital      4a1        
 mo-orthogonalization: Cholesky decomposition
          Delta Eig. =     0.0001604912 eV 
 
                                              current damping :  0.150
 ITERATION  ENERGY          1e-ENERGY        2e-ENERGY     RMS[dD(SAO)]   TOL
  11  -192.03618857183    -558.65620774     219.02954109    0.271D-05 0.120D-10
          Norm of current diis error: 0.94757E-05
          max. resid. norm for Fia-block=  1.516D-06 for orbital      3e1        
          max. resid. fock norm         =  1.562D-06 for orbital      3e1        
          Delta Eig. =     0.0000468663 eV 
 
                                              current damping :  0.200
 ITERATION  ENERGY          1e-ENERGY        2e-ENERGY     RMS[dD(SAO)]   TOL
  12  -192.03618857207    -558.65623644     219.02956978    0.805D-06 0.117D-10
          Norm of current diis error: 0.26350E-05
          max. resid. norm for Fia-block=  4.116D-07 for orbital      3e2        
          max. resid. fock norm         =  4.484D-07 for orbital      6e2        
          Delta Eig. =     0.0000117475 eV 

 ENERGY & DENSITY CONVERGED !

 
                                              current damping :  0.250
 ITERATION  ENERGY          1e-ENERGY        2e-ENERGY     RMS[dD(SAO)]   TOL
  13  -192.03618856919    -558.65623361     219.02956696    0.300D-06 0.115D-10
          max. resid. norm for Fia-block=  8.116D-08 for orbital      3e2        
          max. resid. fock norm         =  1.601D-07 for orbital     11e2        

 convergence criteria satisfied after    13 iterations


                  ------------------------------------------ 
                 |  total energy      =   -192.03618856919  |
                  ------------------------------------------ 
                 :  kinetic energy    =    190.92182896574  :
                 :  potential energy  =   -382.95801753493  :
                 :  virial theorem    =      1.99419713747  :
                 :  wavefunction norm =      1.00000000000  :
                  .......................................... 


 <geterg> : there is no data group $energy 


 <skperg> : $end is missing 


 orbitals $scfmo  will be written to file mos

    irrep                  1a1         2a1         3a1         4a1         5a1  
 eigenvalues H        -10.99363    -0.89457    -0.46329    -0.26772     0.37150
            eV        -299.1544    -24.3426    -12.6067     -7.2851     10.1092
 occupation              2.0000      2.0000      2.0000      2.0000

    irrep                  6a1         7a1         8a1         9a1        10a1  
 eigenvalues H          0.73393     0.89778     0.94058     1.24297     1.86942
            eV          19.9713     24.4301     25.5947     33.8233     50.8698

    irrep                  1a2         2a2         3a2         4a2  
 eigenvalues H          0.82996     1.31507     3.07054     3.51910
            eV          22.5845     35.7851     83.5543     95.7603

    irrep                  1e1         2e1         3e1         4e1         5e1  
 eigenvalues H        -10.99303    -0.69773    -0.31216    -0.06015     0.40917
            eV        -299.1379    -18.9863     -8.4943     -1.6369     11.1341
 occupation          2 * 2.0000  2 * 2.0000  2 * 2.0000  2 * 2.0000

    irrep                  6e1         7e1         8e1         9e1        10e1  
 eigenvalues H          0.62263     0.82705     0.98658     1.11110     1.19382
            eV          16.9427     22.5055     26.8465     30.2347     32.4857

    irrep                  1e2         2e2         3e2         4e2         5e2  
 eigenvalues H        -10.99195    -0.49521    -0.28944     0.42422     0.44112
            eV        -299.1085    -13.4755     -7.8762     11.5438     12.0037
 occupation          2 * 2.0000  2 * 2.0000  2 * 2.0000

    irrep                  6e2         7e2         8e2         9e2        10e2  
 eigenvalues H          0.70736     0.90692     1.07675     1.15289     1.29422
            eV          19.2483     24.6788     29.3000     31.3719     35.2177
 
 
 
 
 ==============================================================================
                           electrostatic moments
 ==============================================================================

 reference point for electrostatic moments:    0.00000   0.00000   0.00000

 
              nuc           elec       ->  total
 ------------------------------------------------------------------------------
                          charge      
 ------------------------------------------------------------------------------
          35.000000     -36.000000      -1.000000
 
 ------------------------------------------------------------------------------
                       dipole moment  
 ------------------------------------------------------------------------------
   x      -0.000000      -0.000000      -0.000000
   y       0.000000      -0.000000      -0.000000
   z     -14.583333      15.000000       0.416667
 
   | dipole moment | =     0.4167 a.u. =     1.0591 debye 
 
 ------------------------------------------------------------------------------
                     quadrupole moment
 ------------------------------------------------------------------------------
  xx     126.598801    -154.319248     -27.720448
  yy     126.598801    -154.319248     -27.720448
  zz       6.076389     -35.204380     -29.127991
  xy       0.000000       0.000000       0.000000
  xz      -0.000000       0.000000       0.000000
  yz       0.000000       0.000000       0.000000
 
     1/3  trace=     -28.189629
     anisotropy=       1.407543
 
 ==============================================================================
 
HOMO-LUMO Separation
 HOMO         :   -0.06015357 H =     -1.63686 eV
 LUMO         :    0.37150266 H =    +10.10911 eV
 HOMO-LUMO gap:    0.43165623 H =    +11.74597 eV
 
 ==============================================================================


    ------------------------------------------------------------------------
         total  cpu-time :  10.25 seconds
         total wall-time :   0.67 seconds
    ------------------------------------------------------------------------

   ****  dscf : all done  ****


    2025-11-10 17:58:54.668 

 dscf ended normally
