#############################################################
#                                                           #
#                      N u m F o r c e                      #
#                Numerical Second Derivatives               #
#                                                           #
#############################################################

 running on vap-workplace
 date: Thu 7 Dec 16:30:39 MSK 2023

execute parallel run using 62 cores on this SMP node
Using 62 cores on one SMP node
#############################################################
                    
 NumForce Settings:
    differentiation increment = 0.2
    type                      = 'central'
    dimension of calculation  = 'norm'
    number of atoms           = 27
    #CPUs                     = 62
    machine file              = 
    restart                   = 
    gradient check            = off
    stop after preparation    = 
    scripts directory         = /msw/TmoleX2022/TURBOMOLE/scripts
                    
 TURBOMOLE Settings:
    load directory            = /msw/TmoleX2022/TURBOMOLE/bin/x86_64-unknown-linux-gnu
    SCF-convergence $scfconv  = 7
                    $denconv  = 07
    level of calculation      = ri cc2
    program to generate MOs     /msw/TmoleX2022/TURBOMOLE/bin/x86_64-unknown-linux-gnu/dscf
    program for gradients       /msw/TmoleX2022/TURBOMOLE/bin/x86_64-unknown-linux-gnu/ricc2
                    
#############################################################


TYPE central IS USED.
number of single point calculations: 162

#############################################################

CALCULATIONS OF GRADIENTS IN DISPLACED GEOMETRIES WILL BE CARRIED OUT NOW
step xm01 started  (#1 of 162)
step xm02 started  (#2 of 162)
step xm03 started  (#3 of 162)
step xm04 started  (#4 of 162)
step xm05 started  (#5 of 162)
step xm06 started  (#6 of 162)
step xm07 started  (#7 of 162)
step xm08 started  (#8 of 162)
step xm09 started  (#9 of 162)
step xm10 started  (#10 of 162)
step xm11 started  (#11 of 162)
step xm12 started  (#12 of 162)
step xm13 started  (#13 of 162)
step xm14 started  (#14 of 162)
step xm15 started  (#15 of 162)
step xm16 started  (#16 of 162)
step xm17 started  (#17 of 162)
step xm18 started  (#18 of 162)
step xm19 started  (#19 of 162)
step xm20 started  (#20 of 162)
step xm21 started  (#21 of 162)
step xm22 started  (#22 of 162)
step xm23 started  (#23 of 162)
step xm24 started  (#24 of 162)
step xm25 started  (#25 of 162)
step xm26 started  (#26 of 162)
step xm27 started  (#27 of 162)
step xp01 started  (#28 of 162)
step xp02 started  (#29 of 162)
step xp03 started  (#30 of 162)
step xp04 started  (#31 of 162)
step xp05 started  (#32 of 162)
step xp06 started  (#33 of 162)
step xp07 started  (#34 of 162)
step xp08 started  (#35 of 162)
step xp09 started  (#36 of 162)
step xp10 started  (#37 of 162)
step xp11 started  (#38 of 162)
step xp12 started  (#39 of 162)
step xp13 started  (#40 of 162)
step xp14 started  (#41 of 162)
step xp15 started  (#42 of 162)
step xp16 started  (#43 of 162)
step xp17 started  (#44 of 162)
step xp18 started  (#45 of 162)
step xp19 started  (#46 of 162)
step xp20 started  (#47 of 162)
step xp21 started  (#48 of 162)
step xp22 started  (#49 of 162)
step xp23 started  (#50 of 162)
step xp24 started  (#51 of 162)
step xp25 started  (#52 of 162)
step xp26 started  (#53 of 162)
step xp27 started  (#54 of 162)
step ym01 started  (#55 of 162)
step ym02 started  (#56 of 162)
step ym03 started  (#57 of 162)
step ym04 started  (#58 of 162)
step ym05 started  (#59 of 162)
step ym06 started  (#60 of 162)
step ym07 started  (#61 of 162)
step ym08 started  (#62 of 162)
step ym09 started  (#63 of 162)
step ym10 started  (#64 of 162)
step ym11 started  (#65 of 162)
step ym12 started  (#66 of 162)
step ym13 started  (#67 of 162)
step ym14 started  (#68 of 162)
step ym15 started  (#69 of 162)
step ym16 started  (#70 of 162)
step ym17 started  (#71 of 162)
step ym18 started  (#72 of 162)
step ym19 started  (#73 of 162)
step ym20 started  (#74 of 162)
step ym21 started  (#75 of 162)
step ym22 started  (#76 of 162)
step ym23 started  (#77 of 162)
step ym24 started  (#78 of 162)
step ym25 started  (#79 of 162)
step ym26 started  (#80 of 162)
step ym27 started  (#81 of 162)
step yp01 started  (#82 of 162)
step yp02 started  (#83 of 162)
step yp03 started  (#84 of 162)
step yp04 started  (#85 of 162)
step yp05 started  (#86 of 162)
step yp06 started  (#87 of 162)
step yp07 started  (#88 of 162)
step yp08 started  (#89 of 162)
step yp09 started  (#90 of 162)
step yp10 started  (#91 of 162)
step yp11 started  (#92 of 162)
step yp12 started  (#93 of 162)
step yp13 started  (#94 of 162)
step yp14 started  (#95 of 162)
step yp15 started  (#96 of 162)
step yp16 started  (#97 of 162)
step yp17 started  (#98 of 162)
step yp18 started  (#99 of 162)
step yp19 started  (#100 of 162)
step yp20 started  (#101 of 162)
step yp21 started  (#102 of 162)
step yp22 started  (#103 of 162)
step yp23 started  (#104 of 162)
step yp24 started  (#105 of 162)
step yp25 started  (#106 of 162)
step yp26 started  (#107 of 162)
step yp27 started  (#108 of 162)
step zm01 started  (#109 of 162)
step zm02 started  (#110 of 162)
step zm03 started  (#111 of 162)
step zm04 started  (#112 of 162)
step zm05 started  (#113 of 162)
step zm06 started  (#114 of 162)
step zm07 started  (#115 of 162)
step zm08 started  (#116 of 162)
step zm09 started  (#117 of 162)
step zm10 started  (#118 of 162)
step zm11 started  (#119 of 162)
step zm12 started  (#120 of 162)
step zm13 started  (#121 of 162)
step zm14 started  (#122 of 162)
step zm15 started  (#123 of 162)
step zm16 started  (#124 of 162)
step zm17 started  (#125 of 162)
step zm18 started  (#126 of 162)
step zm19 started  (#127 of 162)
step zm20 started  (#128 of 162)
step zm21 started  (#129 of 162)
step zm22 started  (#130 of 162)
step zm23 started  (#131 of 162)
step zm24 started  (#132 of 162)
step zm25 started  (#133 of 162)
step zm26 started  (#134 of 162)
step zm27 started  (#135 of 162)
step zp01 started  (#136 of 162)
step zp02 started  (#137 of 162)
step zp03 started  (#138 of 162)
step zp04 started  (#139 of 162)
step zp05 started  (#140 of 162)
step zp06 started  (#141 of 162)
step zp07 started  (#142 of 162)
step zp08 started  (#143 of 162)
step zp09 started  (#144 of 162)
step zp10 started  (#145 of 162)
step zp11 started  (#146 of 162)
step zp12 started  (#147 of 162)
step zp13 started  (#148 of 162)
step zp14 started  (#149 of 162)
step zp15 started  (#150 of 162)
step zp16 started  (#151 of 162)
step zp17 started  (#152 of 162)
step zp18 started  (#153 of 162)
step zp19 started  (#154 of 162)
step zp20 started  (#155 of 162)
step zp21 started  (#156 of 162)
step zp22 started  (#157 of 162)
step zp23 started  (#158 of 162)
step zp24 started  (#159 of 162)
step zp25 started  (#160 of 162)
step zp26 started  (#161 of 162)
step zp27 started  (#162 of 162)
... all steps done!


#############################################################

CALCULATION OF HESSIAN



 sammler (vap-workplace) : TURBOMOLE rev. V7-6 19 Oct 2021 at 10:10:11 compiled Oct 19th 2021
 Copyright (C) 2021 TURBOMOLE GmbH, Karlsruhe


    2023-12-07 17:55:04.251 


 symmetry group of the molecule :   c1 

 the group has the following generators :
   c1(z)

    1 symmetry operations found
  sammler for frozen cart. coord....
 
         atomic coordinates
 
    7.8281968     -3.6990837     -3.7282315      ag      
    7.9148808      3.8629767     -1.7407132      n       
    7.3843935      1.4689120     -2.6366953      c       
    9.1597551     -0.3731161     -2.1462872      n       
   11.2824287      0.1327648     -0.8807043      c       
   11.7963515      2.6161904      0.0255328      c       
   10.0499674      4.4249844     -0.4515070      c       
    5.4278568      1.0348589     -3.8027255      o       
   12.9360022     -1.7237849     -0.4983588      n       
   12.5085172     -3.5055113     -1.0334421      h       
   14.4826127     -1.4282172      0.5707299      h       
   13.5077060      3.0492628      1.0481290      h       
   10.2696889      6.3645256      0.1595895      h       
    6.5974719      5.2026562     -2.1100074      h       
    5.6619424    -10.7769214     -6.6322048      n       
    6.9452765     -8.8249593     -5.4432475      c       
    5.8014119     -6.4864697     -5.5407117      n       
    3.5922400     -6.1069723     -6.7015249      c       
    2.3094652     -8.1465929     -7.9080186      c       
    3.4242333    -10.4501740     -7.8209560      c       
    8.9615236     -9.1719904     -4.3797172      o       
    2.6137494     -3.7887734     -6.7299033      n       
    3.4743425     -2.3399265     -5.8126291      h       
    0.9099673     -3.4921829     -7.5241857      h       
    0.5244529     -7.8769197     -8.8580765      h       
    2.5935085    -12.1090257     -8.6827984      h       
    6.5055185    -12.4937362     -6.5587397      h       
 number of atoms                    27


    ------------------------------------------------------------------------
         total  cpu-time :   0.02 seconds
         total wall-time :   0.02 seconds
    ------------------------------------------------------------------------

   ****  sammler : all done  ****


    2023-12-07 17:55:04.265 




#############################################################

FREQUENCY ANALYSIS IS STARTED NOW


complete results are in numforce/aoforce.out
                                                 
         *  zero point VIBRATIONAL energy  :      0.2007316  Hartree  *
                                                 
                               Frequency Analysis
       mode               1        2        3        4        5        6
     frequency        i343.59  i260.93   i63.26   i39.76     0.00     0.00
     symmetry            a        a        a        a                     
        IR               YES      YES      YES      YES       -        - 
intensity (km/mol)       0.00     0.00     0.00     0.00     0.00     0.00
intensity (  %   )       0.00     0.00     0.00     0.00     0.00     0.00
       RAMAN             YES      YES      YES      YES       -        - 
       mode               7        8        9       10       11       12
     frequency           0.00     0.00     0.00     0.00    14.16    63.44
     symmetry                                                a        a   
        IR                -        -        -        -       YES      YES
intensity (km/mol)       0.00     0.00     0.00     0.00     2.66     0.21
intensity (  %   )       0.00     0.00     0.00     0.00     0.30     0.02
       RAMAN              -        -        -        -       YES      YES
       mode              13       14       15       16       17       18
     frequency          82.77    94.14   101.97   122.73   127.20   153.88
     symmetry            a        a        a        a        a        a   
        IR               YES      YES      YES      YES      YES      YES
intensity (km/mol)       2.34     0.83     0.09     4.99     5.25     3.78
intensity (  %   )       0.26     0.09     0.01     0.56     0.59     0.42
       RAMAN             YES      YES      YES      YES      YES      YES
       mode              19       20       21       22       23       24
     frequency         184.69   209.81   244.47   388.46   389.67   393.37
     symmetry            a        a        a        a        a        a   
        IR               YES      YES      YES      YES      YES      YES
intensity (km/mol)       0.31    18.26     7.44    14.68    12.41    45.29
intensity (  %   )       0.04     2.04     0.83     1.64     1.39     5.06
       RAMAN             YES      YES      YES      YES      YES      YES
       mode              25       26       27       28       29       30
     frequency         405.43   477.65   484.83   538.03   541.18   559.98
     symmetry            a        a        a        a        a        a   
        IR               YES      YES      YES      YES      YES      YES
intensity (km/mol)      11.59     2.34    17.34     5.47    16.84     4.66
intensity (  %   )       1.29     0.26     1.94     0.61     1.88     0.52
       RAMAN             YES      YES      YES      YES      YES      YES
       mode              31       32       33       34       35       36
     frequency         562.10   585.24   604.83   616.55   628.15   694.22
     symmetry            a        a        a        a        a        a   
        IR               YES      YES      YES      YES      YES      YES
intensity (km/mol)       9.49    29.83    22.89    13.52    39.04    58.39
intensity (  %   )       1.06     3.33     2.56     1.51     4.36     6.52
       RAMAN             YES      YES      YES      YES      YES      YES
       mode              37       38       39       40       41       42
     frequency         695.99   723.37   730.57   754.00   758.60   809.47
     symmetry            a        a        a        a        a        a   
        IR               YES      YES      YES      YES      YES      YES
intensity (km/mol)      43.19     2.56     9.17    11.78    17.11     0.32
intensity (  %   )       4.82     0.29     1.02     1.32     1.91     0.04
       RAMAN             YES      YES      YES      YES      YES      YES
       mode              43       44       45       46       47       48
     frequency         811.28   937.84   953.93   985.02   991.91  1024.34
     symmetry            a        a        a        a        a        a   
        IR               YES      YES      YES      YES      YES      YES
intensity (km/mol)       0.67     1.59     2.33     2.18     5.00     0.62
intensity (  %   )       0.07     0.18     0.26     0.24     0.56     0.07
       RAMAN             YES      YES      YES      YES      YES      YES
       mode              49       50       51       52       53       54
     frequency        1030.13  1130.97  1133.20  1144.76  1148.35  1225.95
     symmetry            a        a        a        a        a        a   
        IR               YES      YES      YES      YES      YES      YES
intensity (km/mol)       4.19     5.23    27.41     4.48     4.00    14.10
intensity (  %   )       0.47     0.58     3.06     0.50     0.45     1.57
       RAMAN             YES      YES      YES      YES      YES      YES
       mode              55       56       57       58       59       60
     frequency        1226.51  1335.76  1337.51  1395.15  1399.77  1459.07
     symmetry            a        a        a        a        a        a   
        IR               YES      YES      YES      YES      YES      YES
intensity (km/mol)      65.50     1.58    37.46     9.84     4.57    39.98
intensity (  %   )       7.31     0.18     4.18     1.10     0.51     4.46
       RAMAN             YES      YES      YES      YES      YES      YES
       mode              61       62       63       64       65       66
     frequency        1472.70  1570.04  1571.31  1609.18  1612.09  1672.71
     symmetry            a        a        a        a        a        a   
        IR               YES      YES      YES      YES      YES      YES
intensity (km/mol)      53.21    16.64    35.65   314.59    61.41   175.90
intensity (  %   )       5.94     1.86     3.98    35.12     6.86    19.64
       RAMAN             YES      YES      YES      YES      YES      YES
       mode              67       68       69       70       71       72
     frequency        1675.91  1731.10  1738.62  1771.55  1799.93  3257.78
     symmetry            a        a        a        a        a        a   
        IR               YES      YES      YES      YES      YES      YES
intensity (km/mol)      50.65   120.38   895.70   510.99   719.16     1.72
intensity (  %   )       5.66    13.44   100.00    57.05    80.29     0.19
       RAMAN             YES      YES      YES      YES      YES      YES
       mode              73       74       75       76       77       78
     frequency        3288.90  3303.14  3311.40  3581.52  3670.94  3694.07
     symmetry            a        a        a        a        a        a   
        IR               YES      YES      YES      YES      YES      YES
intensity (km/mol)       5.22     4.50     3.37   331.68   203.23   127.23
intensity (  %   )       0.58     0.50     0.38    37.03    22.69    14.20
       RAMAN             YES      YES      YES      YES      YES      YES
       mode              79       80       81
     frequency        3720.12  3813.67  3831.91
     symmetry            a        a        a   
        IR               YES      YES      YES
intensity (km/mol)     168.79   154.66   110.03
intensity (  %   )      18.84    17.27    12.28
       RAMAN             YES      YES      YES

#############################################################
#                END OF NumForce                            #
#############################################################
 date: Thu 7 Dec 17:55:04 MSK 2023
