
 ruecker (saturn) : TURBOMOLE rev. V7-7-1 compiled 3 Feb 2023 at 10:04:44
 Copyright (C) 2023 TURBOMOLE GmbH, Karlsruhe


    2025-11-11 16:04:02.600 


 symmetry group of the molecule :   td

 the group has the following generators :
   s4(z)
   c3(1,1,1)

   24 symmetry operations found
 number of atoms                     5
 TYPE central IS USED.
 number of displacements                    30
 xp01.coord      is written
 xm01.coord      is written
 yp01.coord      is written
 ym01.coord      is written
 zp01.coord      is written
 zm01.coord      is written
 xp02.coord      is written
 xm02.coord      is written
 yp02.coord      is written
 ym02.coord      is written
 zp02.coord      is written
 zm02.coord      is written
 number of displacement is reduced by symmetry;
 number of symm.-non-redundant displacements:                    12
 ndisp set to                    12


    ------------------------------------------------------------------------
         total  cpu-time :   0.03 seconds
         total wall-time :   0.03 seconds
    ------------------------------------------------------------------------

   ****  ruecker : all done  ****


    2025-11-11 16:04:02.604 

