nohup: ignoring input

   OpenMP run-time library returned nthreads = 16

 data group $actual step is not empty 
 due to the abend of ricc2


 ricc2 (saturn) : TURBOMOLE rev. V7-7-1 compiled 3 Feb 2023 at 10:13:59
 Copyright (C) 2023 TURBOMOLE GmbH, Karlsruhe


    2025-11-19 21:56:18.339 



                              R I C C 2 - PROGRAM

                          the quantum chemistry groups
                             at the universities in
                               Karlsruhe & Bochum
                                   Germany



   *-----------------------------------------------------------------------*
   |                     program will use 16 thread(s)                     |
   *-----------------------------------------------------------------------*


              +--------------------------------------------------+
              | Atomic coordinate, charge and isotop information |
              +--------------------------------------------------+

                    atomic coordinates            atom    charge  isotop
         -1.66105114   -1.98472509   -1.52782110    cu    29.000     0
          6.08226401   -1.48780300    2.37137488    s     16.000     0
          4.86919574   -0.12808469    5.30088082    c      6.000     0
          3.48548376   -1.38036134    6.18939688    h      1.000     0
          3.91740958    1.67302202    4.95137273    h      1.000     0
          6.40265926    0.20437568    6.65550010    h      1.000     0
         -5.44294404   -1.86716842   -3.42228350    s     16.000     0
         -5.07278539    1.19581880   -4.96614636    c      6.000     0
         -6.76293874    1.68309139   -6.06295968    h      1.000     0
         -3.45134410    1.19567764   -6.24803013    h      1.000     0
         -4.74886575    2.69642897   -3.58221721    h      1.000     0
          2.38291681   -1.80027196    0.34093257    cu    29.000     0
 
       center of nuclear mass  :    0.28359935   -1.48739139   -0.46625692
       center of nuclear charge:    0.26651935   -1.39783165   -0.43817441

              +--------------------------------------------------+
              |               basis set information              |
              +--------------------------------------------------+

              we will work with the 1s 3p 5d 7f 9g ... basis set
              ...i.e. with spherical basis functions...

   type   atoms  prim   cont   basis
   ---------------------------------------------------------------------------
    cu       2    174    100   def2-QZVPP   [11s6p5d4f2g|24s18p10d4f2g]
    s        2    105     70   def2-QZVP   [9s6p4d2f1g|20s14p4d2f1g]
    c        2     77     57   def2-QZVP   [7s4p3d2f1g|15s8p3d2f1g]
    h        6      7      5   def2-SVP   [2s1p|4s1p]
   ---------------------------------------------------------------------------
   total:   12    754    484
   ---------------------------------------------------------------------------

   total number of primitive shells          :  133
   total number of contracted shells         :  152
   total number of cartesian basis functions :  604
   total number of SCF-basis functions       :  484


 symmetry group of the molecule :   c1 

 the group has the following generators :
   c1(z)

    1 symmetry operations found

 there are 1 real representations :   a   


   =========================================================================


     restricted closed shell calculation for the wavefunction models:
               ADC(2)     - Algebraic Diagrammatic Construction to 2. Order (strict)


     global parameters for ricc2 program:

        hard restart (reuse of interm.) :  enabled 
        soft restart (reuse of vectors) :  enabled 
        threshold for vector function   :     1.000E-06
        convergence threshold energy    :     1.000E-07
        linear dependence threshold     :     1.000E-14
        global print level              :      1
        maximum number of iterations    :    30
        maximum number DIIS vectors     :    10
        max. dim. of reduced space      :   100
        core memory limit (MB)          :  8000
                ... per thread (MB)     :   500
 

     Scratch Directory : 


   =========================================================================

    der. integral neglect threshold  :  0.10E-07
    integral neglect threshold       :  0.55E-11
    integral storage threshold THIZE :  0.10E-04
    integral storage threshold THIME :         5


                  +------------------------------------------+
                  |     Auxiliary basis set information      |
                  +------------------------------------------+

              we will work with the 1s 3p 5d 7f 9g ... basis set
              ...i.e. with spherical basis functions...

   type   atoms  prim   cont   basis
   ---------------------------------------------------------------------------
    cu       2    316    316   def2-QZVPP   [15s13p11d9f7g5h2i|15s13p11d9f7g5h2i]
    s        2    167    167   def2-QZVP   [12s10p9d6f3g1h|12s10p9d6f3g1h]
    c        2    141    141   def2-QZVP   [9s8p7d5f3g1h|9s8p7d5f3g1h]
    h        6     23     14   def2-SVP   [3s2p1d|4s3p2d]
   ---------------------------------------------------------------------------
   total:   12   1386   1332
   ---------------------------------------------------------------------------

   total number of primitive shells          :  145
   total number of contracted shells         :  308
   total number of cartesian basis functions : 1868
   total number of SCF-basis functions       : 1332


 maximum number of shells which are related by symmetry :  1



     restored sucessfully symmetry projectors
     skipped calculation of symmetry projectors

 The symmetry information takes   1 MB

*---------------------------------------------------------------------*
|               simplified C1 algorithm will be applied               |
*---------------------------------------------------------------------*
  MOs are in ASCII format !


 reading orbital data $scfmo  from file mos
 orbital characterization : scfconv=7
 time elapsed for calculating density matrices :   0.438 sec
 all orbitals will be active in the correlation treatment


   Molecular Orbital Statistic:
   ============================

   -----------------------------
   orbitals in total:
   -----------------------------
    frozen occupied :      0
    active occupied :     55
    active virtual  :    429
    frozen virtual  :      0
    all together    :    484
   -----------------------------


     time in riccmos       cpu:  2.84 sec    wall:  0.23 sec    ratio: 12.3

     total memory allocated for calculation of (Q|P)**(-1/2) : 21 MiB


     calculation of (P|Q)**(-1/2) is skipped because it was found on file

   threshold for RMS(d[D]) in SCF was     :  0.10E-06
   integral neglect threshold             :  0.55E-11
   derivative integral neglect threshold  :  0.10E-07


 setting up bound for integral derivative estimation

 increment for numerical differentiation : 0.00050000

   =========================================================================

     Energy of reference wave function is -4152.2729871550000
     Maximum orbital residual is           0.1041567638615E-05


     Number of symmetry-nonredundant auxiliary basis functions:     1332

     Block lengths for integral files:
        frozen occupied (BOI):        0 MiB
        active occupied (BJI):        1 MiB
        active virtual  (BAI):        5 MiB
        frozen virtual  (BGI):        0 MiB
               general  (BTI):        5 MiB

   =========================================================================




   calculation of zero-order integrals is skipped because they were already
   available on disk

   restarted calculation begins with wavefunction model nb. 1 which is ADC(2)  


   **************************************************************************
   *                                                                        *
   *          OPTIMIZATION OF THE GROUND STATE CLUSTER AMPLITUDES           *
   *                                                                        *
   **************************************************************************


   Iter.   MP2 energy       Norm(Omega)   Norm(t1)  Norm(t2)     cpu    wall
   ...........................................................................
    1  -4155.4761061713    0.2634572945     0.00000   0.46406    4.56    0.32
   ...........................................................................


     time in total         cpu:  4 min 34 s  wall: 19.36 sec    ratio: 14.1


     **********************************************************************
     *                                                                    *
     *   RHF  energy                             :  -4152.2729871550      *
     *   MP2 correlation energy                  :     -3.2031190163      *
     *                                                                    *
     *   Final MP2 energy                        :  -4155.4761061713      *
     *                                                                    *
     *   Norm of MP1 T2 amplitudes               :      0.4640559727      *
     *                                                                    *
     *   D1 diagnostic                           :      0.1045            *
     *                                                                    *
     **********************************************************************



 **************************************************************
 *                                                            *
 *    OPTIMIZATION OF THE EXCITED STATE CLUSTER AMPLITUDES    *
 *                                                            *
 **************************************************************

  ----------------------------------------------------------------------------
  hard_restart flag is disabled because the check sum for the
  vector "CCRE0-1--1---1  " differs from the reference value:
  reference value:     6.24731023139714    
  computed value :     6.24712504324527    
  relative error :    0.296428614897575E-04
  tolerance      :    0.100000000000000E-11
  the calculation will proceed...
  ----------------------------------------------------------------------------



 solve for ADC(2) excitation energies/vectors using a DIIS algorithm:
 =================================================================


 ========= DIIS CC RESPONSE SOLVER =========

    threshold for convergence: 1.00E-06
    max. nb. of DIIS vectors :      10
    maximum number of simultaneous Jacobi matrix transformations: 10
                                                
     summary of start vectors generation:
     -------------------------------------------
     type of solution vectors      : RE0
     symmetry                      : a  
     number of vectors requested   :    10
     number of vectors generated   :    10
       -- restarted from file      :    10
     -------------------------------------------
                                                

    Iter  #Vectors  time (min)   residual
    --------------------------------------
      1      10         3.81     0.13E-03  (  6)    0.39E+00
      2       5         2.02     0.87E-04  (  6)    0.72E-01
      3       5         1.96     0.33E-04  (  6)    0.10E+00
      4       5         2.06     0.25E-04  (  6)    0.60E-02
      5       5         2.02     0.83E-05  (  6)    0.11E-03
      6       4         1.64     0.55E-05  (  6)    0.19E-02
      7       3         1.32     0.28E-05  (  8)    0.18E-02
      8       3         1.39     0.25E-05  (  8)    0.87E-02
      9       3         1.25     0.28E-05  (  8)    0.49E-01
     10       2         1.11     0.13E-05  (  8)    0.15E-02
     11       1         0.71     0.10E-05  (  8)    0.14E-02
     12       1         0.53     0.76E-06  (  8)    0.24E-04
    --------------------------------------
    converged in  12 iterations

   Total time         19.80 minutes


 ===========================================





 +================================================================================+
 | sym | multi | state |          ADC(2) excitation energies    |  %t1   |  %t2   |
 |     |       |       +----------------------------------------+--------+--------+
 |     |       |       |   Hartree    |    eV      |    cm-1    |    %   |    %   |
 +================================================================================+
 | a   |   1   |   1   |   -0.0268246 |   -0.72994 |  -5887.324 |  81.68 |  18.32 |
 | a   |   1   |   2   |   -0.0265426 |   -0.72226 |  -5825.427 |  81.50 |  18.50 |
 | a   |   1   |   3   |   -0.0264407 |   -0.71949 |  -5803.071 |  81.61 |  18.39 |
 | a   |   1   |   4   |   -0.0252241 |   -0.68638 |  -5536.053 |  81.60 |  18.40 |
 | a   |   1   |   5   |   -0.0219459 |   -0.59718 |  -4816.576 |  82.31 |  17.69 |
 | a   |   1   |   6   |   -0.0213020 |   -0.57966 |  -4675.259 |  82.32 |  17.68 |
 | a   |   1   |   7   |   -0.0123373 |   -0.33571 |  -2707.722 |  81.73 |  18.27 |
 | a   |   1   |   8   |   -0.0123081 |   -0.33492 |  -2701.324 |  81.73 |  18.27 |
 | a   |   1   |   9   |   -0.0118200 |   -0.32164 |  -2594.196 |  81.73 |  18.27 |
 | a   |   1   |  10   |   -0.0117761 |   -0.32044 |  -2584.563 |  81.73 |  18.27 |
 +================================================================================+


       Energy:    -0.0268246 H     -0.72994 eV    -5887.324 cm-1

     +=======================================================================+
     | type: RE0                    symmetry: a               state:    1    |
     +-----------------------+-----------------------+-----------------------+
     | occ. orb.  index spin | vir. orb.  index spin |  coeff/|amp|     %    |
     +=======================+=======================+=======================+
     |   49 a       49       |   56 a       56       |  -0.58543      34.3   |
     |   48 a       48       |   57 a       57       |   0.42062      17.7   |
     |   43 a       43       |   56 a       56       |  -0.38254      14.6   |
     |   50 a       50       |   57 a       57       |   0.26521       7.0   |
     |   53 a       53       |   56 a       56       |  -0.23798       5.7   |
     |   42 a       42       |   57 a       57       |   0.22957       5.3   |
     |   54 a       54       |   57 a       57       |   0.19784       3.9   |
     |   49 a       49       |   66 a       66       |   0.09928       1.0   |
     |   41 a       41       |   56 a       56       |   0.07776       0.6   |
     |   48 a       48       |   67 a       67       |   0.07605       0.6   |
     |   49 a       49       |   68 a       68       |  -0.07302       0.5   |
     |   49 a       49       |   70 a       70       |   0.07175       0.5   |
     |   42 a       42       |   60 a       60       |   0.07137       0.5   |
     |   49 a       49       |   58 a       58       |  -0.06791       0.5   |
     |   51 a       51       |   56 a       56       |  -0.06344       0.4   |
     |   43 a       43       |   66 a       66       |   0.06103       0.4   |
     |   43 a       43       |   70 a       70       |   0.05849       0.3   |
     |   49 a       49       |   72 a       72       |   0.05836       0.3   |
     |   39 a       39       |   56 a       56       |   0.05333       0.3   |
     |   48 a       48       |   69 a       69       |   0.05291       0.3   |
     +=======================+=======================+=======================+
     norm of printed elements:  0.94688


       Energy:    -0.0265426 H     -0.72226 eV    -5825.427 cm-1

     +=======================================================================+
     | type: RE0                    symmetry: a               state:    2    |
     +-----------------------+-----------------------+-----------------------+
     | occ. orb.  index spin | vir. orb.  index spin |  coeff/|amp|     %    |
     +=======================+=======================+=======================+
     |   48 a       48       |   57 a       57       |   0.55803      31.1   |
     |   49 a       49       |   56 a       56       |   0.48776      23.8   |
     |   50 a       50       |   57 a       57       |   0.38821      15.1   |
     |   43 a       43       |   56 a       56       |   0.25235       6.4   |
     |   54 a       54       |   57 a       57       |   0.22537       5.1   |
     |   42 a       42       |   57 a       57       |   0.19958       4.0   |
     |   53 a       53       |   56 a       56       |   0.15873       2.5   |
     |   40 a       40       |   57 a       57       |   0.11667       1.4   |
     |   48 a       48       |   67 a       67       |   0.10390       1.1   |
     |   49 a       49       |   66 a       66       |  -0.08260       0.7   |
     |   50 a       50       |   67 a       67       |   0.07049       0.5   |
     |   48 a       48       |   69 a       69       |   0.06964       0.5   |
     |   39 a       39       |   56 a       56       |  -0.06712       0.5   |
     |   49 a       49       |   70 a       70       |  -0.06657       0.4   |
     |   42 a       42       |   60 a       60       |  -0.06291       0.4   |
     |   48 a       48       |   71 a       71       |   0.06279       0.4   |
     |   49 a       49       |   68 a       68       |   0.06188       0.4   |
     |   41 a       41       |   61 a       61       |   0.05979       0.4   |
     |   49 a       49       |   58 a       58       |   0.05578       0.3   |
     |   43 a       43       |   61 a       61       |  -0.05489       0.3   |
     +=======================+=======================+=======================+
     norm of printed elements:  0.95094


       Energy:    -0.0264407 H     -0.71949 eV    -5803.071 cm-1

     +=======================================================================+
     | type: RE0                    symmetry: a               state:    3    |
     +-----------------------+-----------------------+-----------------------+
     | occ. orb.  index spin | vir. orb.  index spin |  coeff/|amp|     %    |
     +=======================+=======================+=======================+
     |   48 a       48       |   56 a       56       |   0.68610      47.1   |
     |   50 a       50       |   56 a       56       |   0.46877      22.0   |
     |   42 a       42       |   56 a       56       |   0.30798       9.5   |
     |   54 a       54       |   56 a       56       |   0.30111       9.1   |
     |   40 a       40       |   56 a       56       |   0.12098       1.5   |
     |   48 a       48       |   66 a       66       |  -0.11233       1.3   |
     |   48 a       48       |   70 a       70       |  -0.08603       0.7   |
     |   48 a       48       |   68 a       68       |   0.08361       0.7   |
     |   48 a       48       |   58 a       58       |   0.07791       0.6   |
     |   50 a       50       |   66 a       66       |  -0.07563       0.6   |
     |   41 a       41       |   60 a       60       |   0.07392       0.5   |
     |   43 a       43       |   57 a       57       |  -0.06724       0.5   |
     |   48 a       48       |   72 a       72       |  -0.06696       0.4   |
     |   43 a       43       |   60 a       60       |  -0.06338       0.4   |
     |   41 a       41       |   57 a       57       |   0.05973       0.4   |
     +=======================+=======================+=======================+
     norm of printed elements:  0.95149


       Energy:    -0.0252241 H     -0.68638 eV    -5536.053 cm-1

     +=======================================================================+
     | type: RE0                    symmetry: a               state:    4    |
     +-----------------------+-----------------------+-----------------------+
     | occ. orb.  index spin | vir. orb.  index spin |  coeff/|amp|     %    |
     +=======================+=======================+=======================+
     |   49 a       49       |   57 a       57       |   0.76423      58.4   |
     |   43 a       43       |   57 a       57       |   0.46179      21.3   |
     |   53 a       53       |   57 a       57       |   0.29006       8.4   |
     |   49 a       49       |   67 a       67       |   0.13514       1.8   |
     |   49 a       49       |   69 a       69       |   0.09385       0.9   |
     |   42 a       42       |   61 a       61       |  -0.09346       0.9   |
     |   43 a       43       |   67 a       67       |   0.08419       0.7   |
     |   51 a       51       |   57 a       57       |   0.08393       0.7   |
     |   49 a       49       |   71 a       71       |   0.08228       0.7   |
     |   39 a       39       |   57 a       57       |  -0.08208       0.7   |
     |   48 a       48       |   56 a       56       |   0.06354       0.4   |
     |   47 a       47       |   57 a       57       |   0.06099       0.4   |
     +=======================+=======================+=======================+
     norm of printed elements:  0.95263


       Energy:    -0.0219459 H     -0.59718 eV    -4816.576 cm-1

     +=======================================================================+
     | type: RE0                    symmetry: a               state:    5    |
     +-----------------------+-----------------------+-----------------------+
     | occ. orb.  index spin | vir. orb.  index spin |  coeff/|amp|     %    |
     +=======================+=======================+=======================+
     |   50 a       50       |   56 a       56       |  -0.58369      34.1   |
     |   52 a       52       |   56 a       56       |   0.54509      29.7   |
     |   48 a       48       |   56 a       56       |   0.45380      20.6   |
     |   40 a       40       |   56 a       56       |  -0.18889       3.6   |
     |   42 a       42       |   56 a       56       |  -0.09762       1.0   |
     |   50 a       50       |   66 a       66       |   0.09589       0.9   |
     |   52 a       52       |   66 a       66       |  -0.08408       0.7   |
     |   48 a       48       |   66 a       66       |  -0.07525       0.6   |
     |   50 a       50       |   70 a       70       |   0.07230       0.5   |
     |   50 a       50       |   68 a       68       |  -0.07037       0.5   |
     |   52 a       52       |   70 a       70       |  -0.06464       0.4   |
     |   52 a       52       |   68 a       68       |   0.06380       0.4   |
     |   50 a       50       |   58 a       58       |  -0.06323       0.4   |
     |   51 a       51       |   60 a       60       |   0.06138       0.4   |
     |   52 a       52       |   58 a       58       |   0.06004       0.4   |
     |   50 a       50       |   72 a       72       |   0.05816       0.3   |
     |   48 a       48       |   70 a       70       |  -0.05754       0.3   |
     |   48 a       48       |   68 a       68       |   0.05563       0.3   |
     |   41 a       41       |   60 a       60       |   0.05498       0.3   |
     +=======================+=======================+=======================+
     norm of printed elements:  0.95349


       Energy:    -0.0213020 H     -0.57966 eV    -4675.259 cm-1

     +=======================================================================+
     | type: RE0                    symmetry: a               state:    6    |
     +-----------------------+-----------------------+-----------------------+
     | occ. orb.  index spin | vir. orb.  index spin |  coeff/|amp|     %    |
     +=======================+=======================+=======================+
     |   50 a       50       |   57 a       57       |  -0.59044      34.9   |
     |   52 a       52       |   57 a       57       |   0.54871      30.1   |
     |   48 a       48       |   57 a       57       |   0.44954      20.2   |
     |   40 a       40       |   57 a       57       |  -0.18856       3.6   |
     |   42 a       42       |   57 a       57       |  -0.10756       1.2   |
     |   50 a       50       |   67 a       67       |  -0.10459       1.1   |
     |   52 a       52       |   67 a       67       |   0.09182       0.8   |
     |   48 a       48       |   67 a       67       |   0.08129       0.7   |
     |   50 a       50       |   69 a       69       |  -0.07131       0.5   |
     |   52 a       52       |   69 a       69       |   0.06467       0.4   |
     |   50 a       50       |   71 a       71       |  -0.06323       0.4   |
     |   51 a       51       |   61 a       61       |   0.06076       0.4   |
     |   48 a       48       |   69 a       69       |   0.05644       0.3   |
     |   52 a       52       |   71 a       71       |   0.05588       0.3   |
     |   41 a       41       |   61 a       61       |   0.05297       0.3   |
     +=======================+=======================+=======================+
     norm of printed elements:  0.95096


       Energy:    -0.0123373 H     -0.33571 eV    -2707.722 cm-1

     +=======================================================================+
     | type: RE0                    symmetry: a               state:    7    |
     +-----------------------+-----------------------+-----------------------+
     | occ. orb.  index spin | vir. orb.  index spin |  coeff/|amp|     %    |
     +=======================+=======================+=======================+
     |   47 a       47       |   56 a       56       |  -0.88773      78.8   |
     |   45 a       45       |   57 a       57       |   0.28889       8.3   |
     |   47 a       47       |   66 a       66       |   0.15087       2.3   |
     |   45 a       45       |   60 a       60       |   0.13631       1.9   |
     |   47 a       47       |   70 a       70       |   0.12515       1.6   |
     |   47 a       47       |   68 a       68       |  -0.11634       1.4   |
     |   47 a       47       |   58 a       58       |  -0.09924       1.0   |
     +=======================+=======================+=======================+
     norm of printed elements:  0.95191


       Energy:    -0.0123081 H     -0.33492 eV    -2701.324 cm-1

     +=======================================================================+
     | type: RE0                    symmetry: a               state:    8    |
     +-----------------------+-----------------------+-----------------------+
     | occ. orb.  index spin | vir. orb.  index spin |  coeff/|amp|     %    |
     +=======================+=======================+=======================+
     |   46 a       46       |   56 a       56       |   0.89283      79.7   |
     |   44 a       44       |   57 a       57       |  -0.28704       8.2   |
     |   46 a       46       |   66 a       66       |  -0.15177       2.3   |
     |   44 a       44       |   60 a       60       |  -0.13694       1.9   |
     |   46 a       46       |   70 a       70       |  -0.12578       1.6   |
     |   46 a       46       |   68 a       68       |   0.11696       1.4   |
     +=======================+=======================+=======================+
     norm of printed elements:  0.95083


       Energy:    -0.0118200 H     -0.32164 eV    -2594.196 cm-1

     +=======================================================================+
     | type: RE0                    symmetry: a               state:    9    |
     +-----------------------+-----------------------+-----------------------+
     | occ. orb.  index spin | vir. orb.  index spin |  coeff/|amp|     %    |
     +=======================+=======================+=======================+
     |   47 a       47       |   57 a       57       |   0.87879      77.2   |
     |   45 a       45       |   56 a       56       |  -0.32914      10.8   |
     |   47 a       47       |   67 a       67       |   0.16244       2.6   |
     |   45 a       45       |   61 a       61       |  -0.13085       1.7   |
     |   47 a       47       |   69 a       69       |   0.11978       1.4   |
     |   47 a       47       |   71 a       71       |   0.10178       1.0   |
     |   43 a       43       |   57 a       57       |  -0.08317       0.7   |
     +=======================+=======================+=======================+
     norm of printed elements:  0.95573


       Energy:    -0.0117761 H     -0.32044 eV    -2584.563 cm-1

     +=======================================================================+
     | type: RE0                    symmetry: a               state:   10    |
     +-----------------------+-----------------------+-----------------------+
     | occ. orb.  index spin | vir. orb.  index spin |  coeff/|amp|     %    |
     +=======================+=======================+=======================+
     |   46 a       46       |   57 a       57       |   0.88378      78.1   |
     |   44 a       44       |   56 a       56       |  -0.32842      10.8   |
     |   46 a       46       |   67 a       67       |   0.16314       2.7   |
     |   44 a       44       |   61 a       61       |  -0.13142       1.7   |
     |   46 a       46       |   69 a       69       |   0.12068       1.5   |
     |   46 a       46       |   71 a       71       |   0.10215       1.0   |
     +=======================+=======================+=======================+
     norm of printed elements:  0.95780



     Info: copy ADC(2) right eigenvectors into left eigenvector files.


                    ========   CC DENSITY MODULE   ========

                      current wave-function model: ADC(2)  

  calculating overlap between   10 left and right vector(s)
    density nr.      cpu/min        wall/min    L     R
   ------------------------------------------------------
         1             6.17            0.43    LE0    RE0 
         2             6.07            0.44    LE0    RE0 
         3             6.06            0.43    LE0    RE0 
         4             5.96            0.42    LE0    RE0 
         5             6.41            0.47    LE0    RE0 
         6             5.99            0.43    LE0    RE0 
         7             5.81            0.40    LE0    RE0 
         8             5.83            0.41    LE0    RE0 
         9             6.12            0.45    LE0    RE0 
        10             5.80            0.41    LE0    RE0 
   ------------------------------------------------------
     time in cc_1den       cpu:  1 h  0 min  wall:  4 min 18 s  ratio: 14.0



     +==========================================================+
     |   contributions of excitation levels to excited states   |
     |     wavefunctions as computed from the <L|R> overlap     |
     +----------------------------------------------------------+
     | sym | multi | state |    E / eV  | % singles | % doubles |
     +==========================================================+
     | a   |   1   |   1   |   -0.72994 |   81.68   |   18.32   |
     | a   |   1   |   2   |   -0.72226 |   81.50   |   18.50   |
     | a   |   1   |   3   |   -0.71949 |   81.61   |   18.39   |
     | a   |   1   |   4   |   -0.68638 |   81.60   |   18.40   |
     | a   |   1   |   5   |   -0.59718 |   82.31   |   17.69   |
     | a   |   1   |   6   |   -0.57966 |   82.32   |   17.68   |
     | a   |   1   |   7   |   -0.33571 |   81.73   |   18.27   |
     | a   |   1   |   8   |   -0.33492 |   81.73   |   18.27   |
     | a   |   1   |   9   |   -0.32164 |   81.73   |   18.27   |
     | a   |   1   |  10   |   -0.32044 |   81.73   |   18.27   |
     +==========================================================+



      The semi-canonical algorithm will be used for densities


                    ========   CC DENSITY MODULE   ========

                      current wave-function model: ADC(2)  

  calculating    10 xi densities

   a semicanonical algorithm will be used when possible

    density nr.      cpu/min        wall/min    L     R
   ------------------------------------------------------
         1             9.68            0.82    LE0    R0  
         2             9.58            0.79    LE0    R0  
         3             9.94            0.84    LE0    R0  
         4            10.18            0.85    LE0    R0  
         5            10.33            0.85    LE0    R0  
         6            10.29            0.87    LE0    R0  
         7             9.85            0.83    LE0    R0  
         8             9.63            0.81    LE0    R0  
         9             9.87            0.84    LE0    R0  
        10             9.70            0.81    LE0    R0  
   ------------------------------------------------------
     time in cc_1den       cpu:  1 h 39 min  wall:  8 min 20 s  ratio: 11.9


 **************************************************************
 *                                                            *
 *<<<<<<<<<<<<  ONE-PHOTON ABSORPTION STRENGTHS  >>>>>>>>>>>>>*
 *                                                            *
 **************************************************************


  +=========================================================================+
  |  Transition                                             model: ADC(2)   |
  |    number, symmetry, multiplicity:    1 a    1                          |
  |    frequency :  -0.0268246242 a.u.    -0.72994 e.V.     -5887.3 rcm     |
  +=========================================================================+

     +-----------+-----------------+-----------------+---------------------+
     | operator  |   left moment   |  right moment   | transition strength |
     +-----------+-----------------+-----------------+---------------------+
     | xdiplen   |     -0.05753896 |     -0.05753896 |       0.00331073    |
     | ydiplen   |      0.01466466 |      0.01466466 |       0.00021505    |
     | zdiplen   |     -0.08169176 |     -0.08169176 |       0.00667354    |
     | xdipvel   |     -0.01429180 |      0.01429180 |       0.00020426    |
     | ydipvel   |     -0.00027624 |      0.00027624 |       0.00000008    |
     | zdipvel   |     -0.00779486 |      0.00779486 |       0.00006076    |
     +-----------+-----------------+-----------------+---------------------+
 
       oscillator strength (length gauge)   :     -0.00018240
       oscillator strength (velocity gauge) :     -0.00658827
       oscillator strength (mixed gauge)    :      0.00097004
 
 


  +=========================================================================+
  |  Transition                                             model: ADC(2)   |
  |    number, symmetry, multiplicity:    2 a    1                          |
  |    frequency :  -0.0265426000 a.u.    -0.72226 e.V.     -5825.4 rcm     |
  +=========================================================================+

     +-----------+-----------------+-----------------+---------------------+
     | operator  |   left moment   |  right moment   | transition strength |
     +-----------+-----------------+-----------------+---------------------+
     | xdiplen   |      0.54872915 |      0.54872915 |       0.30110368    |
     | ydiplen   |     -0.01730335 |     -0.01730335 |       0.00029941    |
     | zdiplen   |      0.38879817 |      0.38879817 |       0.15116402    |
     | xdipvel   |      0.10143497 |     -0.10143497 |       0.01028905    |
     | ydipvel   |      0.00133594 |     -0.00133594 |       0.00000178    |
     | zdipvel   |      0.05737318 |     -0.05737318 |       0.00329168    |
     +-----------+-----------------+-----------------+---------------------+
 
       oscillator strength (length gauge)   :     -0.00800821
       oscillator strength (velocity gauge) :     -0.34115019
       oscillator strength (mixed gauge)    :      0.05196253
 
 


  +=========================================================================+
  |  Transition                                             model: ADC(2)   |
  |    number, symmetry, multiplicity:    3 a    1                          |
  |    frequency :  -0.0264407361 a.u.    -0.71949 e.V.     -5803.1 rcm     |
  +=========================================================================+

     +-----------+-----------------+-----------------+---------------------+
     | operator  |   left moment   |  right moment   | transition strength |
     +-----------+-----------------+-----------------+---------------------+
     | xdiplen   |     -0.00322293 |     -0.00322293 |       0.00001039    |
     | ydiplen   |      0.01632773 |      0.01632773 |       0.00026659    |
     | zdiplen   |      0.00508957 |      0.00508957 |       0.00002590    |
     | xdipvel   |     -0.00041996 |      0.00041996 |       0.00000018    |
     | ydipvel   |      0.00212590 |     -0.00212590 |       0.00000452    |
     | zdipvel   |      0.00065425 |     -0.00065425 |       0.00000043    |
     +-----------+-----------------+-----------------+---------------------+
 
       oscillator strength (length gauge)   :     -0.00000534
       oscillator strength (velocity gauge) :     -0.00012919
       oscillator strength (mixed gauge)    :      0.00002626
 
 


  +=========================================================================+
  |  Transition                                             model: ADC(2)   |
  |    number, symmetry, multiplicity:    4 a    1                          |
  |    frequency :  -0.0252241149 a.u.    -0.68638 e.V.     -5536.1 rcm     |
  +=========================================================================+

     +-----------+-----------------+-----------------+---------------------+
     | operator  |   left moment   |  right moment   | transition strength |
     +-----------+-----------------+-----------------+---------------------+
     | xdiplen   |     -0.00882797 |     -0.00882797 |       0.00007793    |
     | ydiplen   |      0.04629581 |      0.04629581 |       0.00214330    |
     | zdiplen   |      0.01449936 |      0.01449936 |       0.00021023    |
     | xdipvel   |      0.00019796 |     -0.00019796 |       0.00000004    |
     | ydipvel   |     -0.00103785 |      0.00103785 |       0.00000108    |
     | zdipvel   |     -0.00032788 |      0.00032788 |       0.00000011    |
     +-----------+-----------------+-----------------+---------------------+
 
       oscillator strength (length gauge)   :     -0.00004089
       oscillator strength (velocity gauge) :     -0.00003235
       oscillator strength (mixed gauge)    :      0.00003637
 
 


  +=========================================================================+
  |  Transition                                             model: ADC(2)   |
  |    number, symmetry, multiplicity:    5 a    1                          |
  |    frequency :  -0.0219459361 a.u.    -0.59718 e.V.     -4816.6 rcm     |
  +=========================================================================+

     +-----------+-----------------+-----------------+---------------------+
     | operator  |   left moment   |  right moment   | transition strength |
     +-----------+-----------------+-----------------+---------------------+
     | xdiplen   |      0.00567284 |      0.00567284 |       0.00003218    |
     | ydiplen   |     -0.02970360 |     -0.02970360 |       0.00088230    |
     | zdiplen   |     -0.00933855 |     -0.00933855 |       0.00008721    |
     | xdipvel   |      0.00144364 |     -0.00144364 |       0.00000208    |
     | ydipvel   |     -0.00757191 |      0.00757191 |       0.00005733    |
     | zdipvel   |     -0.00237834 |      0.00237834 |       0.00000566    |
     +-----------+-----------------+-----------------+---------------------+
 
       oscillator strength (length gauge)   :     -0.00001466
       oscillator strength (velocity gauge) :     -0.00197681
       oscillator strength (mixed gauge)    :      0.00017021
 
 


  +=========================================================================+
  |  Transition                                             model: ADC(2)   |
  |    number, symmetry, multiplicity:    6 a    1                          |
  |    frequency :  -0.0213020458 a.u.    -0.57966 e.V.     -4675.3 rcm     |
  +=========================================================================+

     +-----------+-----------------+-----------------+---------------------+
     | operator  |   left moment   |  right moment   | transition strength |
     +-----------+-----------------+-----------------+---------------------+
     | xdiplen   |      0.07677018 |      0.07677018 |       0.00589366    |
     | ydiplen   |      0.01091997 |      0.01091997 |       0.00011925    |
     | zdiplen   |      0.01177792 |      0.01177792 |       0.00013872    |
     | xdipvel   |      0.01680155 |     -0.01680155 |       0.00028229    |
     | ydipvel   |      0.00317593 |     -0.00317593 |       0.00001009    |
     | zdipvel   |      0.00007788 |     -0.00007788 |       0.00000001    |
     +-----------+-----------------+-----------------+---------------------+
 
       oscillator strength (length gauge)   :     -0.00008736
       oscillator strength (velocity gauge) :     -0.00915044
       oscillator strength (mixed gauge)    :      0.00088364
 
 


  +=========================================================================+
  |  Transition                                             model: ADC(2)   |
  |    number, symmetry, multiplicity:    7 a    1                          |
  |    frequency :  -0.0123372900 a.u.    -0.33571 e.V.     -2707.7 rcm     |
  +=========================================================================+

     +-----------+-----------------+-----------------+---------------------+
     | operator  |   left moment   |  right moment   | transition strength |
     +-----------+-----------------+-----------------+---------------------+
     | xdiplen   |     -0.03230672 |     -0.03230672 |       0.00104372    |
     | ydiplen   |     -0.01594734 |     -0.01594734 |       0.00025432    |
     | zdiplen   |      0.03100618 |      0.03100618 |       0.00096138    |
     | xdipvel   |     -0.01211701 |      0.01211701 |       0.00014682    |
     | ydipvel   |     -0.00628657 |      0.00628657 |       0.00003952    |
     | zdipvel   |      0.01259646 |     -0.01259646 |       0.00015867    |
     +-----------+-----------------+-----------------+---------------------+
 
       oscillator strength (length gauge)   :     -0.00001858
       oscillator strength (velocity gauge) :     -0.01864342
       oscillator strength (mixed gauge)    :      0.00058819
 
 


  +=========================================================================+
  |  Transition                                             model: ADC(2)   |
  |    number, symmetry, multiplicity:    8 a    1                          |
  |    frequency :  -0.0123081392 a.u.    -0.33492 e.V.     -2701.3 rcm     |
  +=========================================================================+

     +-----------+-----------------+-----------------+---------------------+
     | operator  |   left moment   |  right moment   | transition strength |
     +-----------+-----------------+-----------------+---------------------+
     | xdiplen   |     -0.01044026 |     -0.01044026 |       0.00010900    |
     | ydiplen   |      0.05452208 |      0.05452208 |       0.00297266    |
     | zdiplen   |      0.01714768 |      0.01714768 |       0.00029404    |
     | xdipvel   |     -0.00374231 |      0.00374231 |       0.00001400    |
     | ydipvel   |      0.01954107 |     -0.01954107 |       0.00038185    |
     | zdipvel   |      0.00615085 |     -0.00615085 |       0.00003783    |
     +-----------+-----------------+-----------------+---------------------+
 
       oscillator strength (length gauge)   :     -0.00002770
       oscillator strength (velocity gauge) :     -0.02349075
       oscillator strength (mixed gauge)    :      0.00080664
 
 


  +=========================================================================+
  |  Transition                                             model: ADC(2)   |
  |    number, symmetry, multiplicity:    9 a    1                          |
  |    frequency :  -0.0118200277 a.u.    -0.32164 e.V.     -2594.2 rcm     |
  +=========================================================================+

     +-----------+-----------------+-----------------+---------------------+
     | operator  |   left moment   |  right moment   | transition strength |
     +-----------+-----------------+-----------------+---------------------+
     | xdiplen   |      0.01054838 |      0.01054838 |       0.00011127    |
     | ydiplen   |     -0.05510145 |     -0.05510145 |       0.00303617    |
     | zdiplen   |     -0.01738477 |     -0.01738477 |       0.00030223    |
     | xdipvel   |      0.00387951 |     -0.00387951 |       0.00001505    |
     | ydipvel   |     -0.02028039 |      0.02028039 |       0.00041129    |
     | zdipvel   |     -0.00639248 |      0.00639248 |       0.00004086    |
     +-----------+-----------------+-----------------+---------------------+
 
       oscillator strength (length gauge)   :     -0.00002718
       oscillator strength (velocity gauge) :     -0.02635124
       oscillator strength (mixed gauge)    :      0.00084636
 
 


  +=========================================================================+
  |  Transition                                             model: ADC(2)   |
  |    number, symmetry, multiplicity:   10 a    1                          |
  |    frequency :  -0.0117761366 a.u.    -0.32044 e.V.     -2584.6 rcm     |
  +=========================================================================+

     +-----------+-----------------+-----------------+---------------------+
     | operator  |   left moment   |  right moment   | transition strength |
     +-----------+-----------------+-----------------+---------------------+
     | xdiplen   |      0.03199645 |      0.03199645 |       0.00102377    |
     | ydiplen   |      0.02317041 |      0.02317041 |       0.00053687    |
     | zdiplen   |     -0.05432515 |     -0.05432515 |       0.00295122    |
     | xdipvel   |      0.01017003 |     -0.01017003 |       0.00010343    |
     | ydipvel   |      0.00837154 |     -0.00837154 |       0.00007008    |
     | zdipvel   |     -0.02047544 |      0.02047544 |       0.00041924    |
     +-----------+-----------------+-----------------+---------------------+
 
       oscillator strength (length gauge)   :     -0.00003542
       oscillator strength (velocity gauge) :     -0.03355690
       oscillator strength (mixed gauge)    :      0.00108781
 
 


    ------------------------------------------------------------------------
         total  cpu-time :  7 hours 27 minutes and 15 seconds
         total wall-time : 32 minutes and 48 seconds
    ------------------------------------------------------------------------

   ****  ricc2 : all done  ****


    2025-11-19 22:29:06.694 

 ricc2 ended normally
